Component: ARM Compiler 5.05 update 1 (build 106) Tool: armlink [4d0efa]

==============================================================================

Section Cross References

    stm32f4xx_hal_tim.o(i.HAL_TIM_Base_DeInit) refers to stm32f4xx_hal_tim.o(i.HAL_TIM_Base_MspDeInit) for HAL_TIM_Base_MspDeInit
    stm32f4xx_hal_tim.o(i.HAL_TIM_Base_Init) refers to stm32f4xx_hal_tim.o(i.HAL_TIM_Base_MspInit) for HAL_TIM_Base_MspInit
    stm32f4xx_hal_tim.o(i.HAL_TIM_Base_Init) refers to stm32f4xx_hal_tim.o(i.TIM_Base_SetConfig) for TIM_Base_SetConfig
    stm32f4xx_hal_tim.o(i.HAL_TIM_Base_Start_DMA) refers to stm32f4xx_hal_dma.o(i.HAL_DMA_Start_IT) for HAL_DMA_Start_IT
    stm32f4xx_hal_tim.o(i.HAL_TIM_Base_Start_DMA) refers to stm32f4xx_hal_tim.o(i.TIM_DMAPeriodElapsedCplt) for TIM_DMAPeriodElapsedCplt
    stm32f4xx_hal_tim.o(i.HAL_TIM_Base_Start_DMA) refers to stm32f4xx_hal_tim.o(i.TIM_DMAError) for TIM_DMAError
    stm32f4xx_hal_tim.o(i.HAL_TIM_ConfigClockSource) refers to stm32f4xx_hal_tim.o(i.TIM_ETR_SetConfig) for TIM_ETR_SetConfig
    stm32f4xx_hal_tim.o(i.HAL_TIM_ConfigClockSource) refers to stm32f4xx_hal_tim.o(i.TIM_TI1_ConfigInputStage) for TIM_TI1_ConfigInputStage
    stm32f4xx_hal_tim.o(i.HAL_TIM_ConfigClockSource) refers to stm32f4xx_hal_tim.o(i.TIM_TI2_ConfigInputStage) for TIM_TI2_ConfigInputStage
    stm32f4xx_hal_tim.o(i.HAL_TIM_ConfigClockSource) refers to stm32f4xx_hal_tim.o(i.TIM_ITRx_SetConfig) for TIM_ITRx_SetConfig
    stm32f4xx_hal_tim.o(i.HAL_TIM_ConfigOCrefClear) refers to stm32f4xx_hal_tim.o(i.TIM_ETR_SetConfig) for TIM_ETR_SetConfig
    stm32f4xx_hal_tim.o(i.HAL_TIM_DMABurst_ReadStart) refers to stm32f4xx_hal_dma.o(i.HAL_DMA_Start_IT) for HAL_DMA_Start_IT
    stm32f4xx_hal_tim.o(i.HAL_TIM_DMABurst_ReadStart) refers to stm32f4xx_hal_tim.o(i.TIM_DMAError) for TIM_DMAError
    stm32f4xx_hal_tim.o(i.HAL_TIM_DMABurst_ReadStart) refers to stm32f4xx_hal_tim.o(i.TIM_DMACaptureCplt) for TIM_DMACaptureCplt
    stm32f4xx_hal_tim.o(i.HAL_TIM_DMABurst_ReadStart) refers to stm32f4xx_hal_tim.o(i.TIM_DMAPeriodElapsedCplt) for TIM_DMAPeriodElapsedCplt
    stm32f4xx_hal_tim.o(i.HAL_TIM_DMABurst_ReadStart) refers to stm32f4xx_hal_tim_ex.o(i.TIMEx_DMACommutationCplt) for TIMEx_DMACommutationCplt
    stm32f4xx_hal_tim.o(i.HAL_TIM_DMABurst_ReadStart) refers to stm32f4xx_hal_tim.o(i.TIM_DMATriggerCplt) for TIM_DMATriggerCplt
    stm32f4xx_hal_tim.o(i.HAL_TIM_DMABurst_ReadStop) refers to stm32f4xx_hal_dma.o(i.HAL_DMA_Abort) for HAL_DMA_Abort
    stm32f4xx_hal_tim.o(i.HAL_TIM_DMABurst_WriteStart) refers to stm32f4xx_hal_dma.o(i.HAL_DMA_Start_IT) for HAL_DMA_Start_IT
    stm32f4xx_hal_tim.o(i.HAL_TIM_DMABurst_WriteStart) refers to stm32f4xx_hal_tim.o(i.TIM_DMAError) for TIM_DMAError
    stm32f4xx_hal_tim.o(i.HAL_TIM_DMABurst_WriteStart) refers to stm32f4xx_hal_tim.o(i.TIM_DMADelayPulseCplt) for TIM_DMADelayPulseCplt
    stm32f4xx_hal_tim.o(i.HAL_TIM_DMABurst_WriteStart) refers to stm32f4xx_hal_tim.o(i.TIM_DMAPeriodElapsedCplt) for TIM_DMAPeriodElapsedCplt
    stm32f4xx_hal_tim.o(i.HAL_TIM_DMABurst_WriteStart) refers to stm32f4xx_hal_tim_ex.o(i.TIMEx_DMACommutationCplt) for TIMEx_DMACommutationCplt
    stm32f4xx_hal_tim.o(i.HAL_TIM_DMABurst_WriteStart) refers to stm32f4xx_hal_tim.o(i.TIM_DMATriggerCplt) for TIM_DMATriggerCplt
    stm32f4xx_hal_tim.o(i.HAL_TIM_DMABurst_WriteStop) refers to stm32f4xx_hal_dma.o(i.HAL_DMA_Abort) for HAL_DMA_Abort
    stm32f4xx_hal_tim.o(i.HAL_TIM_Encoder_DeInit) refers to stm32f4xx_hal_tim.o(i.HAL_TIM_Encoder_MspDeInit) for HAL_TIM_Encoder_MspDeInit
    stm32f4xx_hal_tim.o(i.HAL_TIM_Encoder_Init) refers to stm32f4xx_hal_tim.o(i.HAL_TIM_Encoder_MspInit) for HAL_TIM_Encoder_MspInit
    stm32f4xx_hal_tim.o(i.HAL_TIM_Encoder_Init) refers to stm32f4xx_hal_tim.o(i.TIM_Base_SetConfig) for TIM_Base_SetConfig
    stm32f4xx_hal_tim.o(i.HAL_TIM_Encoder_Start) refers to stm32f4xx_hal_tim.o(i.TIM_CCxChannelCmd) for TIM_CCxChannelCmd
    stm32f4xx_hal_tim.o(i.HAL_TIM_Encoder_Start_DMA) refers to stm32f4xx_hal_dma.o(i.HAL_DMA_Start_IT) for HAL_DMA_Start_IT
    stm32f4xx_hal_tim.o(i.HAL_TIM_Encoder_Start_DMA) refers to stm32f4xx_hal_tim.o(i.TIM_CCxChannelCmd) for TIM_CCxChannelCmd
    stm32f4xx_hal_tim.o(i.HAL_TIM_Encoder_Start_DMA) refers to stm32f4xx_hal_tim.o(i.TIM_DMACaptureCplt) for TIM_DMACaptureCplt
    stm32f4xx_hal_tim.o(i.HAL_TIM_Encoder_Start_DMA) refers to stm32f4xx_hal_tim.o(i.TIM_DMAError) for TIM_DMAError
    stm32f4xx_hal_tim.o(i.HAL_TIM_Encoder_Start_IT) refers to stm32f4xx_hal_tim.o(i.TIM_CCxChannelCmd) for TIM_CCxChannelCmd
    stm32f4xx_hal_tim.o(i.HAL_TIM_Encoder_Stop) refers to stm32f4xx_hal_tim.o(i.TIM_CCxChannelCmd) for TIM_CCxChannelCmd
    stm32f4xx_hal_tim.o(i.HAL_TIM_Encoder_Stop_DMA) refers to stm32f4xx_hal_tim.o(i.TIM_CCxChannelCmd) for TIM_CCxChannelCmd
    stm32f4xx_hal_tim.o(i.HAL_TIM_Encoder_Stop_IT) refers to stm32f4xx_hal_tim.o(i.TIM_CCxChannelCmd) for TIM_CCxChannelCmd
[...]
    .bss                                     0x200014d8   Section    15360  heap_4.o(.bss)
    ucHeap                                   0x200014d8   Data       15360  heap_4.o(.bss)
    .bss                                     0x200050d8   Section      240  tasks.o(.bss)
    pxReadyTasksLists                        0x200050d8   Data         140  tasks.o(.bss)
    xDelayedTaskList1                        0x20005164   Data          20  tasks.o(.bss)
    xDelayedTaskList2                        0x20005178   Data          20  tasks.o(.bss)
    xPendingReadyList                        0x2000518c   Data          20  tasks.o(.bss)
    xTasksWaitingTermination                 0x200051a0   Data          20  tasks.o(.bss)
    xSuspendedTaskList                       0x200051b4   Data          20  tasks.o(.bss)
    .bss                                     0x200051c8   Section       64  queue.o(.bss)
    .bss                                     0x20005208   Section       24  ff.o(.bss)
    Files                                    0x20005208   Data          24  ff.o(.bss)
    .bss                                     0x20005220   Section       12  ff_gen_drv.o(.bss)
    .bss                                     0x2000522c   Section     4096  spiflash.o(.bss)
    HEAP                                     0x20006230   Section      512  startup_stm32f429xx.o(HEAP)
    STACK                                    0x20006430   Section     1024  startup_stm32f429xx.o(STACK)

    Global Symbols

    Symbol Name                              Value     Ov Type        Size  Object(Section)

    BuildAttributes$$THM_ISAv4$E$P$D$K$B$S$7EM$VFPi3$EXTD16$VFPS$VFMA$PE$A:L22UL41UL21$X:L11$S22US41US21$IEEE1$IW$USESV6$~STKCKD$USESV7$~SHL$OSPACE$ROPI$EBA8$MICROLIB$REQ8$PRES8$EABIv2 0x00000000   Number         0  anon$$obj.o ABSOLUTE
    __ARM_use_no_argv                        0x00000000   Number         0  main.o ABSOLUTE
    __cpp_initialize__aeabi_                  - Undefined Weak Reference
    __cxa_finalize                            - Undefined Weak Reference
    _clock_init                               - Undefined Weak Reference
    _microlib_exit                            - Undefined Weak Reference
    __Vectors_Size                           0x000001ac   Number         0  startup_stm32f429xx.o ABSOLUTE
    __Vectors                                0x08000000   Data           4  startup_stm32f429xx.o(RESET)
    __Vectors_End                            0x080001ac   Data           0  startup_stm32f429xx.o(RESET)
    __main                                   0x080001ad   Thumb Code     0  entry.o(.ARM.Collect$$$$00000000)
    _main_stk                                0x080001ad   Thumb Code     0  entry2.o(.ARM.Collect$$$$00000001)
    _main_scatterload                        0x080001b1   Thumb Code     0  entry5.o(.ARM.Collect$$$$00000004)
    __main_after_scatterload                 0x080001b5   Thumb Code     0  entry5.o(.ARM.Collect$$$$00000004)
    _main_clock                              0x080001b5   Thumb Code     0  entry7b.o(.ARM.Collect$$$$00000008)
    _main_cpp_init                           0x080001b5   Thumb Code     0  entry8b.o(.ARM.Collect$$$$0000000A)
    _main_init                               0x080001b5   Thumb Code     0  entry9a.o(.ARM.Collect$$$$0000000B)
    __rt_final_cpp                           0x080001bd   Thumb Code     0  entry10a.o(.ARM.Collect$$$$0000000D)
    __rt_final_exit                          0x080001bd   Thumb Code     0  entry11a.o(.ARM.Collect$$$$0000000F)
    SVC_Handler                              0x080001c1   Thumb Code    28  port.o(.emb_text)
    __asm___6_port_c_39a90d8d__prvStartFirstTask 0x080001e1   Thumb Code    28  port.o(.emb_text)
    __asm___6_port_c_39a90d8d__prvEnableVFP  0x08000201   Thumb Code    16  port.o(.emb_text)
    PendSV_Handler                           0x08000215   Thumb Code    84  port.o(.emb_text)
    ulPortSetInterruptMask                   0x0800026d   Thumb Code    14  port.o(.emb_text)
    vPortClearInterruptMask                  0x0800027b   Thumb Code     6  port.o(.emb_text)
    vPortGetIPSR                             0x08000281   Thumb Code     6  port.o(.emb_text)
    Reset_Handler                            0x08000289   Thumb Code     8  startup_stm32f429xx.o(.text)
    NMI_Handler                              0x08000291   Thumb Code     2  startup_stm32f429xx.o(.text)
    HardFault_Handler                        0x08000293   Thumb Code     2  startup_stm32f429xx.o(.text)
    MemManage_Handler                        0x08000295   Thumb Code     2  startup_stm32f429xx.o(.text)
    BusFault_Handler                         0x08000297   Thumb Code     2  startup_stm32f429xx.o(.text)
    UsageFault_Handler                       0x08000299   Thumb Code     2  startup_stm32f429xx.o(.text)
    DebugMon_Handler                         0x0800029d   Thumb Code     2  startup_stm32f429xx.o(.text)
    ADC_IRQHandler                           0x080002a3   Thumb Code     0  startup_stm32f429xx.o(.text)
    CAN1_RX0_IRQHandler                      0x080002a3   Thumb Code     0  startup_stm32f429xx.o(.text)
    CAN1_RX1_IRQHandler                      0x080002a3   Thumb Code     0  startup_stm32f429xx.o(.text)
    CAN1_SCE_IRQHandler                      0x080002a3   Thumb Code     0  startup_stm32f429xx.o(.text)
    CAN1_TX_IRQHandler                       0x080002a3   Thumb Code     0  startup_stm32f429xx.o(.text)
    CAN2_RX0_IRQHandler                      0x080002a3   Thumb Code     0  startup_stm32f429xx.o(.text)
    CAN2_RX1_IRQHandler                      0x080002a3   Thumb Code     0  startup_stm32f429xx.o(.text)
    CAN2_SCE_IRQHandler                      0x080002a3   Thumb Code     0  startup_stm32f429xx.o(.text)
    CAN2_TX_IRQHandler                       0x080002a3   Thumb Code     0  startup_stm32f429xx.o(.text)
    DCMI_IRQHandler                          0x080002a3   Thumb Code     0  startup_stm32f429xx.o(.text)
    DMA1_Stream0_IRQHandler                  0x080002a3   Thumb Code     0  startup_stm32f429xx.o(.text)
    DMA1_Stream1_IRQHandler                  0x080002a3   Thumb Code     0  startup_stm32f429xx.o(.text)
    DMA1_Stream2_IRQHandler                  0x080002a3   Thumb Code     0  startup_stm32f429xx.o(.text)
    DMA1_Stream3_IRQHandler                  0x080002a3   Thumb Code     0  startup_stm32f429xx.o(.text)
    DMA1_Stream4_IRQHandler                  0x080002a3   Thumb Code     0  startup_stm32f429xx.o(.text)
    DMA1_Stream5_IRQHandler                  0x080002a3   Thumb Code     0  startup_stm32f429xx.o(.text)
    DMA1_Stream6_IRQHandler                  0x080002a3   Thumb Code     0  startup_stm32f429xx.o(.text)
    DMA1_Stream7_IRQHandler                  0x080002a3   Thumb Code     0  startup_stm32f429xx.o(.text)
    DMA2D_IRQHandler                         0x080002a3   Thumb Code     0  startup_stm32f429xx.o(.text)
    DMA2_Stream0_IRQHandler                  0x080002a3   Thumb Code     0  startup_stm32f429xx.o(.text)
    DMA2_Stream1_IRQHandler                  0x080002a3   Thumb Code     0  startup_stm32f429xx.o(.text)
    DMA2_Stream2_IRQHandler                  0x080002a3   Thumb Code     0  startup_stm32f429xx.o(.text)
    DMA2_Stream3_IRQHandler                  0x080002a3   Thumb Code     0  startup_stm32f429xx.o(.text)
    DMA2_Stream4_IRQHandler                  0x080002a3   Thumb Code     0  startup_stm32f429xx.o(.text)
    DMA2_Stream5_IRQHandler                  0x080002a3   Thumb Code     0  startup_stm32f429xx.o(.text)
    DMA2_Stream6_IRQHandler                  0x080002a3   Thumb Code     0  startup_stm32f429xx.o(.text)
    DMA2_Stream7_IRQHandler                  0x080002a3   Thumb Code     0  startup_stm32f429xx.o(.text)
    ETH_IRQHandler                           0x080002a3   Thumb Code     0  startup_stm32f429xx.o(.text)
    ETH_WKUP_IRQHandler                      0x080002a3   Thumb Code     0  startup_stm32f429xx.o(.text)
    EXTI0_IRQHandler                         0x080002a3   Thumb Code     0  startup_stm32f429xx.o(.text)
    EXTI15_10_IRQHandler                     0x080002a3   Thumb Code     0  startup_stm32f429xx.o(.text)
    EXTI1_IRQHandler                         0x080002a3   Thumb Code     0  startup_stm32f429xx.o(.text)
    EXTI2_IRQHandler                         0x080002a3   Thumb Code     0  startup_stm32f429xx.o(.text)
    EXTI3_IRQHandler                         0x080002a3   Thumb Code     0  startup_stm32f429xx.o(.text)
    EXTI4_IRQHandler                         0x080002a3   Thumb Code     0  startup_stm32f429xx.o(.text)
    EXTI9_5_IRQHandler                       0x080002a3   Thumb Code     0  startup_stm32f429xx.o(.text)
    FLASH_IRQHandler                         0x080002a3   Thumb Code     0  startup_stm32f429xx.o(.text)
    FMC_IRQHandler                           0x080002a3   Thumb Code     0  startup_stm32f429xx.o(.text)
    FPU_IRQHandler                           0x080002a3   Thumb Code     0  startup_stm32f429xx.o(.text)
    HASH_RNG_IRQHandler                      0x080002a3   Thumb Code     0  startup_stm32f429xx.o(.text)
    I2C1_ER_IRQHandler                       0x080002a3   Thumb Code     0  startup_stm32f429xx.o(.text)
    I2C1_EV_IRQHandler                       0x080002a3   Thumb Code     0  startup_stm32f429xx.o(.text)
    I2C2_ER_IRQHandler                       0x080002a3   Thumb Code     0  startup_stm32f429xx.o(.text)
    I2C2_EV_IRQHandler                       0x080002a3   Thumb Code     0  startup_stm32f429xx.o(.text)
    I2C3_ER_IRQHandler                       0x080002a3   Thumb Code     0  startup_stm32f429xx.o(.text)
    I2C3_EV_IRQHandler                       0x080002a3   Thumb Code     0  startup_stm32f429xx.o(.text)
    LTDC_ER_IRQHandler                       0x080002a3   Thumb Code     0  startup_stm32f429xx.o(.text)
    LTDC_IRQHandler                          0x080002a3   Thumb Code     0  startup_stm32f429xx.o(.text)
    OTG_FS_WKUP_IRQHandler                   0x080002a3   Thumb Code     0  startup_stm32f429xx.o(.text)
    OTG_HS_EP1_IN_IRQHandler                 0x080002a3   Thumb Code     0  startup_stm32f429xx.o(.text)
    OTG_HS_EP1_OUT_IRQHandler                0x080002a3   Thumb Code     0  startup_stm32f429xx.o(.text)
    OTG_HS_IRQHandler                        0x080002a3   Thumb Code     0  startup_stm32f429xx.o(.text)
    OTG_HS_WKUP_IRQHandler                   0x080002a3   Thumb Code     0  startup_stm32f429xx.o(.text)
    PVD_IRQHandler                           0x080002a3   Thumb Code     0  startup_stm32f429xx.o(.text)
    RCC_IRQHandler                           0x080002a3   Thumb Code     0  startup_stm32f429xx.o(.text)
    RTC_Alarm_IRQHandler                     0x080002a3   Thumb Code     0  startup_stm32f429xx.o(.text)
    RTC_WKUP_IRQHandler                      0x080002a3   Thumb Code     0  startup_stm32f429xx.o(.text)
    SAI1_IRQHandler                          0x080002a3   Thumb Code     0  startup_stm32f429xx.o(.text)
    SDIO_IRQHandler                          0x080002a3   Thumb Code     0  startup_stm32f429xx.o(.text)
    SPI1_IRQHandler                          0x080002a3   Thumb Code     0  startup_stm32f429xx.o(.text)
    SPI2_IRQHandler                          0x080002a3   Thumb Code     0  startup_stm32f429xx.o(.text)
    SPI3_IRQHandler                          0x080002a3   Thumb Code     0  startup_stm32f429xx.o(.text)
    SPI4_IRQHandler                          0x080002a3   Thumb Code     0  startup_stm32f429xx.o(.text)
    SPI5_IRQHandler                          0x080002a3   Thumb Code     0  startup_stm32f429xx.o(.text)
    SPI6_IRQHandler                          0x080002a3   Thumb Code     0  startup_stm32f429xx.o(.text)
    TAMP_STAMP_IRQHandler                    0x080002a3   Thumb Code     0  startup_stm32f429xx.o(.text)
    TIM1_BRK_TIM9_IRQHandler                 0x080002a3   Thumb Code     0  startup_stm32f429xx.o(.text)
    TIM1_CC_IRQHandler                       0x080002a3   Thumb Code     0  startup_stm32f429xx.o(.text)
    TIM1_TRG_COM_TIM11_IRQHandler            0x080002a3   Thumb Code     0  startup_stm32f429xx.o(.text)
    TIM1_UP_TIM10_IRQHandler                 0x080002a3   Thumb Code     0  startup_stm32f429xx.o(.text)
    TIM2_IRQHandler                          0x080002a3   Thumb Code     0  startup_stm32f429xx.o(.text)
    TIM3_IRQHandler                          0x080002a3   Thumb Code     0  startup_stm32f429xx.o(.text)
    TIM4_IRQHandler                          0x080002a3   Thumb Code     0  startup_stm32f429xx.o(.text)
    TIM5_IRQHandler                          0x080002a3   Thumb Code     0  startup_stm32f429xx.o(.text)
    TIM6_DAC_IRQHandler                      0x080002a3   Thumb Code     0  startup_stm32f429xx.o(.text)
    TIM7_IRQHandler                          0x080002a3   Thumb Code     0  startup_stm32f429xx.o(.text)
    TIM8_BRK_TIM12_IRQHandler                0x080002a3   Thumb Code     0  startup_stm32f429xx.o(.text)
    TIM8_CC_IRQHandler                       0x080002a3   Thumb Code     0  startup_stm32f429xx.o(.text)
    TIM8_TRG_COM_TIM14_IRQHandler            0x080002a3   Thumb Code     0  startup_stm32f429xx.o(.text)
    TIM8_UP_TIM13_IRQHandler                 0x080002a3   Thumb Code     0  startup_stm32f429xx.o(.text)
    UART4_IRQHandler                         0x080002a3   Thumb Code     0  startup_stm32f429xx.o(.text)
    UART5_IRQHandler                         0x080002a3   Thumb Code     0  startup_stm32f429xx.o(.text)
    UART7_IRQHandler                         0x080002a3   Thumb Code     0  startup_stm32f429xx.o(.text)
    UART8_IRQHandler                         0x080002a3   Thumb Code     0  startup_stm32f429xx.o(.text)
    USART1_IRQHandler                        0x080002a3   Thumb Code     0  startup_stm32f429xx.o(.text)
    USART2_IRQHandler                        0x080002a3   Thumb Code     0  startup_stm32f429xx.o(.text)
    USART3_IRQHandler                        0x080002a3   Thumb Code     0  startup_stm32f429xx.o(.text)
    USART6_IRQHandler                        0x080002a3   Thumb Code     0  startup_stm32f429xx.o(.text)
    WWDG_IRQHandler                          0x080002a3   Thumb Code     0  startup_stm32f429xx.o(.text)
    __aeabi_memcpy                           0x080002ad   Thumb Code    36  memcpya.o(.text)
    __aeabi_memcpy4                          0x080002ad   Thumb Code     0  memcpya.o(.text)
    __aeabi_memcpy8                          0x080002ad   Thumb Code     0  memcpya.o(.text)
    __aeabi_memset                           0x080002d1   Thumb Code    14  memseta.o(.text)
    __aeabi_memset4                          0x080002d1   Thumb Code     0  memseta.o(.text)
    __aeabi_memset8                          0x080002d1   Thumb Code     0  memseta.o(.text)
    __aeabi_memclr                           0x080002df   Thumb Code     4  memseta.o(.text)
    __aeabi_memclr4                          0x080002df   Thumb Code     0  memseta.o(.text)
    __aeabi_memclr8                          0x080002df   Thumb Code     0  memseta.o(.text)
    _memset$wrapper                          0x080002e3   Thumb Code    18  memseta.o(.text)
    __aeabi_dmul                             0x080002f5   Thumb Code   228  dmul.o(.text)
    __aeabi_ddiv                             0x080003d9   Thumb Code   222  ddiv.o(.text)
    __aeabi_ui2d                             0x080004b7   Thumb Code    26  dfltui.o(.text)
    __aeabi_cdcmpeq                          0x080004d1   Thumb Code     0  cdcmple.o(.text)
    __aeabi_cdcmple                          0x080004d1   Thumb Code    48  cdcmple.o(.text)
    __I$use$fp                               0x08000501   Thumb Code     0  iusefp.o(.text)
    _double_round                            0x08000501   Thumb Code    30  depilogue.o(.text)
    _double_epilogue                         0x0800051f   Thumb Code   156  depilogue.o(.text)
    __scatterload                            0x080005bd   Thumb Code    28  init.o(.text)
    __scatterload_rt2                        0x080005bd   Thumb Code     0  init.o(.text)
    __aeabi_llsl                             0x080005e1   Thumb Code    30  llshl.o(.text)
    _ll_shift_l                              0x080005e1   Thumb Code     0  llshl.o(.text)
    __aeabi_llsr                             0x080005ff   Thumb Code    32  llushr.o(.text)
    _ll_ushift_r                             0x080005ff   Thumb Code     0  llushr.o(.text)
    __decompress                             0x0800061f   Thumb Code     0  __dczerorl2.o(.text)
    __decompress1                            0x0800061f   Thumb Code    86  __dczerorl2.o(.text)
    ADC_GetValue                             0x08000675   Thumb Code   124  adc.o(i.ADC_GetValue)
    Board_Init                               0x0800084d   Thumb Code    88  int.o(i.Board_Init)
    DP_EN                                    0x080008ad   Thumb Code    10  pwr.o(i.DP_EN)
    FATFS_LinkDriver                         0x080008bd   Thumb Code    52  ff_gen_drv.o(i.FATFS_LinkDriver)
    FMC_SDRAM_Init                           0x080008f5   Thumb Code    76  stm32f4xx_ll_fmc.o(i.FMC_SDRAM_Init)
    FMC_SDRAM_Timing_Init                    0x08000941   Thumb Code   124  stm32f4xx_ll_fmc.o(i.FMC_SDRAM_Timing_Init)
    HAL_ADC_ConfigChannel                    0x080009bd   Thumb Code   324  stm32f4xx_hal_adc.o(i.HAL_ADC_ConfigChannel)
    HAL_ADC_GetValue                         0x08000b11   Thumb Code     6  stm32f4xx_hal_adc.o(i.HAL_ADC_GetValue)
    HAL_ADC_Init                             0x08000b17   Thumb Code    58  stm32f4xx_hal_adc.o(i.HAL_ADC_Init)
    HAL_ADC_MspInit                          0x08000b51   Thumb Code    54  stm32f4xx_hal_msp.o(i.HAL_ADC_MspInit)
    HAL_ADC_PollForConversion                0x08000b95   Thumb Code   108  stm32f4xx_hal_adc.o(i.HAL_ADC_PollForConversion)
    HAL_ADC_Start                            0x08000c01   Thumb Code   126  stm32f4xx_hal_adc.o(i.HAL_ADC_Start)
    HAL_ADC_Stop                             0x08000c8d   Thumb Code    20  stm32f4xx_hal_adc.o(i.HAL_ADC_Stop)
    HAL_DMA2D_Init                           0x08000ca1   Thumb Code    90  stm32f4xx_hal_dma2d.o(i.HAL_DMA2D_Init)
    HAL_DMA2D_MspInit                        0x08000cfd   Thumb Code    30  stm32f4xx_hal_msp.o(i.HAL_DMA2D_MspInit)
    HAL_Delay                                0x08000d25   Thumb Code    22  stm32f4xx_hal.o(i.HAL_Delay)
    HAL_GPIO_Init                            0x08000e09   Thumb Code   408  stm32f4xx_hal_gpio.o(i.HAL_GPIO_Init)
    HAL_GPIO_WritePin                        0x08000fd5   Thumb Code    10  stm32f4xx_hal_gpio.o(i.HAL_GPIO_WritePin)
    HAL_GetTick                              0x08000fe1   Thumb Code     6  stm32f4xx_hal.o(i.HAL_GetTick)
    HAL_I2C_Init                             0x08000fed   Thumb Code   246  stm32f4xx_hal_i2c.o(i.HAL_I2C_Init)
    HAL_I2C_MspInit                          0x080010ed   Thumb Code    70  stm32f4xx_hal_msp.o(i.HAL_I2C_MspInit)
    HAL_IncTick                              0x08001145   Thumb Code    10  stm32f4xx_hal.o(i.HAL_IncTick)
    HAL_Init                                 0x08001155   Thumb Code    48  stm32f4xx_hal.o(i.HAL_Init)
    HAL_InitTick                             0x08001189   Thumb Code    34  stm32f4xx_hal.o(i.HAL_InitTick)
    HAL_LTDC_Init                            0x080011ad   Thumb Code   248  stm32f4xx_hal_ltdc.o(i.HAL_LTDC_Init)
    HAL_LTDC_MspInit                         0x080012a9   Thumb Code   244  stm32f4xx_hal_msp.o(i.HAL_LTDC_MspInit)
    HAL_MspInit                              0x080013c9   Thumb Code    22  stm32f4xx_hal_msp.o(i.HAL_MspInit)
    HAL_NVIC_EnableIRQ                       0x080013df   Thumb Code    22  stm32f4xx_hal_cortex.o(i.HAL_NVIC_EnableIRQ)
    HAL_NVIC_SetPriority                     0x080013f5   Thumb Code    60  stm32f4xx_hal_cortex.o(i.HAL_NVIC_SetPriority)
    HAL_NVIC_SetPriorityGrouping             0x08001435   Thumb Code    26  stm32f4xx_hal_cortex.o(i.HAL_NVIC_SetPriorityGrouping)
    HAL_PCDEx_SetRxFiFo                      0x08001459   Thumb Code     8  stm32f4xx_hal_pcd_ex.o(i.HAL_PCDEx_SetRxFiFo)
    HAL_PCDEx_SetTxFiFo                      0x08001461   Thumb Code    68  stm32f4xx_hal_pcd_ex.o(i.HAL_PCDEx_SetTxFiFo)
    HAL_PCD_ConnectCallback                  0x080014a5   Thumb Code     8  usbd_conf.o(i.HAL_PCD_ConnectCallback)
    HAL_PCD_DataInStageCallback              0x080014ad   Thumb Code    18  usbd_conf.o(i.HAL_PCD_DataInStageCallback)
    HAL_PCD_DataOutStageCallback             0x080014bf   Thumb Code    20  usbd_conf.o(i.HAL_PCD_DataOutStageCallback)
    HAL_PCD_DisconnectCallback               0x080014d3   Thumb Code     8  usbd_conf.o(i.HAL_PCD_DisconnectCallback)
    HAL_PCD_EP_Close                         0x080014db   Thumb Code    68  stm32f4xx_hal_pcd.o(i.HAL_PCD_EP_Close)
    HAL_PCD_EP_ClrStall                      0x0800151f   Thumb Code    80  stm32f4xx_hal_pcd.o(i.HAL_PCD_EP_ClrStall)
    HAL_PCD_EP_Flush                         0x0800156f   Thumb Code    52  stm32f4xx_hal_pcd.o(i.HAL_PCD_EP_Flush)
    HAL_PCD_EP_GetRxCount                    0x080015a3   Thumb Code    20  stm32f4xx_hal_pcd.o(i.HAL_PCD_EP_GetRxCount)
    HAL_PCD_EP_Open                          0x080015b7   Thumb Code    84  stm32f4xx_hal_pcd.o(i.HAL_PCD_EP_Open)
    HAL_PCD_EP_Receive                       0x0800160d   Thumb Code    94  stm32f4xx_hal_pcd.o(i.HAL_PCD_EP_Receive)
    HAL_PCD_EP_SetStall                      0x0800166b   Thumb Code    96  stm32f4xx_hal_pcd.o(i.HAL_PCD_EP_SetStall)
    HAL_PCD_EP_Transmit                      0x080016cb   Thumb Code    86  stm32f4xx_hal_pcd.o(i.HAL_PCD_EP_Transmit)
    HAL_PCD_IRQHandler                       0x08001721   Thumb Code   996  stm32f4xx_hal_pcd.o(i.HAL_PCD_IRQHandler)
    HAL_PCD_ISOINIncompleteCallback          0x08001b05   Thumb Code     8  usbd_conf.o(i.HAL_PCD_ISOINIncompleteCallback)
    HAL_PCD_ISOOUTIncompleteCallback         0x08001b0d   Thumb Code     8  usbd_conf.o(i.HAL_PCD_ISOOUTIncompleteCallback)
    HAL_PCD_Init                             0x08001b15   Thumb Code   190  stm32f4xx_hal_pcd.o(i.HAL_PCD_Init)
    HAL_PCD_MspInit                          0x08001bd5   Thumb Code   110  usbd_conf.o(i.HAL_PCD_MspInit)
    HAL_PCD_ResetCallback                    0x08001c4d   Thumb Code    32  usbd_conf.o(i.HAL_PCD_ResetCallback)
    HAL_PCD_ResumeCallback                   0x08001c6d   Thumb Code     8  usbd_conf.o(i.HAL_PCD_ResumeCallback)
    HAL_PCD_SOFCallback                      0x08001c75   Thumb Code     8  usbd_conf.o(i.HAL_PCD_SOFCallback)
    HAL_PCD_SetAddress                       0x08001c7d   Thumb Code    36  stm32f4xx_hal_pcd.o(i.HAL_PCD_SetAddress)
    HAL_PCD_SetupStageCallback               0x08001ca1   Thumb Code    14  usbd_conf.o(i.HAL_PCD_SetupStageCallback)
    HAL_PCD_Start                            0x08001caf   Thumb Code    42  stm32f4xx_hal_pcd.o(i.HAL_PCD_Start)
    HAL_PCD_SuspendCallback                  0x08001cd9   Thumb Code    44  usbd_conf.o(i.HAL_PCD_SuspendCallback)
    HAL_RCCEx_PeriphCLKConfig                0x08001d09   Thumb Code   664  stm32f4xx_hal_rcc_ex.o(i.HAL_RCCEx_PeriphCLKConfig)
    HAL_RCC_ClockConfig                      0x08001fc5   Thumb Code   514  stm32f4xx_hal_rcc.o(i.HAL_RCC_ClockConfig)
    HAL_RCC_GetHCLKFreq                      0x080021d1   Thumb Code    38  stm32f4xx_hal_rcc.o(i.HAL_RCC_GetHCLKFreq)
    HAL_RCC_GetPCLK1Freq                     0x08002205   Thumb Code    36  stm32f4xx_hal_rcc.o(i.HAL_RCC_GetPCLK1Freq)
    HAL_RCC_GetSysClockFreq                  0x08002231   Thumb Code   104  stm32f4xx_hal_rcc.o(i.HAL_RCC_GetSysClockFreq)
    HAL_RCC_OscConfig                        0x080022a1   Thumb Code   806  stm32f4xx_hal_rcc.o(i.HAL_RCC_OscConfig)
    HAL_SDRAM_Init                           0x080025dd   Thumb Code    66  stm32f4xx_hal_sdram.o(i.HAL_SDRAM_Init)
    HAL_SDRAM_MspInit                        0x0800261f   Thumb Code     4  stm32f4xx_hal_msp.o(i.HAL_SDRAM_MspInit)
    HAL_SPI_Init                             0x08002623   Thumb Code   132  stm32f4xx_hal_spi.o(i.HAL_SPI_Init)
    HAL_SPI_MspInit                          0x080026a9   Thumb Code   152  stm32f4xx_hal_msp.o(i.HAL_SPI_MspInit)
    HAL_SPI_TransmitReceive                  0x0800275d   Thumb Code   682  stm32f4xx_hal_spi.o(i.HAL_SPI_TransmitReceive)
    HAL_SYSTICK_Config                       0x08002a07   Thumb Code    40  stm32f4xx_hal_cortex.o(i.HAL_SYSTICK_Config)
    HAL_TIMEx_MasterConfigSynchronization    0x08002a2f   Thumb Code    80  stm32f4xx_hal_tim_ex.o(i.HAL_TIMEx_MasterConfigSynchronization)
    HAL_TIM_PWM_ConfigChannel                0x08002a7f   Thumb Code   208  stm32f4xx_hal_tim.o(i.HAL_TIM_PWM_ConfigChannel)
    HAL_TIM_PWM_Init                         0x08002b4f   Thumb Code    54  stm32f4xx_hal_tim.o(i.HAL_TIM_PWM_Init)
    HAL_TIM_PWM_MspInit                      0x08002b85   Thumb Code    96  stm32f4xx_hal_msp.o(i.HAL_TIM_PWM_MspInit)
    HAL_TIM_PWM_Start                        0x08002bf5   Thumb Code    48  stm32f4xx_hal_tim.o(i.HAL_TIM_PWM_Start)
    HAL_TIM_PWM_Stop                         0x08002c2d   Thumb Code    84  stm32f4xx_hal_tim.o(i.HAL_TIM_PWM_Stop)
    MSC_BOT_CplClrFeature                    0x08002d99   Thumb Code    42  usbd_msc_bot.o(i.MSC_BOT_CplClrFeature)
    MSC_BOT_DataIn                           0x08002dc3   Thumb Code    58  usbd_msc_bot.o(i.MSC_BOT_DataIn)
    MSC_BOT_DataOut                          0x08002dfd   Thumb Code    58  usbd_msc_bot.o(i.MSC_BOT_DataOut)
    MSC_BOT_DeInit                           0x08002e37   Thumb Code    10  usbd_msc_bot.o(i.MSC_BOT_DeInit)
    MSC_BOT_Init                             0x08002e41   Thumb Code    66  usbd_msc_bot.o(i.MSC_BOT_Init)
    MSC_BOT_Reset                            0x08002e83   Thumb Code    22  usbd_msc_bot.o(i.MSC_BOT_Reset)
    MSC_BOT_SendCSW                          0x08002e99   Thumb Code    54  usbd_msc_bot.o(i.MSC_BOT_SendCSW)
    MX_FATFS_Init                            0x08002f15   Thumb Code    30  fatfs.o(i.MX_FATFS_Init)
    MX_USB_DEVICE_Init                       0x0800327d   Thumb Code    38  usb_device.o(i.MX_USB_DEVICE_Init)
    OTG_FS_IRQHandler                        0x080032d5   Thumb Code     6  stm32f4xx_it.o(i.OTG_FS_IRQHandler)
    SCSI_ProcessCmd                          0x08003399   Thumb Code   448  usbd_msc_scsi.o(i.SCSI_ProcessCmd)
    SCSI_SenseCode                           0x080037f7   Thumb Code    54  usbd_msc_scsi.o(i.SCSI_SenseCode)
    SPI1_ReadWriteByte                       0x080038f9   Thumb Code    26  spiflash.o(i.SPI1_ReadWriteByte)
    SPI_FLASH_CS                             0x08003919   Thumb Code    10  spiflash.o(i.SPI_FLASH_CS)
    SPI_FLASH_Write_Enable                   0x08003929   Thumb Code    24  spiflash.o(i.SPI_FLASH_Write_Enable)
    SPI_Flash_Erase_Sector                   0x08003941   Thumb Code    60  spiflash.o(i.SPI_Flash_Erase_Sector)
    SPI_Flash_Read                           0x0800397d   Thumb Code    72  spiflash.o(i.SPI_Flash_Read)
    SPI_Flash_ReadSR                         0x080039c5   Thumb Code    32  spiflash.o(i.SPI_Flash_ReadSR)
    SPI_Flash_Wait_Busy                      0x080039e5   Thumb Code    14  spiflash.o(i.SPI_Flash_Wait_Busy)
    SPI_Flash_Write                          0x080039f5   Thumb Code   152  spiflash.o(i.SPI_Flash_Write)
    SPI_Flash_Write_NoCheck                  0x08003a91   Thumb Code    62  spiflash.o(i.SPI_Flash_Write_NoCheck)
    SPI_Flash_Write_Page                     0x08003acf   Thumb Code    78  spiflash.o(i.SPI_Flash_Write_Page)
    StartDefaultTask                         0x08003bfd   Thumb Code    16  main.o(i.StartDefaultTask)
    SysTick_Handler                          0x08003c0d   Thumb Code    14  stm32f4xx_it.o(i.SysTick_Handler)
    SystemClock_Config                       0x08003c1d   Thumb Code   128  main.o(i.SystemClock_Config)
    SystemInit                               0x08003ca5   Thumb Code    66  system_stm32f4xx.o(i.SystemInit)
    TIM_Base_SetConfig                       0x08003cf9   Thumb Code   148  stm32f4xx_hal_tim.o(i.TIM_Base_SetConfig)
    TIM_CCxChannelCmd                        0x08003db9   Thumb Code    22  stm32f4xx_hal_tim.o(i.TIM_CCxChannelCmd)
    TIM_OC2_SetConfig                        0x08003e29   Thumb Code    90  stm32f4xx_hal_tim.o(i.TIM_OC2_SetConfig)
    USBD_ClrClassConfig                      0x08003f3d   Thumb Code    14  usbd_core.o(i.USBD_ClrClassConfig)
    USBD_CtlContinueRx                       0x08003f4b   Thumb Code    16  usbd_ioreq.o(i.USBD_CtlContinueRx)
    USBD_CtlContinueSendData                 0x08003f5b   Thumb Code    16  usbd_ioreq.o(i.USBD_CtlContinueSendData)
    USBD_CtlError                            0x08003f6b   Thumb Code    22  usbd_ctlreq.o(i.USBD_CtlError)
    USBD_CtlReceiveStatus                    0x08003f81   Thumb Code    22  usbd_ioreq.o(i.USBD_CtlReceiveStatus)
    USBD_CtlSendData                         0x08003f97   Thumb Code    26  usbd_ioreq.o(i.USBD_CtlSendData)
    USBD_CtlSendStatus                       0x08003fb1   Thumb Code    22  usbd_ioreq.o(i.USBD_CtlSendStatus)
    USBD_FS_ConfigStrDescriptor              0x08003fc9   Thumb Code    16  usbd_desc.o(i.USBD_FS_ConfigStrDescriptor)
    USBD_FS_DeviceDescriptor                 0x08003fe5   Thumb Code     8  usbd_desc.o(i.USBD_FS_DeviceDescriptor)
    USBD_FS_InterfaceStrDescriptor           0x08003ff1   Thumb Code    16  usbd_desc.o(i.USBD_FS_InterfaceStrDescriptor)
    USBD_FS_LangIDStrDescriptor              0x0800400d   Thumb Code     8  usbd_desc.o(i.USBD_FS_LangIDStrDescriptor)
    USBD_FS_ManufacturerStrDescriptor        0x08004019   Thumb Code    16  usbd_desc.o(i.USBD_FS_ManufacturerStrDescriptor)
    USBD_FS_ProductStrDescriptor             0x08004035   Thumb Code    16  usbd_desc.o(i.USBD_FS_ProductStrDescriptor)
    USBD_FS_SerialStrDescriptor              0x08004051   Thumb Code    16  usbd_desc.o(i.USBD_FS_SerialStrDescriptor)
    USBD_GetString                           0x0800415b   Thumb Code    70  usbd_ctlreq.o(i.USBD_GetString)
    USBD_Init                                0x080041a1   Thumb Code    42  usbd_core.o(i.USBD_Init)
    USBD_LL_ClearStallEP                     0x080041cb   Thumb Code    14  usbd_conf.o(i.USBD_LL_ClearStallEP)
    USBD_LL_CloseEP                          0x080041d9   Thumb Code    14  usbd_conf.o(i.USBD_LL_CloseEP)
    USBD_LL_DataInStage                      0x080041e7   Thumb Code   170  usbd_core.o(i.USBD_LL_DataInStage)
    USBD_LL_DataOutStage                     0x08004291   Thumb Code   106  usbd_core.o(i.USBD_LL_DataOutStage)
    USBD_LL_DevConnected                     0x080042fb   Thumb Code     4  usbd_core.o(i.USBD_LL_DevConnected)
    USBD_LL_DevDisconnected                  0x080042ff   Thumb Code    22  usbd_core.o(i.USBD_LL_DevDisconnected)
    USBD_LL_FlushEP                          0x08004315   Thumb Code    14  usbd_conf.o(i.USBD_LL_FlushEP)
    USBD_LL_GetRxDataSize                    0x08004323   Thumb Code     8  usbd_conf.o(i.USBD_LL_GetRxDataSize)
    USBD_LL_Init                             0x0800432d   Thumb Code    88  usbd_conf.o(i.USBD_LL_Init)
    USBD_LL_IsStallEP                        0x08004389   Thumb Code    32  usbd_conf.o(i.USBD_LL_IsStallEP)
    USBD_LL_IsoINIncomplete                  0x080043a9   Thumb Code     4  usbd_core.o(i.USBD_LL_IsoINIncomplete)
    USBD_LL_IsoOUTIncomplete                 0x080043ad   Thumb Code     4  usbd_core.o(i.USBD_LL_IsoOUTIncomplete)
    USBD_LL_OpenEP                           0x080043b1   Thumb Code    20  usbd_conf.o(i.USBD_LL_OpenEP)
    USBD_LL_PrepareReceive                   0x080043c5   Thumb Code    14  usbd_conf.o(i.USBD_LL_PrepareReceive)
    USBD_LL_Reset                            0x080043d3   Thumb Code    62  usbd_core.o(i.USBD_LL_Reset)
    USBD_LL_Resume                           0x08004411   Thumb Code    12  usbd_core.o(i.USBD_LL_Resume)
    USBD_LL_SOF                              0x0800441d   Thumb Code    24  usbd_core.o(i.USBD_LL_SOF)
    USBD_LL_SetSpeed                         0x08004435   Thumb Code     6  usbd_core.o(i.USBD_LL_SetSpeed)
    USBD_LL_SetUSBAddress                    0x0800443b   Thumb Code    14  usbd_conf.o(i.USBD_LL_SetUSBAddress)
    USBD_LL_SetupStage                       0x08004449   Thumb Code    90  usbd_core.o(i.USBD_LL_SetupStage)
    USBD_LL_StallEP                          0x080044a3   Thumb Code    14  usbd_conf.o(i.USBD_LL_StallEP)
    USBD_LL_Start                            0x080044b1   Thumb Code    14  usbd_conf.o(i.USBD_LL_Start)
    USBD_LL_Suspend                          0x080044bf   Thumb Code    18  usbd_core.o(i.USBD_LL_Suspend)
    USBD_LL_Transmit                         0x080044d1   Thumb Code    14  usbd_conf.o(i.USBD_LL_Transmit)
    USBD_MSC_DataIn                          0x080044df   Thumb Code    10  usbd_msc.o(i.USBD_MSC_DataIn)
    USBD_MSC_DataOut                         0x080044e9   Thumb Code    10  usbd_msc.o(i.USBD_MSC_DataOut)
    USBD_MSC_DeInit                          0x080044f3   Thumb Code    44  usbd_msc.o(i.USBD_MSC_DeInit)
    USBD_MSC_GetDeviceQualifierDescriptor    0x08004521   Thumb Code     8  usbd_msc.o(i.USBD_MSC_GetDeviceQualifierDescriptor)
    USBD_MSC_GetFSCfgDesc                    0x0800452d   Thumb Code     8  usbd_msc.o(i.USBD_MSC_GetFSCfgDesc)
    USBD_MSC_GetHSCfgDesc                    0x08004539   Thumb Code     8  usbd_msc.o(i.USBD_MSC_GetHSCfgDesc)
    USBD_MSC_GetOtherSpeedCfgDesc            0x08004545   Thumb Code     8  usbd_msc.o(i.USBD_MSC_GetOtherSpeedCfgDesc)
    USBD_MSC_Init                            0x08004551   Thumb Code    82  usbd_msc.o(i.USBD_MSC_Init)
    USBD_MSC_RegisterStorage                 0x080045a3   Thumb Code    10  usbd_msc.o(i.USBD_MSC_RegisterStorage)
    USBD_MSC_Setup                           0x080045ad   Thumb Code   194  usbd_msc.o(i.USBD_MSC_Setup)
    USBD_ParseSetupRequest                   0x0800466f   Thumb Code    40  usbd_ctlreq.o(i.USBD_ParseSetupRequest)
    USBD_RegisterClass                       0x08004697   Thumb Code    16  usbd_core.o(i.USBD_RegisterClass)
    USBD_SetClassConfig                      0x080046a7   Thumb Code    22  usbd_core.o(i.USBD_SetClassConfig)
    USBD_Start                               0x08004731   Thumb Code    10  usbd_core.o(i.USBD_Start)
    USBD_StdDevReq                           0x0800473b   Thumb Code   242  usbd_ctlreq.o(i.USBD_StdDevReq)
    USBD_StdEPReq                            0x0800482d   Thumb Code   220  usbd_ctlreq.o(i.USBD_StdEPReq)
    USBD_StdItfReq                           0x08004909   Thumb Code    52  usbd_ctlreq.o(i.USBD_StdItfReq)
    USB_ActivateEndpoint                     0x0800493d   Thumb Code   122  stm32f4xx_ll_usb.o(i.USB_ActivateEndpoint)
    USB_ActivateSetup                        0x080049bd   Thumb Code    52  stm32f4xx_ll_usb.o(i.USB_ActivateSetup)
    USB_CoreInit                             0x080049f1   Thumb Code   104  stm32f4xx_ll_usb.o(i.USB_CoreInit)
    USB_DeactivateEndpoint                   0x08004a95   Thumb Code   110  stm32f4xx_ll_usb.o(i.USB_DeactivateEndpoint)
    USB_DevConnect                           0x08004b03   Thumb Code    24  stm32f4xx_ll_usb.o(i.USB_DevConnect)
    USB_DevDisconnect                        0x08004b1b   Thumb Code    24  stm32f4xx_ll_usb.o(i.USB_DevDisconnect)
    USB_DevInit                              0x08004b35   Thumb Code   306  stm32f4xx_ll_usb.o(i.USB_DevInit)
    USB_DisableGlobalInt                     0x08004c79   Thumb Code    12  stm32f4xx_ll_usb.o(i.USB_DisableGlobalInt)
    USB_EP0StartXfer                         0x08004c85   Thumb Code   316  stm32f4xx_ll_usb.o(i.USB_EP0StartXfer)
    USB_EP0_OutStart                         0x08004dc5   Thumb Code    62  stm32f4xx_ll_usb.o(i.USB_EP0_OutStart)
    USB_EPClearStall                         0x08004e03   Thumb Code   100  stm32f4xx_ll_usb.o(i.USB_EPClearStall)
    USB_EPSetStall                           0x08004e67   Thumb Code    94  stm32f4xx_ll_usb.o(i.USB_EPSetStall)
    USB_EPStartXfer                          0x08004ec5   Thumb Code   534  stm32f4xx_ll_usb.o(i.USB_EPStartXfer)
    USB_EnableGlobalInt                      0x080050e1   Thumb Code    12  stm32f4xx_ll_usb.o(i.USB_EnableGlobalInt)
    USB_FlushRxFifo                          0x080050ed   Thumb Code    28  stm32f4xx_ll_usb.o(i.USB_FlushRxFifo)
    USB_FlushTxFifo                          0x0800510d   Thumb Code    32  stm32f4xx_ll_usb.o(i.USB_FlushTxFifo)
    USB_GetDevSpeed                          0x08005131   Thumb Code    60  stm32f4xx_ll_usb.o(i.USB_GetDevSpeed)
    USB_GetMode                              0x0800516d   Thumb Code     8  stm32f4xx_ll_usb.o(i.USB_GetMode)
    USB_ReadDevAllInEpInterrupt              0x08005175   Thumb Code    14  stm32f4xx_ll_usb.o(i.USB_ReadDevAllInEpInterrupt)
    USB_ReadDevAllOutEpInterrupt             0x08005183   Thumb Code    14  stm32f4xx_ll_usb.o(i.USB_ReadDevAllOutEpInterrupt)
    USB_ReadDevInEPInterrupt                 0x08005191   Thumb Code    30  stm32f4xx_ll_usb.o(i.USB_ReadDevInEPInterrupt)
    USB_ReadDevOutEPInterrupt                0x080051af   Thumb Code    16  stm32f4xx_ll_usb.o(i.USB_ReadDevOutEPInterrupt)
    USB_ReadInterrupts                       0x080051bf   Thumb Code     8  stm32f4xx_ll_usb.o(i.USB_ReadInterrupts)
    USB_ReadPacket                           0x080051c7   Thumb Code    32  stm32f4xx_ll_usb.o(i.USB_ReadPacket)
    USB_SetCurrentMode                       0x080051e7   Thumb Code    44  stm32f4xx_ll_usb.o(i.USB_SetCurrentMode)
    USB_SetDevAddress                        0x08005213   Thumb Code    34  stm32f4xx_ll_usb.o(i.USB_SetDevAddress)
    USB_WritePacket                          0x08005235   Thumb Code    40  stm32f4xx_ll_usb.o(i.USB_WritePacket)
    USER_initialize                          0x0800525d   Thumb Code    18  user_diskio.o(i.USER_initialize)
    USER_ioctl                               0x08005275   Thumb Code     4  user_diskio.o(i.USER_ioctl)
    USER_read                                0x08005279   Thumb Code    16  user_diskio.o(i.USER_read)
    USER_status                              0x08005289   Thumb Code    18  user_diskio.o(i.USER_status)
    USER_write                               0x080052a1   Thumb Code    16  user_diskio.o(i.USER_write)
    __scatterload_copy                       0x080052b1   Thumb Code    14  handlers.o(i.__scatterload_copy)
    __scatterload_null                       0x080052bf   Thumb Code     2  handlers.o(i.__scatterload_null)
    __scatterload_zeroinit                   0x080052c1   Thumb Code    14  handlers.o(i.__scatterload_zeroinit)
    beep                                     0x080052d1   Thumb Code    30  beep.o(i.beep)
    disk_initialize                          0x08005379   Thumb Code    30  diskio.o(i.disk_initialize)
    disk_read                                0x0800539d   Thumb Code    28  diskio.o(i.disk_read)
    disk_status                              0x080053bd   Thumb Code    12  diskio.o(i.disk_status)
    disk_write                               0x080053cd   Thumb Code    28  diskio.o(i.disk_write)
    f_mount                                  0x080053ed   Thumb Code   126  ff.o(i.f_mount)
    ff_cre_syncobj                           0x08005471   Thumb Code    26  syscall.o(i.ff_cre_syncobj)
    ff_del_syncobj                           0x0800548b   Thumb Code    10  syscall.o(i.ff_del_syncobj)
    ff_rel_grant                             0x08005495   Thumb Code     4  syscall.o(i.ff_rel_grant)
    ff_req_grant                             0x08005499   Thumb Code    20  syscall.o(i.ff_req_grant)
    free                                     0x08005715   Thumb Code    76  malloc.o(i.free)
    main                                     0x080057b5   Thumb Code   136  main.o(i.main)
    malloc                                   0x08005861   Thumb Code    92  malloc.o(i.malloc)
    osDelay                                  0x080058ff   Thumb Code    14  cmsis_os.o(i.osDelay)
    osKernelStart                            0x0800590d   Thumb Code    10  cmsis_os.o(i.osKernelStart)
    osSemaphoreCreate                        0x08005917   Thumb Code    46  cmsis_os.o(i.osSemaphoreCreate)
    osSemaphoreDelete                        0x08005945   Thumb Code    24  cmsis_os.o(i.osSemaphoreDelete)
    osSemaphoreRelease                       0x0800595d   Thumb Code    68  cmsis_os.o(i.osSemaphoreRelease)
    osSemaphoreWait                          0x080059a5   Thumb Code    92  cmsis_os.o(i.osSemaphoreWait)
    osSystickHandler                         0x08005a05   Thumb Code    20  cmsis_os.o(i.osSystickHandler)
    osThreadCreate                           0x08005a19   Thumb Code    56  cmsis_os.o(i.osThreadCreate)
    pvPortMalloc                             0x08005cb9   Thumb Code   182  heap_4.o(i.pvPortMalloc)
    pvTaskIncrementMutexHeldCount            0x08005d75   Thumb Code    18  tasks.o(i.pvTaskIncrementMutexHeldCount)
    pxPortInitialiseStack                    0x08005d8d   Thumb Code    36  port.o(i.pxPortInitialiseStack)
    uxListRemove                             0x08005e2d   Thumb Code    36  list.o(i.uxListRemove)
    vListInitialise                          0x08005e51   Thumb Code    22  list.o(i.vListInitialise)
    vListInitialiseItem                      0x08005e67   Thumb Code     6  list.o(i.vListInitialiseItem)
    vListInsert                              0x08005e6d   Thumb Code    48  list.o(i.vListInsert)
    vListInsertEnd                           0x08005e9d   Thumb Code    24  list.o(i.vListInsertEnd)
    vPortEnterCritical                       0x08005eb5   Thumb Code    42  port.o(i.vPortEnterCritical)
    vPortExitCritical                        0x08005ee9   Thumb Code    30  port.o(i.vPortExitCritical)
    vPortFree                                0x08005f0d   Thumb Code    68  heap_4.o(i.vPortFree)
    vPortSetupTimerInterrupt                 0x08005f55   Thumb Code    26  port.o(i.vPortSetupTimerInterrupt)
    vPortValidateInterruptPriority           0x08005f75   Thumb Code    54  port.o(i.vPortValidateInterruptPriority)
    vPortYield                               0x08005fb5   Thumb Code    18  port.o(i.vPortYield)
    vQueueDelete                             0x08005fcd   Thumb Code    34  queue.o(i.vQueueDelete)
    vQueueUnregisterQueue                    0x08005ff1   Thumb Code    30  queue.o(i.vQueueUnregisterQueue)
    vTaskDelay                               0x08006015   Thumb Code    76  tasks.o(i.vTaskDelay)
    vTaskMissedYield                         0x08006065   Thumb Code     8  tasks.o(i.vTaskMissedYield)
    vTaskPlaceOnEventList                    0x08006071   Thumb Code    80  tasks.o(i.vTaskPlaceOnEventList)
    vTaskPriorityInherit                     0x080060c9   Thumb Code   124  tasks.o(i.vTaskPriorityInherit)
    vTaskSetTimeOutState                     0x0800614d   Thumb Code    22  tasks.o(i.vTaskSetTimeOutState)
    vTaskStartScheduler                      0x08006169   Thumb Code    60  tasks.o(i.vTaskStartScheduler)
    vTaskSuspendAll                          0x080061b5   Thumb Code    10  tasks.o(i.vTaskSuspendAll)
    vTaskSwitchContext                       0x080061c5   Thumb Code    74  tasks.o(i.vTaskSwitchContext)
    xPortStartScheduler                      0x08006219   Thumb Code   116  port.o(i.xPortStartScheduler)
    xPortSysTickHandler                      0x0800629d   Thumb Code    30  port.o(i.xPortSysTickHandler)
    xQueueCreateCountingSemaphore            0x080062c1   Thumb Code    42  queue.o(i.xQueueCreateCountingSemaphore)
    xQueueGenericCreate                      0x080062eb   Thumb Code    70  queue.o(i.xQueueGenericCreate)
    xQueueGenericReceive                     0x08006331   Thumb Code   302  queue.o(i.xQueueGenericReceive)
    xQueueGenericReset                       0x0800645f   Thumb Code   106  queue.o(i.xQueueGenericReset)
    xQueueGenericSend                        0x080064c9   Thumb Code   276  queue.o(i.xQueueGenericSend)
    xQueueGenericSendFromISR                 0x080065dd   Thumb Code   146  queue.o(i.xQueueGenericSendFromISR)
    xQueueReceiveFromISR                     0x0800666f   Thumb Code   118  queue.o(i.xQueueReceiveFromISR)
    xTaskCheckForTimeOut                     0x080066e5   Thumb Code    82  tasks.o(i.xTaskCheckForTimeOut)
    xTaskGenericCreate                       0x0800673d   Thumb Code   380  tasks.o(i.xTaskGenericCreate)
    xTaskGetSchedulerState                   0x080068c1   Thumb Code    22  tasks.o(i.xTaskGetSchedulerState)
    xTaskIncrementTick                       0x080068dd   Thumb Code   184  tasks.o(i.xTaskIncrementTick)
    xTaskPriorityDisinherit                  0x0800699d   Thumb Code   112  tasks.o(i.xTaskPriorityDisinherit)
    xTaskRemoveFromEventList                 0x08006a15   Thumb Code    98  tasks.o(i.xTaskRemoveFromEventList)
    xTaskResumeAll                           0x08006a81   Thumb Code   162  tasks.o(i.xTaskResumeAll)
    APBAHBPrescTable                         0x08006b2c   Data          16  stm32f4xx_hal_rcc.o(.constdata)
    STORAGE_Inquirydata_FS                   0x08006b50   Data          36  usbd_storage_if.o(.constdata)
    MSC_Page00_Inquiry_Data                  0x08006b74   Data           7  usbd_msc_data.o(.constdata)
    MSC_Mode_Sense6_data                     0x08006b7b   Data           8  usbd_msc_data.o(.constdata)
    MSC_Mode_Sense10_data                    0x08006b83   Data           8  usbd_msc_data.o(.constdata)
    Region$$Table$$Base                      0x08006b98   Number         0  anon$$obj.o(Region$$Table)
    Region$$Table$$Limit                     0x08006bb8   Number         0  anon$$obj.o(Region$$Table)
    retUSER                                  0x20000004   Data           1  fatfs.o(.data)
    USER_Path                                0x20000005   Data           4  fatfs.o(.data)
    USER_Driver                              0x20000018   Data          20  user_diskio.o(.data)
    defaultTaskHandle                        0x2000002c   Data           4  main.o(.data)
    FS_Desc                                  0x20000030   Data          28  usbd_desc.o(.data)
    USBD_LangIDDesc                          0x2000004c   Data           4  usbd_desc.o(.data)
    USBD_FS_DeviceDesc                       0x20000050   Data          18  usbd_desc.o(.data)
    USBD_Storage_Interface_fops_FS           0x20000064   Data          32  usbd_storage_if.o(.data)
    SystemCoreClock                          0x20000084   Data           4  system_stm32f4xx.o(.data)
    AHBPrescTable                            0x20000088   Data          16  system_stm32f4xx.o(.data)
    pxCurrentTCB                             0x200000b0   Data           4  tasks.o(.data)
    USBD_MSC                                 0x20000100   Data          60  usbd_msc.o(.data)
    USBD_MSC_CfgHSDesc                       0x2000013c   Data          32  usbd_msc.o(.data)
    USBD_MSC_CfgFSDesc                       0x2000015c   Data          32  usbd_msc.o(.data)
    USBD_MSC_OtherSpeedCfgDesc               0x2000017c   Data          32  usbd_msc.o(.data)
    USBD_MSC_DeviceQualifierDesc             0x2000019c   Data          10  usbd_msc.o(.data)
    __microlib_freelist                      0x200001a8   Data           4  mvars.o(.data)
    __microlib_freelist_initialised          0x200001ac   Data           4  mvars.o(.data)
    FLASHFS                                  0x200001b0   Data        2100  fatfs.o(.bss)
    hadc1                                    0x200009e4   Data          68  main.o(.bss)
    hdma2d                                   0x20000a28   Data          64  main.o(.bss)
    hi2c3                                    0x20000a68   Data          60  main.o(.bss)
    hltdc                                    0x20000aa4   Data         168  main.o(.bss)
    hspi3                                    0x20000b4c   Data          88  main.o(.bss)
    hspi5                                    0x20000ba4   Data          88  main.o(.bss)
    hspi6                                    0x20000bfc   Data          88  main.o(.bss)
    htim2                                    0x20000c54   Data          60  main.o(.bss)
    htim5                                    0x20000c90   Data          60  main.o(.bss)
    hsdram1                                  0x20000ccc   Data          52  main.o(.bss)
    USBD_StrDesc                             0x20000d00   Data         512  usbd_desc.o(.bss)
    hUsbDeviceFS                             0x20000f00   Data         548  usb_device.o(.bss)
    hpcd_USB_OTG_FS                          0x20001124   Data         948  usbd_conf.o(.bss)
    xQueueRegistry                           0x200051c8   Data          64  queue.o(.bss)
    disk                                     0x20005220   Data          12  ff_gen_drv.o(.bss)
    SPI_FLASH_BUF                            0x2000522c   Data        4096  spiflash.o(.bss)
    __heap_base                              0x20006230   Data           0  startup_stm32f429xx.o(HEAP)
    __heap_limit                             0x20006430   Data           0  startup_stm32f429xx.o(HEAP)
    __initial_sp                             0x20006830   Data           0  startup_stm32f429xx.o(STACK)



==============================================================================

Memory Map of the image

  Image Entry point : 0x080001ad

  Load Region LR_IROM1 (Base: 0x08000000, Size: 0x00006d68, Max: 0x00200000, ABSOLUTE, COMPRESSED[0x00006c7c])

    Execution Region ER_IROM1 (Base: 0x08000000, Size: 0x00006bb8, Max: 0x00200000, ABSOLUTE)

    Base Addr    Size         Type   Attr      Idx    E Section Name        Object

    0x08000000   0x000001ac   Data   RO         4860    RESET               startup_stm32f429xx.o
    0x080001ac   0x00000000   Code   RO         7121  * .ARM.Collect$$$$00000000  mc_w.l(entry.o)
    0x080001ac   0x00000004   Code   RO         7166    .ARM.Collect$$$$00000001  mc_w.l(entry2.o)
    0x080001b0   0x00000004   Code   RO         7169    .ARM.Collect$$$$00000004  mc_w.l(entry5.o)
    0x080001b4   0x00000000   Code   RO         7171    .ARM.Collect$$$$00000008  mc_w.l(entry7b.o)
    0x080001b4   0x00000000   Code   RO         7173    .ARM.Collect$$$$0000000A  mc_w.l(entry8b.o)
    0x080001b4   0x00000008   Code   RO         7174    .ARM.Collect$$$$0000000B  mc_w.l(entry9a.o)
    0x080001bc   0x00000000   Code   RO         7176    .ARM.Collect$$$$0000000D  mc_w.l(entry10a.o)
    0x080001bc   0x00000000   Code   RO         7178    .ARM.Collect$$$$0000000F  mc_w.l(entry11a.o)
    0x080001bc   0x00000004   Code   RO         7167    .ARM.Collect$$$$00002712  mc_w.l(entry2.o)
    0x080001c0   0x000000c6   Code   RO         5358    .emb_text           port.o
    0x08000286   0x00000002   PAD
    0x08000288   0x00000024   Code   RO         4861    .text               startup_stm32f429xx.o
    0x080002ac   0x00000024   Code   RO         7124    .text               mc_w.l(memcpya.o)
    0x080002d0   0x00000024   Code   RO         7126    .text               mc_w.l(memseta.o)
    0x080002f4   0x000000e4   Code   RO         7158    .text               mf_w.l(dmul.o)
    0x080003d8   0x000000de   Code   RO         7160    .text               mf_w.l(ddiv.o)
    0x080004b6   0x0000001a   Code   RO         7162    .text               mf_w.l(dfltui.o)
    0x080004d0   0x00000030   Code   RO         7164    .text               mf_w.l(cdcmple.o)
    0x08000500   0x00000000   Code   RO         7182    .text               mc_w.l(iusefp.o)
    0x08000500   0x000000ba   Code   RO         7183    .text               mf_w.l(depilogue.o)
    0x080005ba   0x00000002   PAD
    0x080005bc   0x00000024   Code   RO         7185    .text               mc_w.l(init.o)
    0x080005e0   0x0000001e   Code   RO         7187    .text               mc_w.l(llshl.o)
    0x080005fe   0x00000020   Code   RO         7189    .text               mc_w.l(llushr.o)
    0x0800061e   0x00000056   Code   RO         7199    .text               mc_w.l(__dczerorl2.o)
    0x08000674   0x000000a4   Code   RO         7074    i.ADC_GetValue      adc.o
    0x08000718   0x00000134   Code   RO         2416    i.ADC_Init          stm32f4xx_hal_adc.o
    0x0800084c   0x00000060   Code   RO         6905    i.Board_Init        int.o
    0x080008ac   0x00000010   Code   RO         6938    i.DP_EN             pwr.o
    0x080008bc   0x00000038   Code   RO         6354    i.FATFS_LinkDriver  ff_gen_drv.o
    0x080008f4   0x0000004c   Code   RO         2212    i.FMC_SDRAM_Init    stm32f4xx_ll_fmc.o
    0x08000940   0x0000007c   Code   RO         2216    i.FMC_SDRAM_Timing_Init  stm32f4xx_ll_fmc.o
    0x080009bc   0x00000154   Code   RO         2418    i.HAL_ADC_ConfigChannel  stm32f4xx_hal_adc.o
    0x08000b10   0x00000006   Code   RO         2425    i.HAL_ADC_GetValue  stm32f4xx_hal_adc.o
    0x08000b16   0x0000003a   Code   RO         2427    i.HAL_ADC_Init      stm32f4xx_hal_adc.o
    0x08000b50   0x00000044   Code   RO         4147    i.HAL_ADC_MspInit   stm32f4xx_hal_msp.o
    0x08000b94   0x0000006c   Code   RO         2431    i.HAL_ADC_PollForConversion  stm32f4xx_hal_adc.o
    0x08000c00   0x0000008c   Code   RO         2433    i.HAL_ADC_Start     stm32f4xx_hal_adc.o
    0x08000c8c   0x00000014   Code   RO         2436    i.HAL_ADC_Stop      stm32f4xx_hal_adc.o
    0x08000ca0   0x0000005a   Code   RO         3379    i.HAL_DMA2D_Init    stm32f4xx_hal_dma2d.o
    0x08000cfa   0x00000002   PAD
    0x08000cfc   0x00000028   Code   RO         4149    i.HAL_DMA2D_MspInit  stm32f4xx_hal_msp.o
    0x08000d24   0x00000016   Code   RO         3198    i.HAL_Delay         stm32f4xx_hal.o
    0x08000d3a   0x00000002   PAD
    0x08000d3c   0x000000cc   Code   RO         4150    i.HAL_FMC_MspInit   stm32f4xx_hal_msp.o
    0x08000e08   0x000001cc   Code   RO         2586    i.HAL_GPIO_Init     stm32f4xx_hal_gpio.o
    0x08000fd4   0x0000000a   Code   RO         2590    i.HAL_GPIO_WritePin  stm32f4xx_hal_gpio.o
    0x08000fde   0x00000002   PAD
    0x08000fe0   0x0000000c   Code   RO         3206    i.HAL_GetTick       stm32f4xx_hal.o
    0x08000fec   0x00000100   Code   RO         1652    i.HAL_I2C_Init      stm32f4xx_hal_i2c.o
    0x080010ec   0x00000058   Code   RO         4152    i.HAL_I2C_MspInit   stm32f4xx_hal_msp.o
    0x08001144   0x00000010   Code   RO         3207    i.HAL_IncTick       stm32f4xx_hal.o
    0x08001154   0x00000034   Code   RO         3208    i.HAL_Init          stm32f4xx_hal.o
    0x08001188   0x00000022   Code   RO         3209    i.HAL_InitTick      stm32f4xx_hal.o
    0x080011aa   0x00000002   PAD
    0x080011ac   0x000000fc   Code   RO         2693    i.HAL_LTDC_Init     stm32f4xx_hal_ltdc.o
    0x080012a8   0x00000120   Code   RO         4154    i.HAL_LTDC_MspInit  stm32f4xx_hal_msp.o
    0x080013c8   0x00000016   Code   RO         4155    i.HAL_MspInit       stm32f4xx_hal_msp.o
    0x080013de   0x00000016   Code   RO         1176    i.HAL_NVIC_EnableIRQ  stm32f4xx_hal_cortex.o
    0x080013f4   0x00000040   Code   RO         1182    i.HAL_NVIC_SetPriority  stm32f4xx_hal_cortex.o
    0x08001434   0x00000024   Code   RO         1183    i.HAL_NVIC_SetPriorityGrouping  stm32f4xx_hal_cortex.o
    0x08001458   0x00000008   Code   RO         3510    i.HAL_PCDEx_SetRxFiFo  stm32f4xx_hal_pcd_ex.o
    0x08001460   0x00000044   Code   RO         3511    i.HAL_PCDEx_SetTxFiFo  stm32f4xx_hal_pcd_ex.o
    0x080014a4   0x00000008   Code   RO         4672    i.HAL_PCD_ConnectCallback  usbd_conf.o
    0x080014ac   0x00000012   Code   RO         4673    i.HAL_PCD_DataInStageCallback  usbd_conf.o
    0x080014be   0x00000014   Code   RO         4674    i.HAL_PCD_DataOutStageCallback  usbd_conf.o
    0x080014d2   0x00000008   Code   RO         4675    i.HAL_PCD_DisconnectCallback  usbd_conf.o
    0x080014da   0x00000044   Code   RO         3549    i.HAL_PCD_EP_Close  stm32f4xx_hal_pcd.o
    0x0800151e   0x00000050   Code   RO         3550    i.HAL_PCD_EP_ClrStall  stm32f4xx_hal_pcd.o
    0x0800156e   0x00000034   Code   RO         3551    i.HAL_PCD_EP_Flush  stm32f4xx_hal_pcd.o
    0x080015a2   0x00000014   Code   RO         3552    i.HAL_PCD_EP_GetRxCount  stm32f4xx_hal_pcd.o
    0x080015b6   0x00000054   Code   RO         3553    i.HAL_PCD_EP_Open   stm32f4xx_hal_pcd.o
    0x0800160a   0x00000002   PAD
    0x0800160c   0x0000005e   Code   RO         3554    i.HAL_PCD_EP_Receive  stm32f4xx_hal_pcd.o
    0x0800166a   0x00000060   Code   RO         3555    i.HAL_PCD_EP_SetStall  stm32f4xx_hal_pcd.o
    0x080016ca   0x00000056   Code   RO         3556    i.HAL_PCD_EP_Transmit  stm32f4xx_hal_pcd.o
    0x08001720   0x000003e4   Code   RO         3558    i.HAL_PCD_IRQHandler  stm32f4xx_hal_pcd.o
    0x08001b04   0x00000008   Code   RO         4676    i.HAL_PCD_ISOINIncompleteCallback  usbd_conf.o
    0x08001b0c   0x00000008   Code   RO         4677    i.HAL_PCD_ISOOUTIncompleteCallback  usbd_conf.o
    0x08001b14   0x000000be   Code   RO         3561    i.HAL_PCD_Init      stm32f4xx_hal_pcd.o
    0x08001bd2   0x00000002   PAD
    0x08001bd4   0x00000078   Code   RO         4679    i.HAL_PCD_MspInit   usbd_conf.o
    0x08001c4c   0x00000020   Code   RO         4680    i.HAL_PCD_ResetCallback  usbd_conf.o
    0x08001c6c   0x00000008   Code   RO         4681    i.HAL_PCD_ResumeCallback  usbd_conf.o
    0x08001c74   0x00000008   Code   RO         4682    i.HAL_PCD_SOFCallback  usbd_conf.o
    0x08001c7c   0x00000024   Code   RO         3567    i.HAL_PCD_SetAddress  stm32f4xx_hal_pcd.o
    0x08001ca0   0x0000000e   Code   RO         4683    i.HAL_PCD_SetupStageCallback  usbd_conf.o
    0x08001cae   0x0000002a   Code   RO         3569    i.HAL_PCD_Start     stm32f4xx_hal_pcd.o
    0x08001cd8   0x00000030   Code   RO         4684    i.HAL_PCD_SuspendCallback  usbd_conf.o
    0x08001d08   0x000002bc   Code   RO         3042    i.HAL_RCCEx_PeriphCLKConfig  stm32f4xx_hal_rcc_ex.o
    0x08001fc4   0x0000020c   Code   RO         1070    i.HAL_RCC_ClockConfig  stm32f4xx_hal_rcc.o
    0x080021d0   0x00000034   Code   RO         1075    i.HAL_RCC_GetHCLKFreq  stm32f4xx_hal_rcc.o
    0x08002204   0x0000002c   Code   RO         1077    i.HAL_RCC_GetPCLK1Freq  stm32f4xx_hal_rcc.o
    0x08002230   0x00000070   Code   RO         1079    i.HAL_RCC_GetSysClockFreq  stm32f4xx_hal_rcc.o
    0x080022a0   0x0000033c   Code   RO         1082    i.HAL_RCC_OscConfig  stm32f4xx_hal_rcc.o
    0x080025dc   0x00000042   Code   RO         1402    i.HAL_SDRAM_Init    stm32f4xx_hal_sdram.o
    0x0800261e   0x00000004   Code   RO         4157    i.HAL_SDRAM_MspInit  stm32f4xx_hal_msp.o
    0x08002622   0x00000084   Code   RO         1956    i.HAL_SPI_Init      stm32f4xx_hal_spi.o
    0x080026a6   0x00000002   PAD
    0x080026a8   0x000000b4   Code   RO         4159    i.HAL_SPI_MspInit   stm32f4xx_hal_msp.o
    0x0800275c   0x000002aa   Code   RO         1965    i.HAL_SPI_TransmitReceive  stm32f4xx_hal_spi.o
    0x08002a06   0x00000028   Code   RO         1187    i.HAL_SYSTICK_Config  stm32f4xx_hal_cortex.o
    0x08002a2e   0x00000050   Code   RO          775    i.HAL_TIMEx_MasterConfigSynchronization  stm32f4xx_hal_tim_ex.o
    0x08002a7e   0x000000d0   Code   RO           72    i.HAL_TIM_PWM_ConfigChannel  stm32f4xx_hal_tim.o
    0x08002b4e   0x00000036   Code   RO           75    i.HAL_TIM_PWM_Init  stm32f4xx_hal_tim.o
    0x08002b84   0x00000070   Code   RO         4161    i.HAL_TIM_PWM_MspInit  stm32f4xx_hal_msp.o
    0x08002bf4   0x00000038   Code   RO           79    i.HAL_TIM_PWM_Start  stm32f4xx_hal_tim.o
    0x08002c2c   0x0000005c   Code   RO           82    i.HAL_TIM_PWM_Stop  stm32f4xx_hal_tim.o
    0x08002c88   0x00000042   Code   RO         6392    i.MSC_BOT_Abort     usbd_msc_bot.o
    0x08002cca   0x00000002   PAD
    0x08002ccc   0x000000cc   Code   RO         6393    i.MSC_BOT_CBW_Decode  usbd_msc_bot.o
    0x08002d98   0x0000002a   Code   RO         6394    i.MSC_BOT_CplClrFeature  usbd_msc_bot.o
    0x08002dc2   0x0000003a   Code   RO         6395    i.MSC_BOT_DataIn    usbd_msc_bot.o
    0x08002dfc   0x0000003a   Code   RO         6396    i.MSC_BOT_DataOut   usbd_msc_bot.o
    0x08002e36   0x0000000a   Code   RO         6397    i.MSC_BOT_DeInit    usbd_msc_bot.o
    0x08002e40   0x00000042   Code   RO         6398    i.MSC_BOT_Init      usbd_msc_bot.o
    0x08002e82   0x00000016   Code   RO         6399    i.MSC_BOT_Reset     usbd_msc_bot.o
    0x08002e98   0x0000003c   Code   RO         6400    i.MSC_BOT_SendCSW   usbd_msc_bot.o
    0x08002ed4   0x00000040   Code   RO         4363    i.MX_ADC1_Init      main.o
    0x08002f14   0x0000002c   Code   RO         4038    i.MX_FATFS_Init     fatfs.o
    0x08002f40   0x00000048   Code   RO         4364    i.MX_FMC_Init       main.o
    0x08002f88   0x00000180   Code   RO         4365    i.MX_GPIO_Init      main.o
    0x08003108   0x00000050   Code   RO         4366    i.MX_LTDC_Init      main.o
    0x08003158   0x00000030   Code   RO         4367    i.MX_SPI3_Init      main.o
    0x08003188   0x00000034   Code   RO         4368    i.MX_SPI5_Init      main.o
    0x080031bc   0x00000030   Code   RO         4369    i.MX_SPI6_Init      main.o
    0x080031ec   0x0000004c   Code   RO         4370    i.MX_TIM2_Init      main.o
    0x08003238   0x00000044   Code   RO         4371    i.MX_TIM5_Init      main.o
    0x0800327c   0x00000038   Code   RO         4634    i.MX_USB_DEVICE_Init  usb_device.o
    0x080032b4   0x00000020   Code   RO         1189    i.NVIC_SetPriority  stm32f4xx_hal_cortex.o
    0x080032d4   0x0000000c   Code   RO         4329    i.OTG_FS_IRQHandler  stm32f4xx_it.o
    0x080032e0   0x00000096   Code   RO         3572    i.PCD_WriteEmptyTxFifo  stm32f4xx_hal_pcd.o
    0x08003376   0x00000022   Code   RO         6810    i.SCSI_CheckAddressRange  usbd_msc_scsi.o
    0x08003398   0x000001cc   Code   RO         6811    i.SCSI_ProcessCmd   usbd_msc_scsi.o
    0x08003564   0x0000008c   Code   RO         6812    i.SCSI_ProcessRead  usbd_msc_scsi.o
    0x080035f0   0x00000098   Code   RO         6813    i.SCSI_ProcessWrite  usbd_msc_scsi.o
    0x08003688   0x000000aa   Code   RO         6814    i.SCSI_Read10       usbd_msc_scsi.o
    0x08003732   0x00000056   Code   RO         6815    i.SCSI_ReadCapacity10  usbd_msc_scsi.o
    0x08003788   0x0000006e   Code   RO         6816    i.SCSI_ReadFormatCapacity  usbd_msc_scsi.o
    0x080037f6   0x00000036   Code   RO         6817    i.SCSI_SenseCode    usbd_msc_scsi.o
    0x0800382c   0x000000ca   Code   RO         6818    i.SCSI_Write10      usbd_msc_scsi.o
    0x080038f6   0x00000002   PAD
    0x080038f8   0x00000020   Code   RO         6962    i.SPI1_ReadWriteByte  spiflash.o
    0x08003918   0x00000010   Code   RO         6963    i.SPI_FLASH_CS      spiflash.o
    0x08003928   0x00000018   Code   RO         6965    i.SPI_FLASH_Write_Enable  spiflash.o
    0x08003940   0x0000003c   Code   RO         6968    i.SPI_Flash_Erase_Sector  spiflash.o
    0x0800397c   0x00000048   Code   RO         6970    i.SPI_Flash_Read    spiflash.o
    0x080039c4   0x00000020   Code   RO         6972    i.SPI_Flash_ReadSR  spiflash.o
    0x080039e4   0x0000000e   Code   RO         6974    i.SPI_Flash_Wait_Busy  spiflash.o
    0x080039f2   0x00000002   PAD
    0x080039f4   0x0000009c   Code   RO         6975    i.SPI_Flash_Write   spiflash.o
    0x08003a90   0x0000003e   Code   RO         6976    i.SPI_Flash_Write_NoCheck  spiflash.o
    0x08003ace   0x0000004e   Code   RO         6977    i.SPI_Flash_Write_Page  spiflash.o
    0x08003b1c   0x0000009e   Code   RO         1987    i.SPI_WaitOnFlagUntilTimeout  stm32f4xx_hal_spi.o
    0x08003bba   0x0000000e   Code   RO         4561    i.STORAGE_GetCapacity_FS  usbd_storage_if.o
    0x08003bc8   0x00000004   Code   RO         4562    i.STORAGE_GetMaxLun_FS  usbd_storage_if.o
    0x08003bcc   0x00000004   Code   RO         4563    i.STORAGE_Init_FS   usbd_storage_if.o
    0x08003bd0   0x00000004   Code   RO         4564    i.STORAGE_IsReady_FS  usbd_storage_if.o
    0x08003bd4   0x00000004   Code   RO         4565    i.STORAGE_IsWriteProtected_FS  usbd_storage_if.o
    0x08003bd8   0x00000012   Code   RO         4566    i.STORAGE_Read_FS   usbd_storage_if.o
    0x08003bea   0x00000012   Code   RO         4567    i.STORAGE_Write_FS  usbd_storage_if.o
    0x08003bfc   0x00000010   Code   RO         4372    i.StartDefaultTask  main.o
    0x08003c0c   0x0000000e   Code   RO         4330    i.SysTick_Handler   stm32f4xx_it.o
    0x08003c1a   0x00000002   PAD
    0x08003c1c   0x00000088   Code   RO         4373    i.SystemClock_Config  main.o
    0x08003ca4   0x00000054   Code   RO         4869    i.SystemInit        system_stm32f4xx.o
    0x08003cf8   0x000000c0   Code   RO           90    i.TIM_Base_SetConfig  stm32f4xx_hal_tim.o
    0x08003db8   0x00000016   Code   RO           91    i.TIM_CCxChannelCmd  stm32f4xx_hal_tim.o
    0x08003dce   0x00000002   PAD
    0x08003dd0   0x00000058   Code   RO           99    i.TIM_OC1_SetConfig  stm32f4xx_hal_tim.o
    0x08003e28   0x00000064   Code   RO          100    i.TIM_OC2_SetConfig  stm32f4xx_hal_tim.o
    0x08003e8c   0x00000060   Code   RO          101    i.TIM_OC3_SetConfig  stm32f4xx_hal_tim.o
    0x08003eec   0x00000050   Code   RO          102    i.TIM_OC4_SetConfig  stm32f4xx_hal_tim.o
    0x08003f3c   0x0000000e   Code   RO         6672    i.USBD_ClrClassConfig  usbd_core.o
    0x08003f4a   0x00000010   Code   RO         6612    i.USBD_CtlContinueRx  usbd_ioreq.o
    0x08003f5a   0x00000010   Code   RO         6613    i.USBD_CtlContinueSendData  usbd_ioreq.o
    0x08003f6a   0x00000016   Code   RO         6462    i.USBD_CtlError     usbd_ctlreq.o
    0x08003f80   0x00000016   Code   RO         6615    i.USBD_CtlReceiveStatus  usbd_ioreq.o
    0x08003f96   0x0000001a   Code   RO         6616    i.USBD_CtlSendData  usbd_ioreq.o
    0x08003fb0   0x00000016   Code   RO         6617    i.USBD_CtlSendStatus  usbd_ioreq.o
    0x08003fc6   0x00000002   PAD
    0x08003fc8   0x0000001c   Code   RO         4481    i.USBD_FS_ConfigStrDescriptor  usbd_desc.o
    0x08003fe4   0x0000000c   Code   RO         4482    i.USBD_FS_DeviceDescriptor  usbd_desc.o
    0x08003ff0   0x0000001c   Code   RO         4483    i.USBD_FS_InterfaceStrDescriptor  usbd_desc.o
    0x0800400c   0x0000000c   Code   RO         4484    i.USBD_FS_LangIDStrDescriptor  usbd_desc.o
    0x08004018   0x0000001c   Code   RO         4485    i.USBD_FS_ManufacturerStrDescriptor  usbd_desc.o
    0x08004034   0x0000001c   Code   RO         4486    i.USBD_FS_ProductStrDescriptor  usbd_desc.o
    0x08004050   0x00000018   Code   RO         4487    i.USBD_FS_SerialStrDescriptor  usbd_desc.o
    0x08004068   0x000000f2   Code   RO         6463    i.USBD_GetDescriptor  usbd_ctlreq.o
    0x0800415a   0x00000046   Code   RO         6464    i.USBD_GetString    usbd_ctlreq.o
    0x080041a0   0x0000002a   Code   RO         6674    i.USBD_Init         usbd_core.o
    0x080041ca   0x0000000e   Code   RO         4685    i.USBD_LL_ClearStallEP  usbd_conf.o
    0x080041d8   0x0000000e   Code   RO         4686    i.USBD_LL_CloseEP   usbd_conf.o
    0x080041e6   0x000000aa   Code   RO         6675    i.USBD_LL_DataInStage  usbd_core.o
    0x08004290   0x0000006a   Code   RO         6676    i.USBD_LL_DataOutStage  usbd_core.o
    0x080042fa   0x00000004   Code   RO         6677    i.USBD_LL_DevConnected  usbd_core.o
    0x080042fe   0x00000016   Code   RO         6678    i.USBD_LL_DevDisconnected  usbd_core.o
    0x08004314   0x0000000e   Code   RO         4689    i.USBD_LL_FlushEP   usbd_conf.o
    0x08004322   0x00000008   Code   RO         4690    i.USBD_LL_GetRxDataSize  usbd_conf.o
    0x0800432a   0x00000002   PAD
    0x0800432c   0x0000005c   Code   RO         4691    i.USBD_LL_Init      usbd_conf.o
    0x08004388   0x00000020   Code   RO         4692    i.USBD_LL_IsStallEP  usbd_conf.o
    0x080043a8   0x00000004   Code   RO         6679    i.USBD_LL_IsoINIncomplete  usbd_core.o
    0x080043ac   0x00000004   Code   RO         6680    i.USBD_LL_IsoOUTIncomplete  usbd_core.o
    0x080043b0   0x00000014   Code   RO         4693    i.USBD_LL_OpenEP    usbd_conf.o
    0x080043c4   0x0000000e   Code   RO         4694    i.USBD_LL_PrepareReceive  usbd_conf.o
    0x080043d2   0x0000003e   Code   RO         6681    i.USBD_LL_Reset     usbd_core.o
    0x08004410   0x0000000c   Code   RO         6682    i.USBD_LL_Resume    usbd_core.o
    0x0800441c   0x00000018   Code   RO         6683    i.USBD_LL_SOF       usbd_core.o
    0x08004434   0x00000006   Code   RO         6684    i.USBD_LL_SetSpeed  usbd_core.o
    0x0800443a   0x0000000e   Code   RO         4695    i.USBD_LL_SetUSBAddress  usbd_conf.o
    0x08004448   0x0000005a   Code   RO         6685    i.USBD_LL_SetupStage  usbd_core.o
    0x080044a2   0x0000000e   Code   RO         4696    i.USBD_LL_StallEP   usbd_conf.o
    0x080044b0   0x0000000e   Code   RO         4697    i.USBD_LL_Start     usbd_conf.o
    0x080044be   0x00000012   Code   RO         6686    i.USBD_LL_Suspend   usbd_core.o
    0x080044d0   0x0000000e   Code   RO         4699    i.USBD_LL_Transmit  usbd_conf.o
    0x080044de   0x0000000a   Code   RO         6527    i.USBD_MSC_DataIn   usbd_msc.o
    0x080044e8   0x0000000a   Code   RO         6528    i.USBD_MSC_DataOut  usbd_msc.o
    0x080044f2   0x0000002c   Code   RO         6529    i.USBD_MSC_DeInit   usbd_msc.o
    0x0800451e   0x00000002   PAD
    0x08004520   0x0000000c   Code   RO         6530    i.USBD_MSC_GetDeviceQualifierDescriptor  usbd_msc.o
    0x0800452c   0x0000000c   Code   RO         6531    i.USBD_MSC_GetFSCfgDesc  usbd_msc.o
    0x08004538   0x0000000c   Code   RO         6532    i.USBD_MSC_GetHSCfgDesc  usbd_msc.o
    0x08004544   0x0000000c   Code   RO         6533    i.USBD_MSC_GetOtherSpeedCfgDesc  usbd_msc.o
    0x08004550   0x00000052   Code   RO         6534    i.USBD_MSC_Init     usbd_msc.o
    0x080045a2   0x0000000a   Code   RO         6535    i.USBD_MSC_RegisterStorage  usbd_msc.o
    0x080045ac   0x000000c2   Code   RO         6536    i.USBD_MSC_Setup    usbd_msc.o
    0x0800466e   0x00000028   Code   RO         6465    i.USBD_ParseSetupRequest  usbd_ctlreq.o
    0x08004696   0x00000010   Code   RO         6687    i.USBD_RegisterClass  usbd_core.o
    0x080046a6   0x00000016   Code   RO         6689    i.USBD_SetClassConfig  usbd_core.o
    0x080046bc   0x00000074   Code   RO         6466    i.USBD_SetConfig    usbd_ctlreq.o
    0x08004730   0x0000000a   Code   RO         6690    i.USBD_Start        usbd_core.o
    0x0800473a   0x000000f2   Code   RO         6467    i.USBD_StdDevReq    usbd_ctlreq.o
    0x0800482c   0x000000dc   Code   RO         6468    i.USBD_StdEPReq     usbd_ctlreq.o
    0x08004908   0x00000034   Code   RO         6469    i.USBD_StdItfReq    usbd_ctlreq.o
    0x0800493c   0x00000080   Code   RO         3756    i.USB_ActivateEndpoint  stm32f4xx_ll_usb.o
    0x080049bc   0x00000034   Code   RO         3757    i.USB_ActivateSetup  stm32f4xx_ll_usb.o
    0x080049f0   0x0000006c   Code   RO         3759    i.USB_CoreInit      stm32f4xx_ll_usb.o
    0x08004a5c   0x00000038   Code   RO         3760    i.USB_CoreReset     stm32f4xx_ll_usb.o
    0x08004a94   0x0000006e   Code   RO         3762    i.USB_DeactivateEndpoint  stm32f4xx_ll_usb.o
    0x08004b02   0x00000018   Code   RO         3763    i.USB_DevConnect    stm32f4xx_ll_usb.o
    0x08004b1a   0x00000018   Code   RO         3764    i.USB_DevDisconnect  stm32f4xx_ll_usb.o
    0x08004b32   0x00000002   PAD
    0x08004b34   0x00000144   Code   RO         3765    i.USB_DevInit       stm32f4xx_ll_usb.o
    0x08004c78   0x0000000c   Code   RO         3766    i.USB_DisableGlobalInt  stm32f4xx_ll_usb.o
    0x08004c84   0x00000140   Code   RO         3769    i.USB_EP0StartXfer  stm32f4xx_ll_usb.o
    0x08004dc4   0x0000003e   Code   RO         3770    i.USB_EP0_OutStart  stm32f4xx_ll_usb.o
    0x08004e02   0x00000064   Code   RO         3771    i.USB_EPClearStall  stm32f4xx_ll_usb.o
    0x08004e66   0x0000005e   Code   RO         3772    i.USB_EPSetStall    stm32f4xx_ll_usb.o
    0x08004ec4   0x0000021c   Code   RO         3773    i.USB_EPStartXfer   stm32f4xx_ll_usb.o
    0x080050e0   0x0000000c   Code   RO         3774    i.USB_EnableGlobalInt  stm32f4xx_ll_usb.o
    0x080050ec   0x00000020   Code   RO         3775    i.USB_FlushRxFifo   stm32f4xx_ll_usb.o
    0x0800510c   0x00000024   Code   RO         3776    i.USB_FlushTxFifo   stm32f4xx_ll_usb.o
    0x08005130   0x0000003c   Code   RO         3778    i.USB_GetDevSpeed   stm32f4xx_ll_usb.o
    0x0800516c   0x00000008   Code   RO         3780    i.USB_GetMode       stm32f4xx_ll_usb.o
    0x08005174   0x0000000e   Code   RO         3787    i.USB_ReadDevAllInEpInterrupt  stm32f4xx_ll_usb.o
    0x08005182   0x0000000e   Code   RO         3788    i.USB_ReadDevAllOutEpInterrupt  stm32f4xx_ll_usb.o
    0x08005190   0x0000001e   Code   RO         3789    i.USB_ReadDevInEPInterrupt  stm32f4xx_ll_usb.o
    0x080051ae   0x00000010   Code   RO         3790    i.USB_ReadDevOutEPInterrupt  stm32f4xx_ll_usb.o
    0x080051be   0x00000008   Code   RO         3791    i.USB_ReadInterrupts  stm32f4xx_ll_usb.o
    0x080051c6   0x00000020   Code   RO         3792    i.USB_ReadPacket    stm32f4xx_ll_usb.o
    0x080051e6   0x0000002c   Code   RO         3794    i.USB_SetCurrentMode  stm32f4xx_ll_usb.o
    0x08005212   0x00000022   Code   RO         3795    i.USB_SetDevAddress  stm32f4xx_ll_usb.o
    0x08005234   0x00000028   Code   RO         3799    i.USB_WritePacket   stm32f4xx_ll_usb.o
    0x0800525c   0x00000018   Code   RO         4261    i.USER_initialize   user_diskio.o
    0x08005274   0x00000004   Code   RO         4262    i.USER_ioctl        user_diskio.o
    0x08005278   0x00000010   Code   RO         4263    i.USER_read         user_diskio.o
    0x08005288   0x00000018   Code   RO         4264    i.USER_status       user_diskio.o
    0x080052a0   0x00000010   Code   RO         4265    i.USER_write        user_diskio.o
    0x080052b0   0x0000000e   Code   RO         7193    i.__scatterload_copy  mc_w.l(handlers.o)
    0x080052be   0x00000002   Code   RO         7194    i.__scatterload_null  mc_w.l(handlers.o)
    0x080052c0   0x0000000e   Code   RO         7195    i.__scatterload_zeroinit  mc_w.l(handlers.o)
    0x080052ce   0x00000002   PAD
    0x080052d0   0x00000024   Code   RO         7099    i.beep              beep.o
    0x080052f4   0x00000060   Code   RO         6000    i.check_fs          ff.o
    0x08005354   0x00000024   Code   RO         6003    i.clear_lock        ff.o
    0x08005378   0x00000024   Code   RO         5887    i.disk_initialize   diskio.o
    0x0800539c   0x00000020   Code   RO         5889    i.disk_read         diskio.o
    0x080053bc   0x00000010   Code   RO         5890    i.disk_status       diskio.o
    0x080053cc   0x00000020   Code   RO         5891    i.disk_write        diskio.o
    0x080053ec   0x00000084   Code   RO         6023    i.f_mount           ff.o
    0x08005470   0x0000001a   Code   RO         5942    i.ff_cre_syncobj    syscall.o
    0x0800548a   0x0000000a   Code   RO         5943    i.ff_del_syncobj    syscall.o
    0x08005494   0x00000004   Code   RO         5946    i.ff_rel_grant      syscall.o
    0x08005498   0x00000014   Code   RO         5947    i.ff_req_grant      syscall.o
    0x080054ac   0x00000268   Code   RO         6038    i.find_volume       ff.o
    0x08005714   0x00000050   Code   RO         7130    i.free              mc_w.l(malloc.o)
    0x08005764   0x0000003c   Code   RO         6043    i.get_ldnumber      ff.o
    0x080057a0   0x0000000c   Code   RO         5548    i.inHandlerMode     cmsis_os.o
    0x080057ac   0x00000008   Code   RO         6046    i.lock_fs           ff.o
    0x080057b4   0x000000a0   Code   RO         4374    i.main              main.o
    0x08005854   0x0000000c   Code   RO         5549    i.makeFreeRtosPriority  cmsis_os.o
    0x08005860   0x0000006c   Code   RO         7131    i.malloc            mc_w.l(malloc.o)
    0x080058cc   0x00000032   Code   RO         6049    i.move_window       ff.o
    0x080058fe   0x0000000e   Code   RO         5550    i.osDelay           cmsis_os.o
    0x0800590c   0x0000000a   Code   RO         5553    i.osKernelStart     cmsis_os.o
    0x08005916   0x0000002e   Code   RO         5570    i.osSemaphoreCreate  cmsis_os.o
    0x08005944   0x00000018   Code   RO         5571    i.osSemaphoreDelete  cmsis_os.o
    0x0800595c   0x00000048   Code   RO         5572    i.osSemaphoreRelease  cmsis_os.o
    0x080059a4   0x00000060   Code   RO         5573    i.osSemaphoreWait   cmsis_os.o
    0x08005a04   0x00000014   Code   RO         5574    i.osSystickHandler  cmsis_os.o
    0x08005a18   0x00000038   Code   RO         5575    i.osThreadCreate    cmsis_os.o
    0x08005a50   0x00000034   Code   RO         4959    i.prvAddCurrentTaskToDelayedList  tasks.o
    0x08005a84   0x00000054   Code   RO         4960    i.prvCheckTasksWaitingTermination  tasks.o
    0x08005ad8   0x00000026   Code   RO         5202    i.prvCopyDataFromQueue  queue.o
    0x08005afe   0x0000006e   Code   RO         5203    i.prvCopyDataToQueue  queue.o
    0x08005b6c   0x0000004c   Code   RO         4901    i.prvHeapInit       heap_4.o
    0x08005bb8   0x00000018   Code   RO         4961    i.prvIdleTask       tasks.o
    0x08005bd0   0x0000004c   Code   RO         4902    i.prvInsertBlockIntoFreeList  heap_4.o
    0x08005c1c   0x00000020   Code   RO         4963    i.prvResetNextTaskUnblockTime  tasks.o
    0x08005c3c   0x00000018   Code   RO         5359    i.prvTaskExitError  port.o
    0x08005c54   0x00000064   Code   RO         5204    i.prvUnlockQueue    queue.o
    0x08005cb8   0x000000bc   Code   RO         4903    i.pvPortMalloc      heap_4.o
    0x08005d74   0x00000018   Code   RO         4965    i.pvTaskIncrementMutexHeldCount  tasks.o
    0x08005d8c   0x00000028   Code   RO         5360    i.pxPortInitialiseStack  port.o
    0x08005db4   0x0000005a   Code   RO         6056    i.sync_window       ff.o
    0x08005e0e   0x0000001e   Code   RO         6057    i.unlock_fs         ff.o
    0x08005e2c   0x00000024   Code   RO         5810    i.uxListRemove      list.o
    0x08005e50   0x00000016   Code   RO         5811    i.vListInitialise   list.o
    0x08005e66   0x00000006   Code   RO         5812    i.vListInitialiseItem  list.o
    0x08005e6c   0x00000030   Code   RO         5813    i.vListInsert       list.o
    0x08005e9c   0x00000018   Code   RO         5814    i.vListInsertEnd    list.o
    0x08005eb4   0x00000034   Code   RO         5362    i.vPortEnterCritical  port.o
    0x08005ee8   0x00000024   Code   RO         5363    i.vPortExitCritical  port.o
    0x08005f0c   0x00000048   Code   RO         4904    i.vPortFree         heap_4.o
    0x08005f54   0x00000020   Code   RO         5364    i.vPortSetupTimerInterrupt  port.o
    0x08005f74   0x00000040   Code   RO         5365    i.vPortValidateInterruptPriority  port.o
    0x08005fb4   0x00000018   Code   RO         5366    i.vPortYield        port.o
    0x08005fcc   0x00000022   Code   RO         5211    i.vQueueDelete      queue.o
    0x08005fee   0x00000002   PAD
    0x08005ff0   0x00000024   Code   RO         5213    i.vQueueUnregisterQueue  queue.o
    0x08006014   0x00000050   Code   RO         4971    i.vTaskDelay        tasks.o
    0x08006064   0x0000000c   Code   RO         4974    i.vTaskMissedYield  tasks.o
    0x08006070   0x00000058   Code   RO         4975    i.vTaskPlaceOnEventList  tasks.o
    0x080060c8   0x00000084   Code   RO         4977    i.vTaskPriorityInherit  tasks.o
    0x0800614c   0x0000001c   Code   RO         4981    i.vTaskSetTimeOutState  tasks.o
    0x08006168   0x0000004c   Code   RO         4982    i.vTaskStartScheduler  tasks.o
    0x080061b4   0x00000010   Code   RO         4984    i.vTaskSuspendAll   tasks.o
    0x080061c4   0x00000054   Code   RO         4985    i.vTaskSwitchContext  tasks.o
    0x08006218   0x00000084   Code   RO         5367    i.xPortStartScheduler  port.o
    0x0800629c   0x00000024   Code   RO         5368    i.xPortSysTickHandler  port.o
    0x080062c0   0x0000002a   Code   RO         5214    i.xQueueCreateCountingSemaphore  queue.o
    0x080062ea   0x00000046   Code   RO         5216    i.xQueueGenericCreate  queue.o
    0x08006330   0x0000012e   Code   RO         5217    i.xQueueGenericReceive  queue.o
    0x0800645e   0x0000006a   Code   RO         5218    i.xQueueGenericReset  queue.o
    0x080064c8   0x00000114   Code   RO         5219    i.xQueueGenericSend  queue.o
    0x080065dc   0x00000092   Code   RO         5220    i.xQueueGenericSendFromISR  queue.o
    0x0800666e   0x00000076   Code   RO         5225    i.xQueueReceiveFromISR  queue.o
    0x080066e4   0x00000058   Code   RO         4986    i.xTaskCheckForTimeOut  tasks.o
    0x0800673c   0x00000184   Code   RO         4987    i.xTaskGenericCreate  tasks.o
    0x080068c0   0x0000001c   Code   RO         4989    i.xTaskGetSchedulerState  tasks.o
    0x080068dc   0x000000c0   Code   RO         4992    i.xTaskIncrementTick  tasks.o
    0x0800699c   0x00000078   Code   RO         4993    i.xTaskPriorityDisinherit  tasks.o
    0x08006a14   0x0000006c   Code   RO         4994    i.xTaskRemoveFromEventList  tasks.o
    0x08006a80   0x000000ac   Code   RO         4996    i.xTaskResumeAll    tasks.o
    0x08006b2c   0x00000010   Data   RO         1083    .constdata          stm32f4xx_hal_rcc.o
    0x08006b3c   0x00000014   Data   RO         4376    .constdata          main.o
    0x08006b50   0x00000024   Data   RO         4568    .constdata          usbd_storage_if.o
    0x08006b74   0x00000007   Data   RO         6879    .constdata          usbd_msc_data.o
    0x08006b7b   0x00000008   Data   RO         6880    .constdata          usbd_msc_data.o
    0x08006b83   0x00000008   Data   RO         6881    .constdata          usbd_msc_data.o
    0x08006b8b   0x00000001   PAD
    0x08006b8c   0x0000000c   Data   RO         4377    .conststring        main.o
    0x08006b98   0x00000020   Data   RO         7191    Region$$Table       anon$$obj.o


    Execution Region RW_IRAM1 (Base: 0x20000000, Size: 0x00006830, Max: 0x00030000, ABSOLUTE, COMPRESSED[0x000000c4])

    Base Addr    Size         Type   Attr      Idx    E Section Name        Object

    0x20000000   0x00000004   Data   RW         3214    .data               stm32f4xx_hal.o
    0x20000004   0x00000005   Data   RW         4040    .data               fatfs.o
    0x20000009   0x00000003   PAD
    0x2000000c   0x00000008   Data   RW         4162    .data               stm32f4xx_hal_msp.o
    0x20000014   0x00000001   Data   RW         4266    .data               user_diskio.o
    0x20000015   0x00000003   PAD
    0x20000018   0x00000014   Data   RW         4267    .data               user_diskio.o
    0x2000002c   0x00000004   Data   RW         4378    .data               main.o
    0x20000030   0x0000001c   Data   RW         4489    .data               usbd_desc.o
    0x2000004c   0x00000016   Data   RW         4490    .data               usbd_desc.o
    0x20000062   0x00000002   PAD
    0x20000064   0x00000020   Data   RW         4569    .data               usbd_storage_if.o
    0x20000084   0x00000014   Data   RW         4870    .data               system_stm32f4xx.o
    0x20000098   0x00000018   Data   RW         4909    .data               heap_4.o
    0x200000b0   0x00000038   Data   RW         4999    .data               tasks.o
    0x200000e8   0x0000000c   Data   RW         5369    .data               port.o
    0x200000f4   0x00000008   Data   RW         6061    .data               ff.o
    0x200000fc   0x00000001   Data   RW         6470    .data               usbd_ctlreq.o
    0x200000fd   0x00000003   PAD
    0x20000100   0x0000003c   Data   RW         6537    .data               usbd_msc.o
    0x2000013c   0x0000006a   Data   RW         6538    .data               usbd_msc.o
    0x200001a6   0x00000002   PAD
    0x200001a8   0x00000004   Data   RW         7180    .data               mc_w.l(mvars.o)
    0x200001ac   0x00000004   Data   RW         7181    .data               mc_w.l(mvars.o)
    0x200001b0   0x00000834   Zero   RW         4039    .bss                fatfs.o
    0x200009e4   0x0000031c   Zero   RW         4375    .bss                main.o
    0x20000d00   0x00000200   Zero   RW         4488    .bss                usbd_desc.o
    0x20000f00   0x00000224   Zero   RW         4635    .bss                usb_device.o
    0x20001124   0x000003b4   Zero   RW         4700    .bss                usbd_conf.o
    0x200014d8   0x00003c00   Zero   RW         4908    .bss                heap_4.o
    0x200050d8   0x000000f0   Zero   RW         4998    .bss                tasks.o
    0x200051c8   0x00000040   Zero   RW         5227    .bss                queue.o
    0x20005208   0x00000018   Zero   RW         6059    .bss                ff.o
    0x20005220   0x0000000c   Zero   RW         6356    .bss                ff_gen_drv.o
    0x2000522c   0x00001000   Zero   RW         6978    .bss                spiflash.o
    0x2000622c   0x00000004   PAD
    0x20006230   0x00000200   Zero   RW         4859    HEAP                startup_stm32f429xx.o
    0x20006430   0x00000400   Zero   RW         4858    STACK               startup_stm32f429xx.o


==============================================================================

Image component sizes


      Code (inc. data)   RO Data    RW Data    ZI Data      Debug   Object Name

       164         40          0          0          0        571   adc.o
        36          6          0          0          0        467   beep.o
         0          0          0          0          0        484   ccsbcs.o
       362          8          0          0          0      11605   cmsis_os.o
       116         18          0          0          0       2728   diskio.o
        44         14          0          5       2100      23960   fatfs.o
      1118         28          0          8         24      10539   ff.o
        56          4          0          0         12        854   ff_gen_drv.o
       412         24          0         24      15360       5443   heap_4.o
        96          8          0          0          0        505   int.o
       136          0          0          0          0       3218   list.o
      1204        136         32          4        796      15408   main.o
       638         84          0         12          0       8814   port.o
        16          6          0          0          0        424   pwr.o
      1378          6          0          0         64      11328   queue.o
       546         16          0          0       4096       6179   spiflash.o
        36          8        428          0       1536        900   startup_stm32f429xx.o
       136         16          0          4          0       3974   stm32f4xx_hal.o
       980         38          0          0          0       5089   stm32f4xx_hal_adc.o
       194         14          0          0          0      29719   stm32f4xx_hal_cortex.o
        90          0          0          0          0       1141   stm32f4xx_hal_dma2d.o
       470         52          0          0          0       2240   stm32f4xx_hal_gpio.o
       256         10          0          0          0       1859   stm32f4xx_hal_i2c.o
       252          4          0          0          0       1108   stm32f4xx_hal_ltdc.o
      1006        164          0          8          0       6049   stm32f4xx_hal_msp.o
      1994          0          0          0          0      10216   stm32f4xx_hal_pcd.o
        76          0          0          0          0       1624   stm32f4xx_hal_pcd_ex.o
      1560         62         16          0          0       5240   stm32f4xx_hal_rcc.o
       700         36          0          0          0       1512   stm32f4xx_hal_rcc_ex.o
        66          0          0          0          0       1085   stm32f4xx_hal_sdram.o
       972          0          0          0          0       3129   stm32f4xx_hal_spi.o
       988         96          0          0          0     450643   stm32f4xx_hal_tim.o
        80          0          0          0          0       1196   stm32f4xx_hal_tim_ex.o
        26          6          0          0          0        914   stm32f4xx_it.o
       200          0          0          0          0       1801   stm32f4xx_ll_fmc.o
      2334         52          0          0          0      18108   stm32f4xx_ll_usb.o
        60          0          0          0          0       2684   syscall.o
        84         18          0         20          0       1273   system_stm32f4xx.o
      1828        146          0         56        240      17308   tasks.o
        56         18          0          0        548        680   usb_device.o
       564         18          0          0        948      12736   usbd_conf.o
       626          0          0          0          0      10894   usbd_core.o
      1004         30          0          1          0       6620   usbd_ctlreq.o
       160         64          0         50        512       4643   usbd_desc.o
       102          0          0          0          0       3416   usbd_ioreq.o
       398         16          0        166          0       8656   usbd_msc.o
       586         12          0          0          0       6585   usbd_msc_bot.o
         0          0         23          0          0        817   usbd_msc_data.o
      1408         12          0          0          0       8779   usbd_msc_scsi.o
        66          0         36         32          0       9085   usbd_storage_if.o
        84         12          0         21          0       3016   user_diskio.o

    ----------------------------------------------------------------------
     25800       1302        568        424      26240     747266   Object Totals
         0          0         32          0          0          0   (incl. Generated)
        36          0          1         13          4          0   (incl. Padding)

    ----------------------------------------------------------------------

      Code (inc. data)   RO Data    RW Data    ZI Data      Debug   Library Member Name

        86          0          0          0          0          0   __dczerorl2.o
         0          0          0          0          0          0   entry.o
         0          0          0          0          0          0   entry10a.o
         0          0          0          0          0          0   entry11a.o
         8          4          0          0          0          0   entry2.o
         4          0          0          0          0          0   entry5.o
         0          0          0          0          0          0   entry7b.o
         0          0          0          0          0          0   entry8b.o
         8          4          0          0          0          0   entry9a.o
        30          0          0          0          0          0   handlers.o
        36          8          0          0          0         68   init.o
         0          0          0          0          0          0   iusefp.o
        30          0          0          0          0         68   llshl.o
        32          0          0          0          0         68   llushr.o
       188         20          0          0          0        160   malloc.o
        36          0          0          0          0         68   memcpya.o
        36          0          0          0          0        108   memseta.o
         0          0          0          8          0          0   mvars.o
        48          0          0          0          0         68   cdcmple.o
       222          0          0          0          0        100   ddiv.o
       186          0          0          0          0        176   depilogue.o
        26          0          0          0          0         76   dfltui.o
       228          0          0          0          0         96   dmul.o

    ----------------------------------------------------------------------
      1208         36          0          8          0       1056   Library Totals
         4          0          0          0          0          0   (incl. Padding)

    ----------------------------------------------------------------------

      Code (inc. data)   RO Data    RW Data    ZI Data      Debug   Library Name

       494         36          0          8          0        540   mc_w.l
       710          0          0          0          0        516   mf_w.l

    ----------------------------------------------------------------------
      1208         36          0          8          0       1056   Library Totals

    ----------------------------------------------------------------------

==============================================================================


      Code (inc. data)   RO Data    RW Data    ZI Data      Debug   

     27008       1338        568        432      26240     717986   Grand Totals
     27008       1338        568        196      26240     717986   ELF Image Totals (compressed)
     27008       1338        568        196          0          0   ROM Totals

==============================================================================

    Total RO  Size (Code + RO Data)                27576 (  26.93kB)
    Total RW  Size (RW Data + ZI Data)             26672 (  26.05kB)
    Total ROM Size (Code + RO Data + RW Data)      27772 (  27.12kB)

==============================================================================

