<html>
<body>
<pre>
<h1>µVision Build Log</h1>
<h2>Tool Versions:</h2>
IDE-Version: ¦ÌVision V5.13.0.0
Copyright (C) 2014 ARM Ltd and ARM Germany GmbH. All rights reserved.
License Information: pepe Microsoft, Microsoft, LIC=HF8WF-6NZII-VIV5N-YKCDS-9UMXV-W541D
 
Tool Versions:
Toolchain:       MDK-ARM Professional  Version: 5.13.0.0
Toolchain Path:  C:\Keil_v5\ARM\ARMCC\Bin
C Compiler:      Armcc.exe V5.05 update 1 (build 106)
Assembler:       Armasm.exe V5.05 update 1 (build 106)
Linker/Locator:  ArmLink.exe V5.05 update 1 (build 106)
Library Manager: ArmAr.exe V5.05 update 1 (build 106)
Hex Converter:   FromElf.exe V5.05 update 1 (build 106)
CPU DLL:         SARMCM3.DLL V5.13.0.0
Dialog DLL:      DCM.DLL V1.13.1.0
Target DLL:      STLink\ST-LINKIII-KEIL_SWO.dll V2.0.14.0_KEIL
Dialog DLL:      TCM.DLL V1.14.4.0
 
<h2>Project:</h2>
Z:\GitHub\dt900\MDK-ARM\dt900.uvproj
Project File Date:  11/10/2015

<h2>Output:</h2>
Rebuild target 'dt900 Configuration'
compiling stm32f4xx_hal_tim.c...
compiling stm32f4xx_hal_tim_ex.c...
compiling stm32f4xx_hal_pwr_ex.c...
compiling stm32f4xx_hal_rcc.c...
compiling stm32f4xx_hal_cortex.c...
compiling stm32f4xx_hal_adc_ex.c...
compiling stm32f4xx_hal_sdram.c...
compiling stm32f4xx_hal_flash_ex.c...
compiling stm32f4xx_hal_i2c.c...
compiling stm32f4xx_hal_spi.c...
compiling stm32f4xx_ll_fmc.c...
compiling stm32f4xx_hal_dma_ex.c...
compiling stm32f4xx_hal_adc.c...
compiling stm32f4xx_hal_gpio.c...
compiling stm32f4xx_hal_i2c_ex.c...
compiling stm32f4xx_hal_ltdc.c...
compiling stm32f4xx_hal_flash.c...
compiling stm32f4xx_hal_dma.c...
compiling stm32f4xx_hal_rcc_ex.c...
compiling stm32f4xx_hal_pwr.c...
compiling stm32f4xx_hal.c...
compiling stm32f4xx_hal_flash_ramfunc.c...
compiling stm32f4xx_hal_dma2d.c...
compiling stm32f4xx_hal_pcd_ex.c...
compiling stm32f4xx_hal_pcd.c...
compiling stm32f4xx_ll_usb.c...
compiling stm32f4xx_hal_crc.c...
compiling stm32f4xx_hal_rtc.c...
compiling stm32f4xx_hal_rtc_ex.c...
compiling stm32f4xx_hal_iwdg.c...
assembling startup_stm32f429xx.s...
compiling system_stm32f4xx.c...
compiling heap_4.c...
compiling tasks.c...
compiling queue.c...
compiling port.c...
compiling event_groups.c...
compiling croutine.c...
compiling timers.c...
compiling cmsis_os.c...
compiling list.c...
compiling ccsbcs.c...
compiling diskio.c...
compiling syscall.c...
compiling ff.c...
compiling ff_gen_drv.c...
compiling GUIConf.c...
compiling LCDConf_Lin_Template.c...
..\Middlewares\ST\STemWin\Config\LCDConf_Lin_Template.c(130): warning:  #177-D: function "BSP_LCD_DrawBitmap8bpp" was declared but never referenced
  static void BSP_LCD_DrawBitmap8bpp(int32_t LayerIndex, int32_t x, int32_t y, U8 const * p, int32_t xSize, int32_t ySize, int32_t BytesPerLine);
..\Middlewares\ST\STemWin\Config\LCDConf_Lin_Template.c: 1 warning, 0 errors
compiling GUI_X_OS.c...
compiling Helvetica32.c...
compiling HelveticaNeueLT48.c...
compiling pwr.c...
..\Drivers\BSP\flash.h(10): warning:  #1295-D: Deprecated declaration FlashProgram - give arg types
  void FlashProgram();
..\Drivers\BSP\flash.h(11): warning:  #1295-D: Deprecated declaration FlashEraseTotal24 - give arg types
  void FlashEraseTotal24();
..\Src\UI\ui.h(76): warning:  #1295-D: Deprecated declaration UI_Init - give arg types
  void UI_Init();
..\Src\UI\ui.h(78): warning:  #1295-D: Deprecated declaration UIKeyboard - give arg types
  void UIKeyboard();
..\Src\UI\ui.h(79): warning:  #1295-D: Deprecated declaration UITouch - give arg types
  void UITouch();
..\Src\UI\ui.h(80): warning:  #1295-D: Deprecated declaration UIEventManager - give arg types
  void UIEventManager();
..\Src\UI\ui.h(91): warning:  #1295-D: Deprecated declaration getUIInfo - give arg types
  struct UIInfo * getUIInfo();
..\Src\UI\ui.h(93): warning:  #1295-D: Deprecated declaration getuid - give arg types
  void getuid();
..\Src\UI\ui.h(94): warning:  #1295-D: Deprecated declaration UITouchClear - give arg types
  void UITouchClear();
..\Drivers\BSP\pwr.c(24): warning:  #1-D: last line of file ends without a newline
  }
..\Drivers\BSP\pwr.c: 10 warnings, 0 errors
compiling spiflash.c...
compiling adc.c...
compiling beep.c...
..\Drivers\BSP\beep.h(6): warning:  #1295-D: Deprecated declaration beepon - give arg types
  void beepon();
..\Drivers\BSP\beep.h(7): warning:  #1295-D: Deprecated declaration beepoff - give arg types
  void beepoff();
..\Inc\geotest.h(14): warning:  #1295-D: Deprecated declaration geotest - give arg types
  int geotest();
..\Inc\geotest.h(16): warning:  #1295-D: Deprecated declaration encode - give arg types
  long encode();
..\Drivers\BSP\beep.c(24): warning:  #1-D: last line of file ends without a newline
  }
..\Drivers\BSP\beep.c: 5 warnings, 0 errors
compiling sdram.c...
compiling lcd.c...
..\Inc\geotest.h(14): warning:  #1295-D: Deprecated declaration geotest - give arg types
  int geotest();
..\Inc\geotest.h(16): warning:  #1295-D: Deprecated declaration encode - give arg types
  long encode();
..\Drivers\BSP\lcd.c(93): warning:  #223-D: function "memset" declared implicitly
        memset((char *)FB_ADDR[0],0,800*480*3);
..\Drivers\BSP\lcd.c: 3 warnings, 0 errors
compiling init.c...
..\Drivers\BSP\beep.h(6): warning:  #1295-D: Deprecated declaration beepon - give arg types
  void beepon();
..\Drivers\BSP\beep.h(7): warning:  #1295-D: Deprecated declaration beepoff - give arg types
  void beepoff();
..\Src\UI\ui.h(76): warning:  #1295-D: Deprecated declaration UI_Init - give arg types
  void UI_Init();
..\Src\UI\ui.h(78): warning:  #1295-D: Deprecated declaration UIKeyboard - give arg types
  void UIKeyboard();
..\Src\UI\ui.h(79): warning:  #1295-D: Deprecated declaration UITouch - give arg types
  void UITouch();
..\Src\UI\ui.h(80): warning:  #1295-D: Deprecated declaration UIEventManager - give arg types
  void UIEventManager();
..\Src\UI\ui.h(91): warning:  #1295-D: Deprecated declaration getUIInfo - give arg types
  struct UIInfo * getUIInfo();
..\Src\UI\ui.h(93): warning:  #1295-D: Deprecated declaration getuid - give arg types
  void getuid();
..\Src\UI\ui.h(94): warning:  #1295-D: Deprecated declaration UITouchClear - give arg types
  void UITouchClear();
..\Inc\geotest.h(14): warning:  #1295-D: Deprecated declaration geotest - give arg types
  int geotest();
..\Inc\geotest.h(16): warning:  #1295-D: Deprecated declaration encode - give arg types
  long encode();
..\Drivers\BSP\flash.h(10): warning:  #1295-D: Deprecated declaration FlashProgram - give arg types
  void FlashProgram();
..\Drivers\BSP\flash.h(11): warning:  #1295-D: Deprecated declaration FlashEraseTotal24 - give arg types
  void FlashEraseTotal24();
..\Inc\ostask.h(7): warning:  #1295-D: Deprecated declaration reTemp - give arg types
  void reTemp();
..\Inc\ostask.h(8): warning:  #1295-D: Deprecated declaration usbflagchange - give arg types
  void usbflagchange();
..\Inc\ostask.h(9): warning:  #1-D: last line of file ends without a newline
  #endif
..\Drivers\BSP\init.c(69): warning:  #223-D: function "memcpy" declared implicitly
        memcpy(&settings,(struct Settings *)SETADDR,sizeof(struct Settings));
..\Drivers\BSP\init.c(73): warning:  #223-D: function "memset" declared implicitly
                memset(&settings,0,sizeof(struct Settings));
..\Drivers\BSP\init.c(86): warning:  #167-D: argument of type "uint8_t *" is incompatible with parameter of type "char *restrict"
                sprintf(settings.filename,"DTCCSOLO");
..\Drivers\BSP\init.c(93): warning:  #223-D: function "MX_FATFS_Init" declared implicitly
    MX_FATFS_Init();
..\Drivers\BSP\init.c(18): warning:  #177-D: function "FlashReadProtection" was declared but never referenced
  static void FlashReadProtection()
..\Drivers\BSP\init.c: 21 warnings, 0 errors
compiling dac8831.c...
..\Drivers\BSP\dac8831.c(43): warning:  #940-D: missing return statement at end of non-void function "DAC_SET"
  }
..\Drivers\BSP\dac8831.c(49): warning:  #177-D: variable "sClockSourceConfig" was declared but never referenced
    TIM_ClockConfigTypeDef sClockSourceConfig;
..\Drivers\BSP\dac8831.c(50): warning:  #177-D: variable "sMasterConfig" was declared but never referenced
    TIM_MasterConfigTypeDef sMasterConfig;
..\Drivers\BSP\dac8831.c: 3 warnings, 0 errors
compiling ad7190.c...
..\Drivers\BSP\ad7190.h(21): warning:  #1295-D: Deprecated declaration AD7190_PowerDown - give arg types
  void AD7190_PowerDown();
..\Drivers\BSP\ad7190.c: 1 warning, 0 errors
compiling flash.c...
..\Drivers\BSP\flash.h(10): warning:  #1295-D: Deprecated declaration FlashProgram - give arg types
  void FlashProgram();
..\Drivers\BSP\flash.h(11): warning:  #1295-D: Deprecated declaration FlashEraseTotal24 - give arg types
  void FlashEraseTotal24();
..\Inc\geotest.h(14): warning:  #1295-D: Deprecated declaration geotest - give arg types
  int geotest();
..\Inc\geotest.h(16): warning:  #1295-D: Deprecated declaration encode - give arg types
  long encode();
..\Drivers\BSP\flash.c(10): warning:  #550-D: variable "ret" was set but never used
        uint32_t ret;
..\Drivers\BSP\flash.c(58): warning:  #1-D: last line of file ends without a newline
  }
..\Drivers\BSP\flash.c: 6 warnings, 0 errors
compiling rtc.c...
..\Drivers\BSP\rtc.h(6): warning:  #1295-D: Deprecated declaration RTC_Init - give arg types
  void RTC_Init();
..\Drivers\BSP\rtc.h(8): warning:  #1295-D: Deprecated declaration RTC_Get - give arg types
  void RTC_Get();
..\Drivers\BSP\ds3231m.h(4): warning:  #1295-D: Deprecated declaration DS3231M_OsciCheck - give arg types
  void DS3231M_OsciCheck();
..\Drivers\BSP\ds3231m.h(5): warning:  #1295-D: Deprecated declaration DS3231M_Init - give arg types
  void DS3231M_Init();
..\Drivers\BSP\ds3231m.h(8): warning:  #1295-D: Deprecated declaration DS3231M_GetTemp - give arg types
  float DS3231M_GetTemp();
..\Drivers\BSP\ds3231m.h(9): warning:  #1-D: last line of file ends without a newline
  #endif
..\Drivers\BSP\rtc.c(56): warning:  #1-D: last line of file ends without a newline
  }
..\Drivers\BSP\rtc.c: 7 warnings, 0 errors
compiling cyma568.c...
..\Drivers\BSP\cyma568.h(4): warning:  #1295-D: Deprecated declaration tpTest - give arg types
  void tpTest();
..\Drivers\BSP\cyma568.h(5): warning:  #1295-D: Deprecated declaration ping - give arg types
  void ping();
..\Drivers\BSP\cyma568.h(6): warning:  #1295-D: Deprecated declaration touchreport - give arg types
  void touchreport();
..\Drivers\BSP\cyma568.h(7): warning:  #1295-D: Deprecated declaration HidDes - give arg types
  void HidDes();
..\Drivers\BSP\cyma568.h(8): warning:  #1295-D: Deprecated declaration sysinfo - give arg types
  void sysinfo();
..\Drivers\BSP\cyma568.h(9): warning:  #1295-D: Deprecated declaration CalibrateIDAC - give arg types
  int CalibrateIDAC();
..\Drivers\BSP\cyma568.h(10): warning:  #1295-D: Deprecated declaration SuspendScan - give arg types
  int SuspendScan();
..\Drivers\BSP\cyma568.h(11): warning:  #1295-D: Deprecated declaration ResumeScan - give arg types
  int ResumeScan();
..\Drivers\BSP\cyma568.h(12): warning:  #1295-D: Deprecated declaration ShortTest - give arg types
  int ShortTest();
..\Drivers\BSP\cyma568.h(13): warning:  #1295-D: Deprecated declaration OpenTest - give arg types
  int OpenTest();
..\Drivers\BSP\cyma568.h(14): warning:  #1295-D: Deprecated declaration tpScan - give arg types
  int tpScan();
..\Drivers\BSP\cyma568.h(15): warning:  #1-D: last line of file ends without a newline
  #endif
..\Src\UI\ui.h(76): warning:  #1295-D: Deprecated declaration UI_Init - give arg types
  void UI_Init();
..\Src\UI\ui.h(78): warning:  #1295-D: Deprecated declaration UIKeyboard - give arg types
  void UIKeyboard();
..\Src\UI\ui.h(79): warning:  #1295-D: Deprecated declaration UITouch - give arg types
  void UITouch();
..\Src\UI\ui.h(80): warning:  #1295-D: Deprecated declaration UIEventManager - give arg types
  void UIEventManager();
..\Src\UI\ui.h(91): warning:  #1295-D: Deprecated declaration getUIInfo - give arg types
  struct UIInfo * getUIInfo();
..\Src\UI\ui.h(93): warning:  #1295-D: Deprecated declaration getuid - give arg types
  void getuid();
..\Src\UI\ui.h(94): warning:  #1295-D: Deprecated declaration UITouchClear - give arg types
  void UITouchClear();
..\Drivers\BSP\cyma568.c(22): warning:  #177-D: function "sendReport" was declared but never referenced
  static int sendReport(uint8_t* report,int size)
..\Drivers\BSP\cyma568.c: 20 warnings, 0 errors
compiling ds18b20.c...
..\Inc\geotest.h(14): warning:  #1295-D: Deprecated declaration geotest - give arg types
  int geotest();
..\Inc\geotest.h(16): warning:  #1295-D: Deprecated declaration encode - give arg types
  long encode();
..\Drivers\BSP\ds18b20.c(38): warning:  #188-D: enumerated type mixed with another type
        HAL_GPIO_WritePin (GPIOA,pin,code);
..\Drivers\BSP\ds18b20.c: 3 warnings, 0 errors
compiling ds3231m.c...
..\Drivers\BSP\ds3231m.h(4): warning:  #1295-D: Deprecated declaration DS3231M_OsciCheck - give arg types
  void DS3231M_OsciCheck();
..\Drivers\BSP\ds3231m.h(5): warning:  #1295-D: Deprecated declaration DS3231M_Init - give arg types
  void DS3231M_Init();
..\Drivers\BSP\ds3231m.h(8): warning:  #1295-D: Deprecated declaration DS3231M_GetTemp - give arg types
  float DS3231M_GetTemp();
..\Drivers\BSP\ds3231m.h(9): warning:  #1-D: last line of file ends without a newline
  #endif
..\Drivers\BSP\rtc.h(6): warning:  #1295-D: Deprecated declaration RTC_Init - give arg types
  void RTC_Init();
..\Drivers\BSP\rtc.h(8): warning:  #1295-D: Deprecated declaration RTC_Get - give arg types
  void RTC_Get();
..\Src\UI\ui.h(76): warning:  #1295-D: Deprecated declaration UI_Init - give arg types
  void UI_Init();
..\Src\UI\ui.h(78): warning:  #1295-D: Deprecated declaration UIKeyboard - give arg types
  void UIKeyboard();
..\Src\UI\ui.h(79): warning:  #1295-D: Deprecated declaration UITouch - give arg types
  void UITouch();
..\Src\UI\ui.h(80): warning:  #1295-D: Deprecated declaration UIEventManager - give arg types
  void UIEventManager();
..\Src\UI\ui.h(91): warning:  #1295-D: Deprecated declaration getUIInfo - give arg types
  struct UIInfo * getUIInfo();
..\Src\UI\ui.h(93): warning:  #1295-D: Deprecated declaration getuid - give arg types
  void getuid();
..\Src\UI\ui.h(94): warning:  #1295-D: Deprecated declaration UITouchClear - give arg types
  void UITouchClear();
..\Drivers\BSP\ds3231m.c: 13 warnings, 0 errors
compiling fatfs.c...
compiling freertos.c...
compiling stm32f4xx_hal_msp.c...
compiling user_diskio.c...
compiling stm32f4xx_it.c...
compiling main.c...
..\Inc\geotest.h(14): warning:  #1295-D: Deprecated declaration geotest - give arg types
  int geotest();
..\Inc\geotest.h(16): warning:  #1295-D: Deprecated declaration encode - give arg types
  long encode();
..\Drivers\BSP\rtc.h(6): warning:  #1295-D: Deprecated declaration RTC_Init - give arg types
  void RTC_Init();
..\Drivers\BSP\rtc.h(8): warning:  #1295-D: Deprecated declaration RTC_Get - give arg types
  void RTC_Get();
..\Src\UI\ui.h(76): warning:  #1295-D: Deprecated declaration UI_Init - give arg types
  void UI_Init();
..\Src\UI\ui.h(78): warning:  #1295-D: Deprecated declaration UIKeyboard - give arg types
  void UIKeyboard();
..\Src\UI\ui.h(79): warning:  #1295-D: Deprecated declaration UITouch - give arg types
  void UITouch();
..\Src\UI\ui.h(80): warning:  #1295-D: Deprecated declaration UIEventManager - give arg types
  void UIEventManager();
..\Src\UI\ui.h(91): warning:  #1295-D: Deprecated declaration getUIInfo - give arg types
  struct UIInfo * getUIInfo();
..\Src\UI\ui.h(93): warning:  #1295-D: Deprecated declaration getuid - give arg types
  void getuid();
..\Src\UI\ui.h(94): warning:  #1295-D: Deprecated declaration UITouchClear - give arg types
  void UITouchClear();
..\Src\usbd_mass_storage\usb_conf.h(233): warning:  #47-D: incompatible redefinition of macro "__ALIGN_BEGIN" (declared at line 151 of "..\Drivers\STM32F4xx_HAL_Driver\Inc\stm32f4xx_hal_def.h")
    #define __ALIGN_BEGIN
..\Inc\ostask.h(7): warning:  #1295-D: Deprecated declaration reTemp - give arg types
  void reTemp();
..\Inc\ostask.h(8): warning:  #1295-D: Deprecated declaration usbflagchange - give arg types
  void usbflagchange();
..\Inc\ostask.h(9): warning:  #1-D: last line of file ends without a newline
  #endif
..\Src\main.c(131): warning:  #188-D: enumerated type mixed with another type
        osThreadDef(keyTask, KeyTask, osPriorityNormal+1, 0, 2048);
..\Src\main.c: 16 warnings, 0 errors
compiling geotest.c...
..\Inc\geotest.h(14): warning:  #1295-D: Deprecated declaration geotest - give arg types
  int geotest();
..\Inc\geotest.h(16): warning:  #1295-D: Deprecated declaration encode - give arg types
  long encode();
..\Drivers\BSP\ad7190.h(21): warning:  #1295-D: Deprecated declaration AD7190_PowerDown - give arg types
  void AD7190_PowerDown();
..\Drivers\BSP\flash.h(10): warning:  #1295-D: Deprecated declaration FlashProgram - give arg types
  void FlashProgram();
..\Drivers\BSP\flash.h(11): warning:  #1295-D: Deprecated declaration FlashEraseTotal24 - give arg types
  void FlashEraseTotal24();
..\Src\UI\ui.h(76): warning:  #1295-D: Deprecated declaration UI_Init - give arg types
  void UI_Init();
..\Src\UI\ui.h(78): warning:  #1295-D: Deprecated declaration UIKeyboard - give arg types
  void UIKeyboard();
..\Src\UI\ui.h(79): warning:  #1295-D: Deprecated declaration UITouch - give arg types
  void UITouch();
..\Src\UI\ui.h(80): warning:  #1295-D: Deprecated declaration UIEventManager - give arg types
  void UIEventManager();
..\Src\UI\ui.h(91): warning:  #1295-D: Deprecated declaration getUIInfo - give arg types
  struct UIInfo * getUIInfo();
..\Src\UI\ui.h(93): warning:  #1295-D: Deprecated declaration getuid - give arg types
  void getuid();
..\Src\UI\ui.h(94): warning:  #1295-D: Deprecated declaration UITouchClear - give arg types
  void UITouchClear();
..\Inc\ostask.h(7): warning:  #1295-D: Deprecated declaration reTemp - give arg types
  void reTemp();
..\Inc\ostask.h(8): warning:  #1295-D: Deprecated declaration usbflagchange - give arg types
  void usbflagchange();
..\Inc\ostask.h(9): warning:  #1-D: last line of file ends without a newline
  #endif
..\Drivers\BSP\beep.h(6): warning:  #1295-D: Deprecated declaration beepon - give arg types
  void beepon();
..\Drivers\BSP\beep.h(7): warning:  #1295-D: Deprecated declaration beepoff - give arg types
  void beepoff();
..\Src\geotest.c(29): warning:  #1295-D: Deprecated declaration openshort - give arg types
  static int openshort();
..\Src\geotest.c(30): warning:  #1295-D: Deprecated declaration step0 - give arg types
  static void step0();
..\Src\geotest.c(31): warning:  #1295-D: Deprecated declaration step1 - give arg types
  static void step1();
..\Src\geotest.c(32): warning:  #1295-D: Deprecated declaration step2 - give arg types
  static void step2();
..\Src\geotest.c(33): warning:  #1295-D: Deprecated declaration step3 - give arg types
  static void step3();
..\Src\geotest.c(34): warning:  #1295-D: Deprecated declaration polarity - give arg types
  static void polarity();
..\Src\geotest.c(35): warning:  #1295-D: Deprecated declaration contidrive - give arg types
  static void contidrive();
..\Src\geotest.c(81): warning:  #223-D: function "memset" declared implicitly
        memset(&geophone,0,sizeof(geophone));
..\Src\geotest.c(96): warning:  #1035-D: single-precision operand implicitly converted to double-precision
        geophone.bnom = settings.shunt>0 ? geo->S*geo->S/4/3.1415926/geo->M/geo->F/(geo->R+settings.shunt)+geo->B : geo->B;
..\Src\geotest.c(207): warning:  #1035-D: single-precision operand implicitly converted to double-precision
                sprintf(str,"%.3f",round(geophone.sens/39.37*1000)/1000.0);
..\Src\geotest.c(251): warning:  #68-D: integer conversion resulted in a change of sign
                if(geophone.polarity==-1)
..\Src\geotest.c(77): warning:  #177-D: variable "portion" was declared but never referenced
        float portion;
..\Src\geotest.c(272): warning:  #177-D: variable "ret" was declared but never referenced
        int i,ret;
..\Src\geotest.c(321): warning:  #1035-D: single-precision operand implicitly converted to double-precision
        float volt = 0.7*geo->R*geo->X*geo->M*4*PI*PI*geo->F*geo->F/geo->S;
..\Src\geotest.c(324): warning:  #1035-D: single-precision operand implicitly converted to double-precision
        volt = volt*R_ref/geophone.rtotal;
..\Src\geotest.c(325): warning:  #1035-D: single-precision operand implicitly converted to double-precision
        if(volt>2.45) volt=2.45;
..\Src\geotest.c(339): warning:  #1035-D: single-precision operand implicitly converted to double-precision
        geophone.resi /= 1+0.004*(geophone.temp-geo->T);
..\Src\geotest.c(362): warning:  #1035-D: single-precision operand implicitly converted to double-precision
        volt = volt*R_ref/geophone.rtotal;
..\Src\geotest.c(363): warning:  #1035-D: single-precision operand implicitly converted to double-precision
        if(volt>2.45) volt=2.45;
..\Src\geotest.c(399): warning:  #1035-D: single-precision operand implicitly converted to double-precision
        geophone.sens = sqrt(2*PI*geophone.freq*geo->M*settings.series*settings.parallel*abs(a1-ADCMID)*AMPGAIN/0xffffff*5.0/(volt/R_ref)*exp(atan(t)/t));
..\Src\geotest.c(400): warning:  #1035-D: single-precision operand implicitly converted to double-precision
        geophone.damp /= 1-0.002*(geophone.temp-geo->T);
..\Src\geotest.c(410): warning:  #1035-D: single-precision operand implicitly converted to double-precision
        mag = geo->speed*0.0254*geophone.snom;
..\Src\geotest.c(414): warning:  #1035-D: single-precision operand implicitly converted to double-precision
        mag = mag*R_ref/geophone.ztotal;
..\Src\geotest.c(415): warning:  #1035-D: single-precision operand implicitly converted to double-precision
        if(mag>2.45) mag=2.45;
..\Src\geotest.c(430): warning:  #1035-D: single-precision operand implicitly converted to double-precision
        geophone.dist = 100.0*(Inbuff[2]+Inbuff[3])/Inbuff[1];
..\Src\geotest.c(631): warning:  #223-D: function "tpScan" declared implicitly
        tpScan();
..\Src\geotest.c(651): warning:  #68-D: integer conversion resulted in a change of sign
                        geophone.polarity=-1;
..\Src\geotest.c(763): warning:  #1035-D: single-precision operand implicitly converted to double-precision
        mag = geo->speed*0.0254*geophone.snom;
..\Src\geotest.c(768): warning:  #1035-D: single-precision operand implicitly converted to double-precision
        mag = mag*R_ref/geophone.ztotal;
..\Src\geotest.c(769): warning:  #1035-D: single-precision operand implicitly converted to double-precision
        if(mag>2.45) mag=2.45;
..\Src\geotest.c(779): warning:  #223-D: function "tpScan" declared implicitly
                        tpScan();
..\Src\geotest.c(741): warning:  #177-D: variable "fs" was declared but never referenced
        int fs = 4096;
..\Src\geotest.c: 49 warnings, 0 errors
compiling fft.c...
..\Src\fft.c(45): warning:  #1035-D: single-precision operand implicitly converted to double-precision
          a[1] = 0.5 * (a[0] - a[1]);
..\Src\fft.c(918): warning:  #1035-D: single-precision operand implicitly converted to double-precision
              wki += ss * (0.5 - wdr);
..\Src\fft.c(928): warning:  #1035-D: single-precision operand implicitly converted to double-precision
              wdi += ss * (0.5 - wkr);
..\Src\fft.c(935): warning:  #1035-D: single-precision operand implicitly converted to double-precision
          wdr = 0.5 - (wkr * w1r - wki * w1i);
..\Src\fft.c(937): warning:  #1035-D: single-precision operand implicitly converted to double-precision
          wkr = 0.5 - wkr;
..\Src\fft.c(984): warning:  #1035-D: single-precision operand implicitly converted to double-precision
              wki += ss * (0.5 - wdr);
..\Src\fft.c(994): warning:  #1035-D: single-precision operand implicitly converted to double-precision
              wdi += ss * (0.5 - wkr);
..\Src\fft.c(1001): warning:  #1035-D: single-precision operand implicitly converted to double-precision
          wdr = 0.5 - (wkr * w1r - wki * w1i);
..\Src\fft.c(1003): warning:  #1035-D: single-precision operand implicitly converted to double-precision
          wkr = 0.5 - wkr;
..\Src\fft.c(1028): warning:  #1035-D: single-precision operand implicitly converted to double-precision
      wdr = 0.5 * (w1r - w1i);
..\Src\fft.c(1029): warning:  #1035-D: single-precision operand implicitly converted to double-precision
      wdi = 0.5 * (w1r + w1i);
..\Src\fft.c(1058): warning:  #1035-D: single-precision operand implicitly converted to double-precision
          wkr = 0.5 * (wdr - wdi);
..\Src\fft.c(1059): warning:  #1035-D: single-precision operand implicitly converted to double-precision
          wki = 0.5 * (wdr + wdi);
..\Src\fft.c(1081): warning:  #1035-D: single-precision operand implicitly converted to double-precision
      wdr = 0.5 * (w1r - w1i);
..\Src\fft.c(1082): warning:  #1035-D: single-precision operand implicitly converted to double-precision
      wdi = 0.5 * (w1r + w1i);
..\Src\fft.c(1111): warning:  #1035-D: single-precision operand implicitly converted to double-precision
          wkr = 0.5 * (wdr - wdi);
..\Src\fft.c(1112): warning:  #1035-D: single-precision operand implicitly converted to double-precision
          wki = 0.5 * (wdr + wdi);
..\Src\fft.c(1132): warning:  #1035-D: single-precision operand implicitly converted to double-precision
          wdr = wki * WI2500;
..\Src\fft.c(1133): warning:  #1035-D: single-precision operand implicitly converted to double-precision
          wdi = wki * WR2500;
..\Src\fft.c(1150): warning:  #1035-D: single-precision operand implicitly converted to double-precision
          wdr = wki * WI2500;
..\Src\fft.c(1151): warning:  #1035-D: single-precision operand implicitly converted to double-precision
          wdi = wki * WR2500;
..\Src\fft.c: 21 warnings, 0 errors
compiling usb_bsp.c...
..\Src\usbd_mass_storage\usb_conf.h(233): warning:  #47-D: incompatible redefinition of macro "__ALIGN_BEGIN" (declared at line 151 of "..\Drivers\STM32F4xx_HAL_Driver\Inc\stm32f4xx_hal_def.h")
    #define __ALIGN_BEGIN
..\Src\usbd_mass_storage\usb_bsp.c: 1 warning, 0 errors
compiling usb_it.c...
..\Src\usbd_mass_storage\usb_conf.h(233): warning:  #47-D: incompatible redefinition of macro "__ALIGN_BEGIN" (declared at line 151 of "..\Drivers\STM32F4xx_HAL_Driver\Inc\stm32f4xx_hal_def.h")
    #define __ALIGN_BEGIN
..\Src\usbd_mass_storage\usb_it.c: 1 warning, 0 errors
compiling usbd_desc.c...
..\Src\usbd_mass_storage\usb_conf.h(233): warning:  #47-D: incompatible redefinition of macro "__ALIGN_BEGIN" (declared at line 151 of "..\Drivers\STM32F4xx_HAL_Driver\Inc\stm32f4xx_hal_def.h")
    #define __ALIGN_BEGIN
..\Src\usbd_mass_storage\usbd_desc.c: 1 warning, 0 errors
compiling usbd_storage_msd.c...
..\Src\usbd_mass_storage\usb_conf.h(233): warning:  #47-D: incompatible redefinition of macro "__ALIGN_BEGIN" (declared at line 151 of "..\Drivers\STM32F4xx_HAL_Driver\Inc\stm32f4xx_hal_def.h")
    #define __ALIGN_BEGIN
..\Src\usbd_mass_storage\usbd_storage_msd.c: 1 warning, 0 errors
compiling usbd_usr.c...
..\Src\usbd_mass_storage\usb_conf.h(233): warning:  #47-D: incompatible redefinition of macro "__ALIGN_BEGIN" (declared at line 151 of "..\Drivers\STM32F4xx_HAL_Driver\Inc\stm32f4xx_hal_def.h")
    #define __ALIGN_BEGIN
..\Src\usbd_mass_storage\usbd_usr.c: 1 warning, 0 errors
compiling ostask.c...
..\Inc\ostask.h(7): warning:  #1295-D: Deprecated declaration reTemp - give arg types
  void reTemp();
..\Inc\ostask.h(8): warning:  #1295-D: Deprecated declaration usbflagchange - give arg types
  void usbflagchange();
..\Inc\ostask.h(9): warning:  #1-D: last line of file ends without a newline
  #endif
..\Drivers\BSP\rtc.h(6): warning:  #1295-D: Deprecated declaration RTC_Init - give arg types
  void RTC_Init();
..\Drivers\BSP\rtc.h(8): warning:  #1295-D: Deprecated declaration RTC_Get - give arg types
  void RTC_Get();
..\Src\UI\ui.h(76): warning:  #1295-D: Deprecated declaration UI_Init - give arg types
  void UI_Init();
..\Src\UI\ui.h(78): warning:  #1295-D: Deprecated declaration UIKeyboard - give arg types
  void UIKeyboard();
..\Src\UI\ui.h(79): warning:  #1295-D: Deprecated declaration UITouch - give arg types
  void UITouch();
..\Src\UI\ui.h(80): warning:  #1295-D: Deprecated declaration UIEventManager - give arg types
  void UIEventManager();
..\Src\UI\ui.h(91): warning:  #1295-D: Deprecated declaration getUIInfo - give arg types
  struct UIInfo * getUIInfo();
..\Src\UI\ui.h(93): warning:  #1295-D: Deprecated declaration getuid - give arg types
  void getuid();
..\Src\UI\ui.h(94): warning:  #1295-D: Deprecated declaration UITouchClear - give arg types
  void UITouchClear();
..\Inc\geotest.h(14): warning:  #1295-D: Deprecated declaration geotest - give arg types
  int geotest();
..\Inc\geotest.h(16): warning:  #1295-D: Deprecated declaration encode - give arg types
  long encode();
..\Drivers\BSP\beep.h(6): warning:  #1295-D: Deprecated declaration beepon - give arg types
  void beepon();
..\Drivers\BSP\beep.h(7): warning:  #1295-D: Deprecated declaration beepoff - give arg types
  void beepoff();
..\Drivers\BSP\flash.h(10): warning:  #1295-D: Deprecated declaration FlashProgram - give arg types
  void FlashProgram();
..\Drivers\BSP\flash.h(11): warning:  #1295-D: Deprecated declaration FlashEraseTotal24 - give arg types
  void FlashEraseTotal24();
..\Drivers\BSP\ds3231m.h(4): warning:  #1295-D: Deprecated declaration DS3231M_OsciCheck - give arg types
  void DS3231M_OsciCheck();
..\Drivers\BSP\ds3231m.h(5): warning:  #1295-D: Deprecated declaration DS3231M_Init - give arg types
  void DS3231M_Init();
..\Drivers\BSP\ds3231m.h(8): warning:  #1295-D: Deprecated declaration DS3231M_GetTemp - give arg types
  float DS3231M_GetTemp();
..\Drivers\BSP\ds3231m.h(9): warning:  #1-D: last line of file ends without a newline
  #endif
..\Src\ostask.c(26): warning:  #1295-D: Deprecated declaration batVolt - give arg types
  static void batVolt();
..\Src\ostask.c(119): warning:  #1035-D: single-precision operand implicitly converted to double-precision
                                sprintf(str,"  ] %.1f~F  ",(int)((curTemperature*1.8+32)*10+0.1)/10.0);
..\Src\ostask.c(121): warning:  #1035-D: single-precision operand implicitly converted to double-precision
                                sprintf(str,"  ] %.1f~C  ",(int)(curTemperature*10+0.1)/10.0);
..\Src\ostask.c(132): warning:  #1035-D: single-precision operand implicitly converted to double-precision
                                sprintf(str,"  ] %.1f~F  ",(int)((curTemperature*1.8+32)*10+0.1)/10.0);
..\Src\ostask.c(134): warning:  #1035-D: single-precision operand implicitly converted to double-precision
                                sprintf(str,"  ] %.1f~C  ",(int)(curTemperature*10+0.1)/10.0);
..\Src\ostask.c(138): warning:  #1035-D: single-precision operand implicitly converted to double-precision
                                sprintf(str,"  ] %.1f~F  ",(int)((settings.temperature*1.8+32)*10+0.1)/10.0);
..\Src\ostask.c(140): warning:  #1035-D: single-precision operand implicitly converted to double-precision
                                sprintf(str,"  ] %.1f~C  ",(int)(settings.temperature*10+0.1)/10.0);
..\Src\ostask.c(166): warning:  #1035-D: single-precision operand implicitly converted to double-precision
        curLevel = (volt-3.3)/0.08;
..\Src\ostask.c(200): warning:  #223-D: function "LCD_PWR" declared implicitly
                        LCD_PWR(0);
..\Src\ostask.c(210): warning:  #1-D: last line of file ends without a newline
  }
..\Src\ostask.c: 32 warnings, 0 errors
compiling bitmap.c...
..\Drivers\BSP\beep.h(6): warning:  #1295-D: Deprecated declaration beepon - give arg types
  void beepon();
..\Drivers\BSP\beep.h(7): warning:  #1295-D: Deprecated declaration beepoff - give arg types
  void beepoff();
..\Src\UI\ui.h(76): warning:  #1295-D: Deprecated declaration UI_Init - give arg types
  void UI_Init();
..\Src\UI\ui.h(78): warning:  #1295-D: Deprecated declaration UIKeyboard - give arg types
  void UIKeyboard();
..\Src\UI\ui.h(79): warning:  #1295-D: Deprecated declaration UITouch - give arg types
  void UITouch();
..\Src\UI\ui.h(80): warning:  #1295-D: Deprecated declaration UIEventManager - give arg types
  void UIEventManager();
..\Src\UI\ui.h(91): warning:  #1295-D: Deprecated declaration getUIInfo - give arg types
  struct UIInfo * getUIInfo();
..\Src\UI\ui.h(93): warning:  #1295-D: Deprecated declaration getuid - give arg types
  void getuid();
..\Src\UI\ui.h(94): warning:  #1295-D: Deprecated declaration UITouchClear - give arg types
  void UITouchClear();
..\Drivers\BSP\rtc.h(6): warning:  #1295-D: Deprecated declaration RTC_Init - give arg types
  void RTC_Init();
..\Drivers\BSP\rtc.h(8): warning:  #1295-D: Deprecated declaration RTC_Get - give arg types
  void RTC_Get();
..\Src\bitmap.c: 11 warnings, 0 errors
compiling ui.c...
..\Src\UI\ui.h(76): warning:  #1295-D: Deprecated declaration UI_Init - give arg types
  void UI_Init();
..\Src\UI\ui.h(78): warning:  #1295-D: Deprecated declaration UIKeyboard - give arg types
  void UIKeyboard();
..\Src\UI\ui.h(79): warning:  #1295-D: Deprecated declaration UITouch - give arg types
  void UITouch();
..\Src\UI\ui.h(80): warning:  #1295-D: Deprecated declaration UIEventManager - give arg types
  void UIEventManager();
..\Src\UI\ui.h(91): warning:  #1295-D: Deprecated declaration getUIInfo - give arg types
  struct UIInfo * getUIInfo();
..\Src\UI\ui.h(93): warning:  #1295-D: Deprecated declaration getuid - give arg types
  void getuid();
..\Src\UI\ui.h(94): warning:  #1295-D: Deprecated declaration UITouchClear - give arg types
  void UITouchClear();
..\Inc\geotest.h(14): warning:  #1295-D: Deprecated declaration geotest - give arg types
  int geotest();
..\Inc\geotest.h(16): warning:  #1295-D: Deprecated declaration encode - give arg types
  long encode();
..\Drivers\BSP\cyma568.h(4): warning:  #1295-D: Deprecated declaration tpTest - give arg types
  void tpTest();
..\Drivers\BSP\cyma568.h(5): warning:  #1295-D: Deprecated declaration ping - give arg types
  void ping();
..\Drivers\BSP\cyma568.h(6): warning:  #1295-D: Deprecated declaration touchreport - give arg types
  void touchreport();
..\Drivers\BSP\cyma568.h(7): warning:  #1295-D: Deprecated declaration HidDes - give arg types
  void HidDes();
..\Drivers\BSP\cyma568.h(8): warning:  #1295-D: Deprecated declaration sysinfo - give arg types
  void sysinfo();
..\Drivers\BSP\cyma568.h(9): warning:  #1295-D: Deprecated declaration CalibrateIDAC - give arg types
  int CalibrateIDAC();
..\Drivers\BSP\cyma568.h(10): warning:  #1295-D: Deprecated declaration SuspendScan - give arg types
  int SuspendScan();
..\Drivers\BSP\cyma568.h(11): warning:  #1295-D: Deprecated declaration ResumeScan - give arg types
  int ResumeScan();
..\Drivers\BSP\cyma568.h(12): warning:  #1295-D: Deprecated declaration ShortTest - give arg types
  int ShortTest();
..\Drivers\BSP\cyma568.h(13): warning:  #1295-D: Deprecated declaration OpenTest - give arg types
  int OpenTest();
..\Drivers\BSP\cyma568.h(14): warning:  #1295-D: Deprecated declaration tpScan - give arg types
  int tpScan();
..\Drivers\BSP\cyma568.h(15): warning:  #1-D: last line of file ends without a newline
  #endif
..\Drivers\BSP\flash.h(10): warning:  #1295-D: Deprecated declaration FlashProgram - give arg types
  void FlashProgram();
..\Drivers\BSP\flash.h(11): warning:  #1295-D: Deprecated declaration FlashEraseTotal24 - give arg types
  void FlashEraseTotal24();
..\Src\UI\ui.c(253): warning:  #223-D: function "memset" declared implicitly
        memset(&UIInfo,0,sizeof(UIInfo));
..\Src\UI\ui.c(376): warning:  #181-D: argument is incompatible with corresponding format string conversion
        sprintf(str,"%s:%s",widget->widgetTitle,widget->widgetPtr);
..\Src\UI\ui.c(385): warning:  #1-D: last line of file ends without a newline
        
..\Src\UI\ui.c: 26 warnings, 0 errors
compiling pMain.c...
..\Src\UI\ui.h(76): warning:  #1295-D: Deprecated declaration UI_Init - give arg types
  void UI_Init();
..\Src\UI\ui.h(78): warning:  #1295-D: Deprecated declaration UIKeyboard - give arg types
  void UIKeyboard();
..\Src\UI\ui.h(79): warning:  #1295-D: Deprecated declaration UITouch - give arg types
  void UITouch();
..\Src\UI\ui.h(80): warning:  #1295-D: Deprecated declaration UIEventManager - give arg types
  void UIEventManager();
..\Src\UI\ui.h(91): warning:  #1295-D: Deprecated declaration getUIInfo - give arg types
  struct UIInfo * getUIInfo();
..\Src\UI\ui.h(93): warning:  #1295-D: Deprecated declaration getuid - give arg types
  void getuid();
..\Src\UI\ui.h(94): warning:  #1295-D: Deprecated declaration UITouchClear - give arg types
  void UITouchClear();
..\Drivers\BSP\cyma568.h(4): warning:  #1295-D: Deprecated declaration tpTest - give arg types
  void tpTest();
..\Drivers\BSP\cyma568.h(5): warning:  #1295-D: Deprecated declaration ping - give arg types
  void ping();
..\Drivers\BSP\cyma568.h(6): warning:  #1295-D: Deprecated declaration touchreport - give arg types
  void touchreport();
..\Drivers\BSP\cyma568.h(7): warning:  #1295-D: Deprecated declaration HidDes - give arg types
  void HidDes();
..\Drivers\BSP\cyma568.h(8): warning:  #1295-D: Deprecated declaration sysinfo - give arg types
  void sysinfo();
..\Drivers\BSP\cyma568.h(9): warning:  #1295-D: Deprecated declaration CalibrateIDAC - give arg types
  int CalibrateIDAC();
..\Drivers\BSP\cyma568.h(10): warning:  #1295-D: Deprecated declaration SuspendScan - give arg types
  int SuspendScan();
..\Drivers\BSP\cyma568.h(11): warning:  #1295-D: Deprecated declaration ResumeScan - give arg types
  int ResumeScan();
..\Drivers\BSP\cyma568.h(12): warning:  #1295-D: Deprecated declaration ShortTest - give arg types
  int ShortTest();
..\Drivers\BSP\cyma568.h(13): warning:  #1295-D: Deprecated declaration OpenTest - give arg types
  int OpenTest();
..\Drivers\BSP\cyma568.h(14): warning:  #1295-D: Deprecated declaration tpScan - give arg types
  int tpScan();
..\Drivers\BSP\cyma568.h(15): warning:  #1-D: last line of file ends without a newline
  #endif
..\Src\UI\pMain.c: 19 warnings, 0 errors
compiling pSettings.c...
..\Src\UI\ui.h(76): warning:  #1295-D: Deprecated declaration UI_Init - give arg types
  void UI_Init();
..\Src\UI\ui.h(78): warning:  #1295-D: Deprecated declaration UIKeyboard - give arg types
  void UIKeyboard();
..\Src\UI\ui.h(79): warning:  #1295-D: Deprecated declaration UITouch - give arg types
  void UITouch();
..\Src\UI\ui.h(80): warning:  #1295-D: Deprecated declaration UIEventManager - give arg types
  void UIEventManager();
..\Src\UI\ui.h(91): warning:  #1295-D: Deprecated declaration getUIInfo - give arg types
  struct UIInfo * getUIInfo();
..\Src\UI\ui.h(93): warning:  #1295-D: Deprecated declaration getuid - give arg types
  void getuid();
..\Src\UI\ui.h(94): warning:  #1295-D: Deprecated declaration UITouchClear - give arg types
  void UITouchClear();
..\Inc\geotest.h(14): warning:  #1295-D: Deprecated declaration geotest - give arg types
  int geotest();
..\Inc\geotest.h(16): warning:  #1295-D: Deprecated declaration encode - give arg types
  long encode();
..\Drivers\BSP\flash.h(10): warning:  #1295-D: Deprecated declaration FlashProgram - give arg types
  void FlashProgram();
..\Drivers\BSP\flash.h(11): warning:  #1295-D: Deprecated declaration FlashEraseTotal24 - give arg types
  void FlashEraseTotal24();
..\Src\UI\pSettings.c(40): warning:  #223-D: function "strcpy" declared implicitly
                        strcpy(widget->widgetTitle,geoparam[widget->widgetIndex+10*pageindex].type);
..\Src\UI\pSettings.c(65): warning:  #144-D: a value of type "void (*)()" cannot be used to initialize an entity of type "void (*)(struct UIWidget *)"
        {10,0,0,{120,734,359,785},"Next Page",0,NULL,widgetInit,drawButton,turnpage},
..\Src\UI\pSettings.c: 13 warnings, 0 errors
compiling pSubSettings.c...
..\Src\UI\ui.h(76): warning:  #1295-D: Deprecated declaration UI_Init - give arg types
  void UI_Init();
..\Src\UI\ui.h(78): warning:  #1295-D: Deprecated declaration UIKeyboard - give arg types
  void UIKeyboard();
..\Src\UI\ui.h(79): warning:  #1295-D: Deprecated declaration UITouch - give arg types
  void UITouch();
..\Src\UI\ui.h(80): warning:  #1295-D: Deprecated declaration UIEventManager - give arg types
  void UIEventManager();
..\Src\UI\ui.h(91): warning:  #1295-D: Deprecated declaration getUIInfo - give arg types
  struct UIInfo * getUIInfo();
..\Src\UI\ui.h(93): warning:  #1295-D: Deprecated declaration getuid - give arg types
  void getuid();
..\Src\UI\ui.h(94): warning:  #1295-D: Deprecated declaration UITouchClear - give arg types
  void UITouchClear();
..\Inc\geotest.h(14): warning:  #1295-D: Deprecated declaration geotest - give arg types
  int geotest();
..\Inc\geotest.h(16): warning:  #1295-D: Deprecated declaration encode - give arg types
  long encode();
..\Src\UI\pSubSettings.c(30): warning:  #223-D: function "strcpy" declared implicitly
                        strcpy(geoparam[index].type,kbInfo.kbBuff);
..\Src\UI\pSubSettings.c(25): warning:  #177-D: variable "str" was declared but never referenced
        char str[20];
..\Src\UI\pSubSettings.c(61): warning:  #223-D: function "strcpy" declared implicitly
        strcpy(kbInfo.kbTitle,widget->widgetTitle);
..\Src\UI\pSubSettings.c(122): warning:  #223-D: function "strcpy" declared implicitly
                        strcpy(widget->widgetPtr,geoparam[index].type);
..\Src\UI\pSubSettings.c(137): warning:  #1035-D: single-precision operand implicitly converted to double-precision
                                sprintf(widget->widgetPtr,"%g",round(geoparam[index].S/1000*25.4*1000)/1000.0);
..\Src\UI\pSubSettings.c(158): warning:  #1035-D: single-precision operand implicitly converted to double-precision
                                sprintf(widget->widgetPtr,"%g",round(geoparam[index].X*1000/25.4*1000)/1000.0);
..\Src\UI\pSubSettings.c(170): warning:  #1035-D: single-precision operand implicitly converted to double-precision
                                sprintf(widget->widgetPtr,"%g",round(geoparam[index].M*1000*0.03527*1000)/1000.0);
..\Src\UI\pSubSettings.c(182): warning:  #1035-D: single-precision operand implicitly converted to double-precision
                                sprintf(widget->widgetPtr,"%g",round((geoparam[index].T*1.8+32)*10)/10.0);
..\Src\UI\pSubSettings.c(198): warning:  #223-D: function "memcpy" declared implicitly
        memcpy(&geoparam[index],&geoparam[index+1],sizeof(struct GeoParam)*(20-1-index));
..\Src\UI\pSubSettings.c(212): warning:  #223-D: function "strcpy" declared implicitly
                                strcpy(geoparam[index].type,"Empty");
..\Src\UI\pSubSettings.c: 19 warnings, 0 errors
compiling pKeyboard.c...
..\Src\UI\ui.h(76): warning:  #1295-D: Deprecated declaration UI_Init - give arg types
  void UI_Init();
..\Src\UI\ui.h(78): warning:  #1295-D: Deprecated declaration UIKeyboard - give arg types
  void UIKeyboard();
..\Src\UI\ui.h(79): warning:  #1295-D: Deprecated declaration UITouch - give arg types
  void UITouch();
..\Src\UI\ui.h(80): warning:  #1295-D: Deprecated declaration UIEventManager - give arg types
  void UIEventManager();
..\Src\UI\ui.h(91): warning:  #1295-D: Deprecated declaration getUIInfo - give arg types
  struct UIInfo * getUIInfo();
..\Src\UI\ui.h(93): warning:  #1295-D: Deprecated declaration getuid - give arg types
  void getuid();
..\Src\UI\ui.h(94): warning:  #1295-D: Deprecated declaration UITouchClear - give arg types
  void UITouchClear();
..\Inc\geotest.h(14): warning:  #1295-D: Deprecated declaration geotest - give arg types
  int geotest();
..\Inc\geotest.h(16): warning:  #1295-D: Deprecated declaration encode - give arg types
  long encode();
..\Src\UI\pKeyboard.c(24): warning:  #223-D: function "strlen" declared implicitly
        len = strlen(kbInfo.kbBuff);
..\Src\UI\pKeyboard.c(47): warning:  #223-D: function "strlen" declared implicitly
        len = strlen(kbInfo.kbBuff);
..\Src\UI\pKeyboard.c(108): warning:  #223-D: function "strcpy" declared implicitly
        strcpy(pKeyboard.pageTitle,kbInfo.kbTitle);
..\Src\UI\pKeyboard.c(130): warning:  #144-D: a value of type "void (*)()" cannot be used to initialize an entity of type "void (*)(struct UIPage *)"
        pageInit,
..\Src\UI\pKeyboard.c: 13 warnings, 0 errors
compiling pEditD.c...
..\Src\UI\ui.h(76): warning:  #1295-D: Deprecated declaration UI_Init - give arg types
  void UI_Init();
..\Src\UI\ui.h(78): warning:  #1295-D: Deprecated declaration UIKeyboard - give arg types
  void UIKeyboard();
..\Src\UI\ui.h(79): warning:  #1295-D: Deprecated declaration UITouch - give arg types
  void UITouch();
..\Src\UI\ui.h(80): warning:  #1295-D: Deprecated declaration UIEventManager - give arg types
  void UIEventManager();
..\Src\UI\ui.h(91): warning:  #1295-D: Deprecated declaration getUIInfo - give arg types
  struct UIInfo * getUIInfo();
..\Src\UI\ui.h(93): warning:  #1295-D: Deprecated declaration getuid - give arg types
  void getuid();
..\Src\UI\ui.h(94): warning:  #1295-D: Deprecated declaration UITouchClear - give arg types
  void UITouchClear();
..\Inc\geotest.h(14): warning:  #1295-D: Deprecated declaration geotest - give arg types
  int geotest();
..\Inc\geotest.h(16): warning:  #1295-D: Deprecated declaration encode - give arg types
  long encode();
..\Src\UI\pEditD.c(18): warning:  #177-D: variable "str" was declared but never referenced
        char str[20];
..\Src\UI\pEditD.c(41): warning:  #223-D: function "strcpy" declared implicitly
        strcpy(kbInfo.kbTitle,widget->widgetTitle);
..\Src\UI\pEditD.c: 11 warnings, 0 errors
compiling pEditF.c...
..\Src\UI\ui.h(76): warning:  #1295-D: Deprecated declaration UI_Init - give arg types
  void UI_Init();
..\Src\UI\ui.h(78): warning:  #1295-D: Deprecated declaration UIKeyboard - give arg types
  void UIKeyboard();
..\Src\UI\ui.h(79): warning:  #1295-D: Deprecated declaration UITouch - give arg types
  void UITouch();
..\Src\UI\ui.h(80): warning:  #1295-D: Deprecated declaration UIEventManager - give arg types
  void UIEventManager();
..\Src\UI\ui.h(91): warning:  #1295-D: Deprecated declaration getUIInfo - give arg types
  struct UIInfo * getUIInfo();
..\Src\UI\ui.h(93): warning:  #1295-D: Deprecated declaration getuid - give arg types
  void getuid();
..\Src\UI\ui.h(94): warning:  #1295-D: Deprecated declaration UITouchClear - give arg types
  void UITouchClear();
..\Inc\geotest.h(14): warning:  #1295-D: Deprecated declaration geotest - give arg types
  int geotest();
..\Inc\geotest.h(16): warning:  #1295-D: Deprecated declaration encode - give arg types
  long encode();
..\Src\UI\pEditF.c(18): warning:  #177-D: variable "str" was declared but never referenced
        char str[20];
..\Src\UI\pEditF.c(41): warning:  #223-D: function "strcpy" declared implicitly
        strcpy(kbInfo.kbTitle,widget->widgetTitle);
..\Src\UI\pEditF.c: 11 warnings, 0 errors
compiling pEditR.c...
..\Src\UI\ui.h(76): warning:  #1295-D: Deprecated declaration UI_Init - give arg types
  void UI_Init();
..\Src\UI\ui.h(78): warning:  #1295-D: Deprecated declaration UIKeyboard - give arg types
  void UIKeyboard();
..\Src\UI\ui.h(79): warning:  #1295-D: Deprecated declaration UITouch - give arg types
  void UITouch();
..\Src\UI\ui.h(80): warning:  #1295-D: Deprecated declaration UIEventManager - give arg types
  void UIEventManager();
..\Src\UI\ui.h(91): warning:  #1295-D: Deprecated declaration getUIInfo - give arg types
  struct UIInfo * getUIInfo();
..\Src\UI\ui.h(93): warning:  #1295-D: Deprecated declaration getuid - give arg types
  void getuid();
..\Src\UI\ui.h(94): warning:  #1295-D: Deprecated declaration UITouchClear - give arg types
  void UITouchClear();
..\Inc\geotest.h(14): warning:  #1295-D: Deprecated declaration geotest - give arg types
  int geotest();
..\Inc\geotest.h(16): warning:  #1295-D: Deprecated declaration encode - give arg types
  long encode();
..\Src\UI\pEditR.c(18): warning:  #177-D: variable "str" was declared but never referenced
        char str[20];
..\Src\UI\pEditR.c(41): warning:  #223-D: function "strcpy" declared implicitly
        strcpy(kbInfo.kbTitle,widget->widgetTitle);
..\Src\UI\pEditR.c: 11 warnings, 0 errors
compiling pEditS.c...
..\Src\UI\ui.h(76): warning:  #1295-D: Deprecated declaration UI_Init - give arg types
  void UI_Init();
..\Src\UI\ui.h(78): warning:  #1295-D: Deprecated declaration UIKeyboard - give arg types
  void UIKeyboard();
..\Src\UI\ui.h(79): warning:  #1295-D: Deprecated declaration UITouch - give arg types
  void UITouch();
..\Src\UI\ui.h(80): warning:  #1295-D: Deprecated declaration UIEventManager - give arg types
  void UIEventManager();
..\Src\UI\ui.h(91): warning:  #1295-D: Deprecated declaration getUIInfo - give arg types
  struct UIInfo * getUIInfo();
..\Src\UI\ui.h(93): warning:  #1295-D: Deprecated declaration getuid - give arg types
  void getuid();
..\Src\UI\ui.h(94): warning:  #1295-D: Deprecated declaration UITouchClear - give arg types
  void UITouchClear();
..\Inc\geotest.h(14): warning:  #1295-D: Deprecated declaration geotest - give arg types
  int geotest();
..\Inc\geotest.h(16): warning:  #1295-D: Deprecated declaration encode - give arg types
  long encode();
..\Src\UI\pEditS.c(27): warning:  #1035-D: single-precision operand implicitly converted to double-precision
                                val = round(val*39.37*10)/10.0;
..\Src\UI\pEditS.c(19): warning:  #177-D: variable "str" was declared but never referenced
        char str[20];
..\Src\UI\pEditS.c(49): warning:  #223-D: function "strcpy" declared implicitly
        strcpy(kbInfo.kbTitle,widget->widgetTitle);
..\Src\UI\pEditS.c(64): warning:  #1035-D: single-precision operand implicitly converted to double-precision
                                sprintf(widget->widgetPtr,"%g",round(geoparam[pSettings.widgetSelected].S/39.37*1000)/1000.0);
..\Src\UI\pEditS.c: 13 warnings, 0 errors
compiling pEditZ.c...
..\Src\UI\ui.h(76): warning:  #1295-D: Deprecated declaration UI_Init - give arg types
  void UI_Init();
..\Src\UI\ui.h(78): warning:  #1295-D: Deprecated declaration UIKeyboard - give arg types
  void UIKeyboard();
..\Src\UI\ui.h(79): warning:  #1295-D: Deprecated declaration UITouch - give arg types
  void UITouch();
..\Src\UI\ui.h(80): warning:  #1295-D: Deprecated declaration UIEventManager - give arg types
  void UIEventManager();
..\Src\UI\ui.h(91): warning:  #1295-D: Deprecated declaration getUIInfo - give arg types
  struct UIInfo * getUIInfo();
..\Src\UI\ui.h(93): warning:  #1295-D: Deprecated declaration getuid - give arg types
  void getuid();
..\Src\UI\ui.h(94): warning:  #1295-D: Deprecated declaration UITouchClear - give arg types
  void UITouchClear();
..\Inc\geotest.h(14): warning:  #1295-D: Deprecated declaration geotest - give arg types
  int geotest();
..\Inc\geotest.h(16): warning:  #1295-D: Deprecated declaration encode - give arg types
  long encode();
..\Src\UI\pEditZ.c(23): warning:  #1035-D: single-precision operand implicitly converted to double-precision
        w = geoparam[pSettings.widgetSelected].DF*2*PI;
..\Src\UI\pEditZ.c(24): warning:  #1035-D: single-precision operand implicitly converted to double-precision
        w0 = geoparam[pSettings.widgetSelected].F*2*PI;
..\Src\UI\pEditZ.c(21): warning:  #177-D: variable "str" was declared but never referenced
        char str[30];
..\Src\UI\pEditZ.c(44): warning:  #177-D: variable "str" was declared but never referenced
        char str[20];
..\Src\UI\pEditZ.c(67): warning:  #223-D: function "strcpy" declared implicitly
        strcpy(kbInfo.kbTitle,widget->widgetTitle);
..\Src\UI\pEditZ.c: 14 warnings, 0 errors
compiling pEditDrive.c...
..\Src\UI\ui.h(76): warning:  #1295-D: Deprecated declaration UI_Init - give arg types
  void UI_Init();
..\Src\UI\ui.h(78): warning:  #1295-D: Deprecated declaration UIKeyboard - give arg types
  void UIKeyboard();
..\Src\UI\ui.h(79): warning:  #1295-D: Deprecated declaration UITouch - give arg types
  void UITouch();
..\Src\UI\ui.h(80): warning:  #1295-D: Deprecated declaration UIEventManager - give arg types
  void UIEventManager();
..\Src\UI\ui.h(91): warning:  #1295-D: Deprecated declaration getUIInfo - give arg types
  struct UIInfo * getUIInfo();
..\Src\UI\ui.h(93): warning:  #1295-D: Deprecated declaration getuid - give arg types
  void getuid();
..\Src\UI\ui.h(94): warning:  #1295-D: Deprecated declaration UITouchClear - give arg types
  void UITouchClear();
..\Inc\geotest.h(14): warning:  #1295-D: Deprecated declaration geotest - give arg types
  int geotest();
..\Inc\geotest.h(16): warning:  #1295-D: Deprecated declaration encode - give arg types
  long encode();
..\Src\UI\pEditDrive.c(19): warning:  #177-D: variable "str" was declared but never referenced
        char str[20];
..\Src\UI\pEditDrive.c(40): warning:  #223-D: function "strcpy" declared implicitly
        strcpy(kbInfo.kbTitle,widget->widgetTitle);
..\Src\UI\pEditDrive.c: 11 warnings, 0 errors
compiling pGeoParam.c...
..\Src\UI\ui.h(76): warning:  #1295-D: Deprecated declaration UI_Init - give arg types
  void UI_Init();
..\Src\UI\ui.h(78): warning:  #1295-D: Deprecated declaration UIKeyboard - give arg types
  void UIKeyboard();
..\Src\UI\ui.h(79): warning:  #1295-D: Deprecated declaration UITouch - give arg types
  void UITouch();
..\Src\UI\ui.h(80): warning:  #1295-D: Deprecated declaration UIEventManager - give arg types
  void UIEventManager();
..\Src\UI\ui.h(91): warning:  #1295-D: Deprecated declaration getUIInfo - give arg types
  struct UIInfo * getUIInfo();
..\Src\UI\ui.h(93): warning:  #1295-D: Deprecated declaration getuid - give arg types
  void getuid();
..\Src\UI\ui.h(94): warning:  #1295-D: Deprecated declaration UITouchClear - give arg types
  void UITouchClear();
..\Inc\geotest.h(14): warning:  #1295-D: Deprecated declaration geotest - give arg types
  int geotest();
..\Inc\geotest.h(16): warning:  #1295-D: Deprecated declaration encode - give arg types
  long encode();
..\Drivers\BSP\flash.h(10): warning:  #1295-D: Deprecated declaration FlashProgram - give arg types
  void FlashProgram();
..\Drivers\BSP\flash.h(11): warning:  #1295-D: Deprecated declaration FlashEraseTotal24 - give arg types
  void FlashEraseTotal24();
..\Src\UI\pGeoParam.c(33): warning:  #223-D: function "strcpy" declared implicitly
                        strcpy(widget->widgetTitle,geoparam[widget->widgetIndex+10*curpage].type);
..\Src\UI\pGeoParam.c(59): warning:  #144-D: a value of type "void (*)()" cannot be used to initialize an entity of type "void (*)(struct UIWidget *)"
        {10,0,0,{120,734,359,785},"Next Page",0,NULL,widgetInit,drawButton,turnpage},
..\Src\UI\pGeoParam.c: 13 warnings, 0 errors
compiling pTest.c...
..\Src\UI\ui.h(76): warning:  #1295-D: Deprecated declaration UI_Init - give arg types
  void UI_Init();
..\Src\UI\ui.h(78): warning:  #1295-D: Deprecated declaration UIKeyboard - give arg types
  void UIKeyboard();
..\Src\UI\ui.h(79): warning:  #1295-D: Deprecated declaration UITouch - give arg types
  void UITouch();
..\Src\UI\ui.h(80): warning:  #1295-D: Deprecated declaration UIEventManager - give arg types
  void UIEventManager();
..\Src\UI\ui.h(91): warning:  #1295-D: Deprecated declaration getUIInfo - give arg types
  struct UIInfo * getUIInfo();
..\Src\UI\ui.h(93): warning:  #1295-D: Deprecated declaration getuid - give arg types
  void getuid();
..\Src\UI\ui.h(94): warning:  #1295-D: Deprecated declaration UITouchClear - give arg types
  void UITouchClear();
..\Inc\geotest.h(14): warning:  #1295-D: Deprecated declaration geotest - give arg types
  int geotest();
..\Inc\geotest.h(16): warning:  #1295-D: Deprecated declaration encode - give arg types
  long encode();
..\Drivers\BSP\flash.h(10): warning:  #1295-D: Deprecated declaration FlashProgram - give arg types
  void FlashProgram();
..\Drivers\BSP\flash.h(11): warning:  #1295-D: Deprecated declaration FlashEraseTotal24 - give arg types
  void FlashEraseTotal24();
..\Drivers\BSP\rtc.h(6): warning:  #1295-D: Deprecated declaration RTC_Init - give arg types
  void RTC_Init();
..\Drivers\BSP\rtc.h(8): warning:  #1295-D: Deprecated declaration RTC_Get - give arg types
  void RTC_Get();
..\Inc\ostask.h(7): warning:  #1295-D: Deprecated declaration reTemp - give arg types
  void reTemp();
..\Inc\ostask.h(8): warning:  #1295-D: Deprecated declaration usbflagchange - give arg types
  void usbflagchange();
..\Inc\ostask.h(9): warning:  #1-D: last line of file ends without a newline
  #endif
..\Drivers\BSP\cyma568.h(4): warning:  #1295-D: Deprecated declaration tpTest - give arg types
  void tpTest();
..\Drivers\BSP\cyma568.h(5): warning:  #1295-D: Deprecated declaration ping - give arg types
  void ping();
..\Drivers\BSP\cyma568.h(6): warning:  #1295-D: Deprecated declaration touchreport - give arg types
  void touchreport();
..\Drivers\BSP\cyma568.h(7): warning:  #1295-D: Deprecated declaration HidDes - give arg types
  void HidDes();
..\Drivers\BSP\cyma568.h(8): warning:  #1295-D: Deprecated declaration sysinfo - give arg types
  void sysinfo();
..\Drivers\BSP\cyma568.h(9): warning:  #1295-D: Deprecated declaration CalibrateIDAC - give arg types
  int CalibrateIDAC();
..\Drivers\BSP\cyma568.h(10): warning:  #1295-D: Deprecated declaration SuspendScan - give arg types
  int SuspendScan();
..\Drivers\BSP\cyma568.h(11): warning:  #1295-D: Deprecated declaration ResumeScan - give arg types
  int ResumeScan();
..\Drivers\BSP\cyma568.h(12): warning:  #1295-D: Deprecated declaration ShortTest - give arg types
  int ShortTest();
..\Drivers\BSP\cyma568.h(13): warning:  #1295-D: Deprecated declaration OpenTest - give arg types
  int OpenTest();
..\Drivers\BSP\cyma568.h(14): warning:  #1295-D: Deprecated declaration tpScan - give arg types
  int tpScan();
..\Drivers\BSP\cyma568.h(15): warning:  #1-D: last line of file ends without a newline
  #endif
..\Drivers\BSP\beep.h(6): warning:  #1295-D: Deprecated declaration beepon - give arg types
  void beepon();
..\Drivers\BSP\beep.h(7): warning:  #1295-D: Deprecated declaration beepoff - give arg types
  void beepoff();
..\Src\UI\pTest.c(36): warning:  #223-D: function "atoi" declared implicitly
                        val = atoi(kbInfo.kbBuff);
..\Src\UI\pTest.c(40): warning:  #223-D: function "strcpy" declared implicitly
                        strcpy(settings.code,kbInfo.kbBuff);
..\Src\UI\pTest.c(50): warning:  #223-D: function "strcpy" declared implicitly
        strcpy(kbInfo.kbTitle,widget->widgetTitle);
..\Src\UI\pTest.c(75): warning:  #223-D: function "strlen" declared implicitly
        f_write(pMyFile, str, strlen(str),pwbytes);
..\Src\UI\pTest.c(102): warning:  #1035-D: single-precision operand implicitly converted to double-precision
                sprintf(str,"%g\t",round(geoparam[settings.paramnum].S/1000*25.4*1000)/1000.0);
..\Src\UI\pTest.c(112): warning:  #1035-D: single-precision operand implicitly converted to double-precision
                round(geoparam[settings.paramnum].X*1000/25.4*1000)/1000.0,
..\Src\UI\pTest.c(113): warning:  #1035-D: single-precision operand implicitly converted to double-precision
                round(geoparam[settings.paramnum].M*1000*0.03527*1000)/1000.0,
..\Src\UI\pTest.c(114): warning:  #1035-D: single-precision operand implicitly converted to double-precision
                round((geoparam[settings.paramnum].T*1.8+32)*10)/10.0);
..\Src\UI\pTest.c(127): warning:  #1035-D: single-precision operand implicitly converted to double-precision
        settings.units ? round(geophone.smin/1000*25.4*1000)/1000.0 : round(geophone.smin*10)/10.0,
..\Src\UI\pTest.c(133): warning:  #1035-D: single-precision operand implicitly converted to double-precision
        settings.units ? round(geophone.snom/1000*25.4*1000)/1000.0 : round(geophone.snom*10)/10.0,
..\Src\UI\pTest.c(139): warning:  #1035-D: single-precision operand implicitly converted to double-precision
        settings.units ? round(geophone.smax/1000*25.4*1000)/1000.0 : round(geophone.smax*10)/10.0,
..\Src\UI\pTest.c(185): warning:  #223-D: function "strlen" declared implicitly
        f_write(pMyFile, str, strlen(str),pwbytes);
..\Src\UI\pTest.c(190): warning:  #1035-D: single-precision operand implicitly converted to double-precision
                (geophone.sens>geophone.smax || geophone.sens<geophone.smin) ? "-" : "",round(geophone.sens/39.37*1000)/1000.0);
..\Src\UI\pTest.c(223): warning:  #1035-D: single-precision operand implicitly converted to double-precision
        sprintf(str,"%.1f\t",settings.units ? geophone.temp*1.8+32 : geophone.temp);
..\Src\UI\pTest.c(474): warning:  #1035-D: single-precision operand implicitly converted to double-precision
                sprintf(str,"%.3f",(int)(geophone.sens/39.37*1000+0.1)/1000.0);
..\Src\UI\pTest.c(561): warning:  #223-D: function "strcpy" declared implicitly
                        strcpy(widget->widgetPtr,settings.code);
..\Src\UI\pTest.c(570): warning:  #144-D: a value of type "void (*)()" cannot be used to initialize an entity of type "void (*)(struct UIWidget *)"
        {0,0,0,{20,700,219,760},"Save",0,NULL,NULL,drawButton,save},
..\Src\UI\pTest.c(571): warning:  #144-D: a value of type "void (*)()" cannot be used to initialize an entity of type "void (*)(struct UIWidget *)"
        {1,1,0,{260,700,459,760},"Test",0,NULL,NULL,drawButton,test},
..\Src\UI\pTest.c(580): warning:  #167-D: argument of type "uint8_t *" is incompatible with parameter of type "const char *restrict"
        sprintf(page->pageTitle,settings.filename);
..\Src\UI\pTest.c: 49 warnings, 0 errors
compiling pSetup.c...
..\Src\UI\ui.h(76): warning:  #1295-D: Deprecated declaration UI_Init - give arg types
  void UI_Init();
..\Src\UI\ui.h(78): warning:  #1295-D: Deprecated declaration UIKeyboard - give arg types
  void UIKeyboard();
..\Src\UI\ui.h(79): warning:  #1295-D: Deprecated declaration UITouch - give arg types
  void UITouch();
..\Src\UI\ui.h(80): warning:  #1295-D: Deprecated declaration UIEventManager - give arg types
  void UIEventManager();
..\Src\UI\ui.h(91): warning:  #1295-D: Deprecated declaration getUIInfo - give arg types
  struct UIInfo * getUIInfo();
..\Src\UI\ui.h(93): warning:  #1295-D: Deprecated declaration getuid - give arg types
  void getuid();
..\Src\UI\ui.h(94): warning:  #1295-D: Deprecated declaration UITouchClear - give arg types
  void UITouchClear();
..\Inc\geotest.h(14): warning:  #1295-D: Deprecated declaration geotest - give arg types
  int geotest();
..\Inc\geotest.h(16): warning:  #1295-D: Deprecated declaration encode - give arg types
  long encode();
..\Inc\ostask.h(7): warning:  #1295-D: Deprecated declaration reTemp - give arg types
  void reTemp();
..\Inc\ostask.h(8): warning:  #1295-D: Deprecated declaration usbflagchange - give arg types
  void usbflagchange();
..\Inc\ostask.h(9): warning:  #1-D: last line of file ends without a newline
  #endif
..\Src\UI\pSetup.c(29): warning:  #223-D: function "strcpy" declared implicitly
                        strcpy(settings.filename,kbInfo.kbBuff);
..\Src\UI\pSetup.c(31): warning:  #167-D: argument of type "uint8_t *" is incompatible with parameter of type "char *restrict"
                                sprintf(settings.filename,"Test");
..\Src\UI\pSetup.c(36): warning:  #1035-D: single-precision operand implicitly converted to double-precision
                                val2 = (val2-32)/1.8;
..\Src\UI\pSetup.c(23): warning:  #177-D: variable "str" was declared but never referenced
        char str[20];
..\Src\UI\pSetup.c(59): warning:  #223-D: function "strcpy" declared implicitly
                strcpy(kbInfo.kbTitle,widget->widgetTitle);
..\Src\UI\pSetup.c(60): warning:  #223-D: function "strcpy" declared implicitly
        strcpy(kbInfo.kbBuff,widget->widgetPtr);
..\Src\UI\pSetup.c(105): warning:  #223-D: function "strcpy" declared implicitly
                        strcpy(widget->widgetPtr,settings.filename);
..\Src\UI\pSetup.c(125): warning:  #1035-D: single-precision operand implicitly converted to double-precision
                                sprintf(widget->widgetPtr,"%g",(int)((settings.temperature*1.8+32)*10+0.1)/10.0);
..\Src\UI\pSetup.c(130): warning:  #1035-D: single-precision operand implicitly converted to double-precision
                                sprintf(widget->widgetPtr,"%g",(int)(settings.temperature*10+0.1)/10.0);
..\Src\UI\pSetup.c(143): warning:  #181-D: argument is incompatible with corresponding format string conversion
                                sprintf(widget->widgetPtr,"%s/ld:%d",widget->widgetPtr,settings.ldrate);
..\Src\UI\pSetup.c(145): warning:  #181-D: argument is incompatible with corresponding format string conversion
                                sprintf(widget->widgetPtr,"%s/pol",widget->widgetPtr);
..\Src\UI\pSetup.c: 23 warnings, 0 errors
compiling pSys.c...
..\Src\UI\ui.h(76): warning:  #1295-D: Deprecated declaration UI_Init - give arg types
  void UI_Init();
..\Src\UI\ui.h(78): warning:  #1295-D: Deprecated declaration UIKeyboard - give arg types
  void UIKeyboard();
..\Src\UI\ui.h(79): warning:  #1295-D: Deprecated declaration UITouch - give arg types
  void UITouch();
..\Src\UI\ui.h(80): warning:  #1295-D: Deprecated declaration UIEventManager - give arg types
  void UIEventManager();
..\Src\UI\ui.h(91): warning:  #1295-D: Deprecated declaration getUIInfo - give arg types
  struct UIInfo * getUIInfo();
..\Src\UI\ui.h(93): warning:  #1295-D: Deprecated declaration getuid - give arg types
  void getuid();
..\Src\UI\ui.h(94): warning:  #1295-D: Deprecated declaration UITouchClear - give arg types
  void UITouchClear();
..\Inc\geotest.h(14): warning:  #1295-D: Deprecated declaration geotest - give arg types
  int geotest();
..\Inc\geotest.h(16): warning:  #1295-D: Deprecated declaration encode - give arg types
  long encode();
..\Inc\ostask.h(7): warning:  #1295-D: Deprecated declaration reTemp - give arg types
  void reTemp();
..\Inc\ostask.h(8): warning:  #1295-D: Deprecated declaration usbflagchange - give arg types
  void usbflagchange();
..\Inc\ostask.h(9): warning:  #1-D: last line of file ends without a newline
  #endif
..\Src\UI\pSys.c(20): warning:  #177-D: variable "str" was declared but never referenced
        char str[20];
..\Src\UI\pSys.c(45): warning:  #223-D: function "strcpy" declared implicitly
        strcpy(kbInfo.kbTitle,widget->widgetTitle);
..\Src\UI\pSys.c(63): warning:  #223-D: function "strcpy" declared implicitly
                        strcpy(widget->widgetPtr,"");
..\Src\UI\pSys.c: 15 warnings, 0 errors
compiling pTime.c...
..\Src\UI\ui.h(76): warning:  #1295-D: Deprecated declaration UI_Init - give arg types
  void UI_Init();
..\Src\UI\ui.h(78): warning:  #1295-D: Deprecated declaration UIKeyboard - give arg types
  void UIKeyboard();
..\Src\UI\ui.h(79): warning:  #1295-D: Deprecated declaration UITouch - give arg types
  void UITouch();
..\Src\UI\ui.h(80): warning:  #1295-D: Deprecated declaration UIEventManager - give arg types
  void UIEventManager();
..\Src\UI\ui.h(91): warning:  #1295-D: Deprecated declaration getUIInfo - give arg types
  struct UIInfo * getUIInfo();
..\Src\UI\ui.h(93): warning:  #1295-D: Deprecated declaration getuid - give arg types
  void getuid();
..\Src\UI\ui.h(94): warning:  #1295-D: Deprecated declaration UITouchClear - give arg types
  void UITouchClear();
..\Inc\geotest.h(14): warning:  #1295-D: Deprecated declaration geotest - give arg types
  int geotest();
..\Inc\geotest.h(16): warning:  #1295-D: Deprecated declaration encode - give arg types
  long encode();
..\Drivers\BSP\rtc.h(6): warning:  #1295-D: Deprecated declaration RTC_Init - give arg types
  void RTC_Init();
..\Drivers\BSP\rtc.h(8): warning:  #1295-D: Deprecated declaration RTC_Get - give arg types
  void RTC_Get();
..\Src\UI\pTime.c(21): warning:  #177-D: variable "str" was declared but never referenced
        char str[20];
..\Src\UI\pTime.c(57): warning:  #223-D: function "strcpy" declared implicitly
        strcpy(kbInfo.kbTitle,widget->widgetTitle);
..\Src\UI\pTime.c(112): warning:  #144-D: a value of type "void (*)()" cannot be used to initialize an entity of type "void (*)(struct UIWidget *)"
        {6,1,0,{100,540,379,600},"Set Time",0,NULL,widgetInit,drawButton,settime},
..\Src\UI\pTime.c(119): warning:  #223-D: function "memcpy" declared implicitly
                memcpy(&Date,&rtcDate,sizeof(rtcDate));
..\Src\UI\pTime.c: 15 warnings, 0 errors
compiling pString.c...
..\Src\UI\ui.h(76): warning:  #1295-D: Deprecated declaration UI_Init - give arg types
  void UI_Init();
..\Src\UI\ui.h(78): warning:  #1295-D: Deprecated declaration UIKeyboard - give arg types
  void UIKeyboard();
..\Src\UI\ui.h(79): warning:  #1295-D: Deprecated declaration UITouch - give arg types
  void UITouch();
..\Src\UI\ui.h(80): warning:  #1295-D: Deprecated declaration UIEventManager - give arg types
  void UIEventManager();
..\Src\UI\ui.h(91): warning:  #1295-D: Deprecated declaration getUIInfo - give arg types
  struct UIInfo * getUIInfo();
..\Src\UI\ui.h(93): warning:  #1295-D: Deprecated declaration getuid - give arg types
  void getuid();
..\Src\UI\ui.h(94): warning:  #1295-D: Deprecated declaration UITouchClear - give arg types
  void UITouchClear();
..\Inc\geotest.h(14): warning:  #1295-D: Deprecated declaration geotest - give arg types
  int geotest();
..\Inc\geotest.h(16): warning:  #1295-D: Deprecated declaration encode - give arg types
  long encode();
..\Src\UI\pString.c(43): warning:  #223-D: function "strcpy" declared implicitly
        strcpy(kbInfo.kbTitle,widget->widgetTitle);
..\Src\UI\pString.c: 10 warnings, 0 errors
compiling pFlow.c...
..\Src\UI\ui.h(76): warning:  #1295-D: Deprecated declaration UI_Init - give arg types
  void UI_Init();
..\Src\UI\ui.h(78): warning:  #1295-D: Deprecated declaration UIKeyboard - give arg types
  void UIKeyboard();
..\Src\UI\ui.h(79): warning:  #1295-D: Deprecated declaration UITouch - give arg types
  void UITouch();
..\Src\UI\ui.h(80): warning:  #1295-D: Deprecated declaration UIEventManager - give arg types
  void UIEventManager();
..\Src\UI\ui.h(91): warning:  #1295-D: Deprecated declaration getUIInfo - give arg types
  struct UIInfo * getUIInfo();
..\Src\UI\ui.h(93): warning:  #1295-D: Deprecated declaration getuid - give arg types
  void getuid();
..\Src\UI\ui.h(94): warning:  #1295-D: Deprecated declaration UITouchClear - give arg types
  void UITouchClear();
..\Inc\geotest.h(14): warning:  #1295-D: Deprecated declaration geotest - give arg types
  int geotest();
..\Inc\geotest.h(16): warning:  #1295-D: Deprecated declaration encode - give arg types
  long encode();
..\Src\UI\pFlow.c(22): warning:  #223-D: function "strcpy" declared implicitly
        strcpy(kbInfo.kbTitle,widget->widgetTitle);
..\Src\UI\pFlow.c: 10 warnings, 0 errors
compiling pAbout.c...
..\Src\UI\ui.h(76): warning:  #1295-D: Deprecated declaration UI_Init - give arg types
  void UI_Init();
..\Src\UI\ui.h(78): warning:  #1295-D: Deprecated declaration UIKeyboard - give arg types
  void UIKeyboard();
..\Src\UI\ui.h(79): warning:  #1295-D: Deprecated declaration UITouch - give arg types
  void UITouch();
..\Src\UI\ui.h(80): warning:  #1295-D: Deprecated declaration UIEventManager - give arg types
  void UIEventManager();
..\Src\UI\ui.h(91): warning:  #1295-D: Deprecated declaration getUIInfo - give arg types
  struct UIInfo * getUIInfo();
..\Src\UI\ui.h(93): warning:  #1295-D: Deprecated declaration getuid - give arg types
  void getuid();
..\Src\UI\ui.h(94): warning:  #1295-D: Deprecated declaration UITouchClear - give arg types
  void UITouchClear();
..\Inc\ostask.h(7): warning:  #1295-D: Deprecated declaration reTemp - give arg types
  void reTemp();
..\Inc\ostask.h(8): warning:  #1295-D: Deprecated declaration usbflagchange - give arg types
  void usbflagchange();
..\Inc\ostask.h(9): warning:  #1-D: last line of file ends without a newline
  #endif
..\Inc\geotest.h(14): warning:  #1295-D: Deprecated declaration geotest - give arg types
  int geotest();
..\Inc\geotest.h(16): warning:  #1295-D: Deprecated declaration encode - give arg types
  long encode();
..\Src\UI\pAbout.c(46): warning:  #223-D: function "usbd_OpenMassStorage" declared implicitly
        usbd_OpenMassStorage();
..\Src\UI\pAbout.c(51): warning:  #223-D: function "usbd_CloseMassStorage" declared implicitly
        usbd_CloseMassStorage(); 
..\Src\UI\pAbout.c: 14 warnings, 0 errors
compiling pZVF.c...
..\Src\UI\ui.h(76): warning:  #1295-D: Deprecated declaration UI_Init - give arg types
  void UI_Init();
..\Src\UI\ui.h(78): warning:  #1295-D: Deprecated declaration UIKeyboard - give arg types
  void UIKeyboard();
..\Src\UI\ui.h(79): warning:  #1295-D: Deprecated declaration UITouch - give arg types
  void UITouch();
..\Src\UI\ui.h(80): warning:  #1295-D: Deprecated declaration UIEventManager - give arg types
  void UIEventManager();
..\Src\UI\ui.h(91): warning:  #1295-D: Deprecated declaration getUIInfo - give arg types
  struct UIInfo * getUIInfo();
..\Src\UI\ui.h(93): warning:  #1295-D: Deprecated declaration getuid - give arg types
  void getuid();
..\Src\UI\ui.h(94): warning:  #1295-D: Deprecated declaration UITouchClear - give arg types
  void UITouchClear();
..\Inc\geotest.h(14): warning:  #1295-D: Deprecated declaration geotest - give arg types
  int geotest();
..\Inc\geotest.h(16): warning:  #1295-D: Deprecated declaration encode - give arg types
  long encode();
..\Src\UI\pZVF.c(42): warning:  #223-D: function "strlen" declared implicitly
                GUI_DispStringInRectEx(str,&Rect,GUI_TA_RIGHT|GUI_TA_VCENTER,strlen(str),GUI_ROTATE_CW);
..\Src\UI\pZVF.c(55): warning:  #223-D: function "strlen" declared implicitly
                        GUI_DispStringInRectEx(str,&Rect,GUI_TA_HCENTER|GUI_TA_BOTTOM,strlen(str),GUI_ROTATE_CW);
..\Src\UI\pZVF.c(24): warning:  #177-D: variable "x" was declared but never referenced
        int index,x;
..\Src\UI\pZVF.c(133): warning:  #223-D: function "strlen" declared implicitly
                        GUI_DispStringInRectEx(str,&Rect,GUI_TA_HCENTER,strlen(str),GUI_ROTATE_CW);
..\Src\UI\pZVF.c(112): warning:  #177-D: variable "x" was declared but never referenced
        int x,y;
..\Src\UI\pZVF.c(112): warning:  #177-D: variable "y" was declared but never referenced
        int x,y;
..\Src\UI\pZVF.c(144): warning:  #144-D: a value of type "void (*)()" cannot be used to initialize an entity of type "void (*)(struct UIWidget *)"
        {0,1,1,{40,170,439,719},"",0,NULL,NULL,NULL,select},
..\Src\UI\pZVF.c(145): warning:  #144-D: a value of type "void (*)()" cannot be used to initialize an entity of type "void (*)(struct UIWidget *)"
        {1,1,0,{120,740,359,779},"Scan",0,NULL,NULL,drawButton,scan},
..\Src\UI\pZVF.c(150): warning:  #223-D: function "memset" declared implicitly
        memset(yvalue,0,4*NUM);
..\Src\UI\pZVF.c(20): warning:  #550-D: variable "target" was set but never used
  static int target = -1;
..\Src\UI\pZVF.c: 19 warnings, 0 errors
compiling pPasswd.c...
..\Src\UI\ui.h(76): warning:  #1295-D: Deprecated declaration UI_Init - give arg types
  void UI_Init();
..\Src\UI\ui.h(78): warning:  #1295-D: Deprecated declaration UIKeyboard - give arg types
  void UIKeyboard();
..\Src\UI\ui.h(79): warning:  #1295-D: Deprecated declaration UITouch - give arg types
  void UITouch();
..\Src\UI\ui.h(80): warning:  #1295-D: Deprecated declaration UIEventManager - give arg types
  void UIEventManager();
..\Src\UI\ui.h(91): warning:  #1295-D: Deprecated declaration getUIInfo - give arg types
  struct UIInfo * getUIInfo();
..\Src\UI\ui.h(93): warning:  #1295-D: Deprecated declaration getuid - give arg types
  void getuid();
..\Src\UI\ui.h(94): warning:  #1295-D: Deprecated declaration UITouchClear - give arg types
  void UITouchClear();
..\Inc\geotest.h(14): warning:  #1295-D: Deprecated declaration geotest - give arg types
  int geotest();
..\Inc\geotest.h(16): warning:  #1295-D: Deprecated declaration encode - give arg types
  long encode();
..\Drivers\BSP\flash.h(10): warning:  #1295-D: Deprecated declaration FlashProgram - give arg types
  void FlashProgram();
..\Drivers\BSP\flash.h(11): warning:  #1295-D: Deprecated declaration FlashEraseTotal24 - give arg types
  void FlashEraseTotal24();
..\Src\UI\pPasswd.c(19): warning:  #223-D: function "atol" declared implicitly
        settings.passwd = atol(kbInfo.kbBuff);
..\Src\UI\pPasswd.c(25): warning:  #223-D: function "strcpy" declared implicitly
        strcpy(kbInfo.kbTitle,widget->widgetTitle);
..\Src\UI\pPasswd.c(38): warning:  #223-D: function "strcpy" declared implicitly
                        strcpy(widget->widgetPtr,UIInfo.uid);
..\Src\UI\pPasswd.c: 14 warnings, 0 errors
compiling pIteration.c...
..\Src\UI\ui.h(76): warning:  #1295-D: Deprecated declaration UI_Init - give arg types
  void UI_Init();
..\Src\UI\ui.h(78): warning:  #1295-D: Deprecated declaration UIKeyboard - give arg types
  void UIKeyboard();
..\Src\UI\ui.h(79): warning:  #1295-D: Deprecated declaration UITouch - give arg types
  void UITouch();
..\Src\UI\ui.h(80): warning:  #1295-D: Deprecated declaration UIEventManager - give arg types
  void UIEventManager();
..\Src\UI\ui.h(91): warning:  #1295-D: Deprecated declaration getUIInfo - give arg types
  struct UIInfo * getUIInfo();
..\Src\UI\ui.h(93): warning:  #1295-D: Deprecated declaration getuid - give arg types
  void getuid();
..\Src\UI\ui.h(94): warning:  #1295-D: Deprecated declaration UITouchClear - give arg types
  void UITouchClear();
..\Inc\geotest.h(14): warning:  #1295-D: Deprecated declaration geotest - give arg types
  int geotest();
..\Inc\geotest.h(16): warning:  #1295-D: Deprecated declaration encode - give arg types
  long encode();
..\Src\UI\pIteration.c(21): warning:  #223-D: function "atoi" declared implicitly
                        val = atoi(kbInfo.kbBuff);
..\Src\UI\pIteration.c(16): warning:  #177-D: variable "str" was declared but never referenced
        char str[20];
..\Src\UI\pIteration.c(36): warning:  #223-D: function "strcpy" declared implicitly
        strcpy(kbInfo.kbTitle,widget->widgetTitle);
..\Src\UI\pIteration.c: 12 warnings, 0 errors
compiling usbd_core.c...
..\Src\usbd_mass_storage\usb_conf.h(233): warning:  #47-D: incompatible redefinition of macro "__ALIGN_BEGIN" (declared at line 151 of "..\Drivers\STM32F4xx_HAL_Driver\Inc\stm32f4xx_hal_def.h")
    #define __ALIGN_BEGIN
..\Middlewares\STM32_USB_Device_Library\Core\src\usbd_core.c: 1 warning, 0 errors
compiling usbd_ioreq.c...
..\Src\usbd_mass_storage\usb_conf.h(233): warning:  #47-D: incompatible redefinition of macro "__ALIGN_BEGIN" (declared at line 151 of "..\Drivers\STM32F4xx_HAL_Driver\Inc\stm32f4xx_hal_def.h")
    #define __ALIGN_BEGIN
..\Middlewares\STM32_USB_Device_Library\Core\src\usbd_ioreq.c: 1 warning, 0 errors
compiling usbd_req.c...
..\Src\usbd_mass_storage\usb_conf.h(233): warning:  #47-D: incompatible redefinition of macro "__ALIGN_BEGIN" (declared at line 151 of "..\Drivers\STM32F4xx_HAL_Driver\Inc\stm32f4xx_hal_def.h")
    #define __ALIGN_BEGIN
..\Middlewares\STM32_USB_Device_Library\Core\src\usbd_req.c: 1 warning, 0 errors
compiling usbd_msc_bot.c...
..\Src\usbd_mass_storage\usb_conf.h(233): warning:  #47-D: incompatible redefinition of macro "__ALIGN_BEGIN" (declared at line 151 of "..\Drivers\STM32F4xx_HAL_Driver\Inc\stm32f4xx_hal_def.h")
    #define __ALIGN_BEGIN
..\Middlewares\STM32_USB_Device_Library\Class\msc\src\usbd_msc_bot.c: 1 warning, 0 errors
compiling usbd_msc_core.c...
..\Src\usbd_mass_storage\usb_conf.h(233): warning:  #47-D: incompatible redefinition of macro "__ALIGN_BEGIN" (declared at line 151 of "..\Drivers\STM32F4xx_HAL_Driver\Inc\stm32f4xx_hal_def.h")
    #define __ALIGN_BEGIN
..\Middlewares\STM32_USB_Device_Library\Class\msc\src\usbd_msc_core.c: 1 warning, 0 errors
compiling usbd_msc_data.c...
..\Src\usbd_mass_storage\usb_conf.h(233): warning:  #47-D: incompatible redefinition of macro "__ALIGN_BEGIN" (declared at line 151 of "..\Drivers\STM32F4xx_HAL_Driver\Inc\stm32f4xx_hal_def.h")
    #define __ALIGN_BEGIN
..\Middlewares\STM32_USB_Device_Library\Class\msc\src\usbd_msc_data.c: 1 warning, 0 errors
compiling usbd_msc_scsi.c...
..\Src\usbd_mass_storage\usb_conf.h(233): warning:  #47-D: incompatible redefinition of macro "__ALIGN_BEGIN" (declared at line 151 of "..\Drivers\STM32F4xx_HAL_Driver\Inc\stm32f4xx_hal_def.h")
    #define __ALIGN_BEGIN
..\Middlewares\STM32_USB_Device_Library\Class\msc\src\usbd_msc_scsi.c: 1 warning, 0 errors
compiling usb_core.c...
..\Src\usbd_mass_storage\usb_conf.h(233): warning:  #47-D: incompatible redefinition of macro "__ALIGN_BEGIN" (declared at line 151 of "..\Drivers\STM32F4xx_HAL_Driver\Inc\stm32f4xx_hal_def.h")
    #define __ALIGN_BEGIN
..\Middlewares\STM32_USB_OTG_Driver\src\usb_core.c: 1 warning, 0 errors
compiling usb_dcd.c...
..\Src\usbd_mass_storage\usb_conf.h(233): warning:  #47-D: incompatible redefinition of macro "__ALIGN_BEGIN" (declared at line 151 of "..\Drivers\STM32F4xx_HAL_Driver\Inc\stm32f4xx_hal_def.h")
    #define __ALIGN_BEGIN
..\Middlewares\STM32_USB_OTG_Driver\src\usb_dcd.c: 1 warning, 0 errors
compiling usb_dcd_int.c...
..\Src\usbd_mass_storage\usb_conf.h(233): warning:  #47-D: incompatible redefinition of macro "__ALIGN_BEGIN" (declared at line 151 of "..\Drivers\STM32F4xx_HAL_Driver\Inc\stm32f4xx_hal_def.h")
    #define __ALIGN_BEGIN
..\Middlewares\STM32_USB_OTG_Driver\src\usb_dcd_int.c: 1 warning, 0 errors
linking...
Program Size: Code=161102 RO-data=128414 RW-data=8024 ZI-data=168144  
FromELF: creating hex file...
"dt900 Configuration\dt900 Configuration.axf" - 0 Error(s), 592 Warning(s).
</pre>
</body>
</html>
