Component: ARM Compiler 5.05 update 1 (build 106) Tool: armlink [4d0efa]

==============================================================================

Section Cross References

    stm32f4xx_hal_tim.o(i.HAL_TIM_Base_DeInit) refers to stm32f4xx_hal_msp.o(i.HAL_TIM_Base_MspDeInit) for HAL_TIM_Base_MspDeInit
    stm32f4xx_hal_tim.o(i.HAL_TIM_Base_Init) refers to stm32f4xx_hal_msp.o(i.HAL_TIM_Base_MspInit) for HAL_TIM_Base_MspInit
    stm32f4xx_hal_tim.o(i.HAL_TIM_Base_Init) refers to stm32f4xx_hal_tim.o(i.TIM_Base_SetConfig) for TIM_Base_SetConfig
    stm32f4xx_hal_tim.o(i.HAL_TIM_Base_Start_DMA) refers to stm32f4xx_hal_dma.o(i.HAL_DMA_Start_IT) for HAL_DMA_Start_IT
    stm32f4xx_hal_tim.o(i.HAL_TIM_Base_Start_DMA) refers to stm32f4xx_hal_tim.o(i.TIM_DMAPeriodElapsedCplt) for TIM_DMAPeriodElapsedCplt
    stm32f4xx_hal_tim.o(i.HAL_TIM_Base_Start_DMA) refers to stm32f4xx_hal_tim.o(i.TIM_DMAError) for TIM_DMAError
    stm32f4xx_hal_tim.o(i.HAL_TIM_ConfigClockSource) refers to stm32f4xx_hal_tim.o(i.TIM_ETR_SetConfig) for TIM_ETR_SetConfig
    stm32f4xx_hal_tim.o(i.HAL_TIM_ConfigClockSource) refers to stm32f4xx_hal_tim.o(i.TIM_TI1_ConfigInputStage) for TIM_TI1_ConfigInputStage
    stm32f4xx_hal_tim.o(i.HAL_TIM_ConfigClockSource) refers to stm32f4xx_hal_tim.o(i.TIM_TI2_ConfigInputStage) for TIM_TI2_ConfigInputStage
    stm32f4xx_hal_tim.o(i.HAL_TIM_ConfigClockSource) refers to stm32f4xx_hal_tim.o(i.TIM_ITRx_SetConfig) for TIM_ITRx_SetConfig
    stm32f4xx_hal_tim.o(i.HAL_TIM_ConfigOCrefClear) refers to stm32f4xx_hal_tim.o(i.TIM_ETR_SetConfig) for TIM_ETR_SetConfig
    stm32f4xx_hal_tim.o(i.HAL_TIM_DMABurst_ReadStart) refers to stm32f4xx_hal_dma.o(i.HAL_DMA_Start_IT) for HAL_DMA_Start_IT
    stm32f4xx_hal_tim.o(i.HAL_TIM_DMABurst_ReadStart) refers to stm32f4xx_hal_tim.o(i.TIM_DMAError) for TIM_DMAError
    stm32f4xx_hal_tim.o(i.HAL_TIM_DMABurst_ReadStart) refers to stm32f4xx_hal_tim.o(i.TIM_DMACaptureCplt) for TIM_DMACaptureCplt
    stm32f4xx_hal_tim.o(i.HAL_TIM_DMABurst_ReadStart) refers to stm32f4xx_hal_tim.o(i.TIM_DMAPeriodElapsedCplt) for TIM_DMAPeriodElapsedCplt
    stm32f4xx_hal_tim.o(i.HAL_TIM_DMABurst_ReadStart) refers to stm32f4xx_hal_tim_ex.o(i.TIMEx_DMACommutationCplt) for TIMEx_DMACommutationCplt
    stm32f4xx_hal_tim.o(i.HAL_TIM_DMABurst_ReadStart) refers to stm32f4xx_hal_tim.o(i.TIM_DMATriggerCplt) for TIM_DMATriggerCplt
    stm32f4xx_hal_tim.o(i.HAL_TIM_DMABurst_ReadStop) refers to stm32f4xx_hal_dma.o(i.HAL_DMA_Abort) for HAL_DMA_Abort
    stm32f4xx_hal_tim.o(i.HAL_TIM_DMABurst_WriteStart) refers to stm32f4xx_hal_dma.o(i.HAL_DMA_Start_IT) for HAL_DMA_Start_IT
    stm32f4xx_hal_tim.o(i.HAL_TIM_DMABurst_WriteStart) refers to stm32f4xx_hal_tim.o(i.TIM_DMAError) for TIM_DMAError
    stm32f4xx_hal_tim.o(i.HAL_TIM_DMABurst_WriteStart) refers to stm32f4xx_hal_tim.o(i.TIM_DMADelayPulseCplt) for TIM_DMADelayPulseCplt
    stm32f4xx_hal_tim.o(i.HAL_TIM_DMABurst_WriteStart) refers to stm32f4xx_hal_tim.o(i.TIM_DMAPeriodElapsedCplt) for TIM_DMAPeriodElapsedCplt
    stm32f4xx_hal_tim.o(i.HAL_TIM_DMABurst_WriteStart) refers to stm32f4xx_hal_tim_ex.o(i.TIMEx_DMACommutationCplt) for TIMEx_DMACommutationCplt
    stm32f4xx_hal_tim.o(i.HAL_TIM_DMABurst_WriteStart) refers to stm32f4xx_hal_tim.o(i.TIM_DMATriggerCplt) for TIM_DMATriggerCplt
    stm32f4xx_hal_tim.o(i.HAL_TIM_DMABurst_WriteStop) refers to stm32f4xx_hal_dma.o(i.HAL_DMA_Abort) for HAL_DMA_Abort
    stm32f4xx_hal_tim.o(i.HAL_TIM_Encoder_DeInit) refers to stm32f4xx_hal_tim.o(i.HAL_TIM_Encoder_MspDeInit) for HAL_TIM_Encoder_MspDeInit
    stm32f4xx_hal_tim.o(i.HAL_TIM_Encoder_Init) refers to stm32f4xx_hal_tim.o(i.HAL_TIM_Encoder_MspInit) for HAL_TIM_Encoder_MspInit
    stm32f4xx_hal_tim.o(i.HAL_TIM_Encoder_Init) refers to stm32f4xx_hal_tim.o(i.TIM_Base_SetConfig) for TIM_Base_SetConfig
    stm32f4xx_hal_tim.o(i.HAL_TIM_Encoder_Start) refers to stm32f4xx_hal_tim.o(i.TIM_CCxChannelCmd) for TIM_CCxChannelCmd
    stm32f4xx_hal_tim.o(i.HAL_TIM_Encoder_Start_DMA) refers to stm32f4xx_hal_dma.o(i.HAL_DMA_Start_IT) for HAL_DMA_Start_IT
    stm32f4xx_hal_tim.o(i.HAL_TIM_Encoder_Start_DMA) refers to stm32f4xx_hal_tim.o(i.TIM_CCxChannelCmd) for TIM_CCxChannelCmd
    stm32f4xx_hal_tim.o(i.HAL_TIM_Encoder_Start_DMA) refers to stm32f4xx_hal_tim.o(i.TIM_DMACaptureCplt) for TIM_DMACaptureCplt
    stm32f4xx_hal_tim.o(i.HAL_TIM_Encoder_Start_DMA) refers to stm32f4xx_hal_tim.o(i.TIM_DMAError) for TIM_DMAError
    stm32f4xx_hal_tim.o(i.HAL_TIM_Encoder_Start_IT) refers to stm32f4xx_hal_tim.o(i.TIM_CCxChannelCmd) for TIM_CCxChannelCmd
    stm32f4xx_hal_tim.o(i.HAL_TIM_Encoder_Stop) refers to stm32f4xx_hal_tim.o(i.TIM_CCxChannelCmd) for TIM_CCxChannelCmd
    stm32f4xx_hal_tim.o(i.HAL_TIM_Encoder_Stop_DMA) refers to stm32f4xx_hal_tim.o(i.TIM_CCxChannelCmd) for TIM_CCxChannelCmd
    stm32f4xx_hal_tim.o(i.HAL_TIM_Encoder_Stop_IT) refers to stm32f4xx_hal_tim.o(i.TIM_CCxChannelCmd) for TIM_CCxChannelCmd
[...]
    0x0800147c   0x00000022   Code   RO         9000    i.GUI_MEMDEV_GetDataPtr  STemWin526_CM4_OS_Keil.lib(guidev_getdataptr.o)
    0x0800149e   0x00000002   PAD
    0x080014a0   0x00000190   Code   RO         8723    i.GUI_MEMDEV__WriteToActiveAlpha  STemWin526_CM4_OS_Keil.lib(guidev_writetoactivealpha.o)
    0x08001630   0x00000010   Code   RO         7794    i.GUI_MULTIBUF_Config  STemWin526_CM4_OS_Keil.lib(gui_multibuf.o)
    0x08001640   0x0000001c   Code   RO         7795    i.GUI_MULTIBUF_ConfigEx  STemWin526_CM4_OS_Keil.lib(gui_multibuf.o)
    0x0800165c   0x0000002c   Code   RO         7797    i.GUI_MULTIBUF_ConfirmEx  STemWin526_CM4_OS_Keil.lib(gui_multibuf.o)
    0x08001688   0x00000058   Code   RO         8590    i.GUI_MergeRect     STemWin526_CM4_OS_Keil.lib(gui_mergerect.o)
    0x080016e0   0x0000001e   Code   RO         8592    i.GUI_MoveRect      STemWin526_CM4_OS_Keil.lib(gui_moverect.o)
    0x080016fe   0x00000002   PAD
    0x08001700   0x00000060   Code   RO         8985    i.GUI_ReadRectEx    STemWin526_CM4_OS_Keil.lib(lcd_readrect.o)
    0x08001760   0x00000038   Code   RO         8614    i.GUI_RectsIntersect  STemWin526_CM4_OS_Keil.lib(gui_rectsintersect.o)
    0x08001798   0x0000001a   Code   RO         8272    i.GUI_SelectLCD     STemWin526_CM4_OS_Keil.lib(gui_selectlcd.o)
    0x080017b2   0x00000002   PAD
    0x080017b4   0x00000030   Code   RO         7819    i.GUI_SelectLayer   STemWin526_CM4_OS_Keil.lib(gui_selectlayer.o)
    0x080017e4   0x00000016   Code   RO         7834    i.GUI_SetBkColor    STemWin526_CM4_OS_Keil.lib(gui_setcolor.o)
    0x080017fa   0x00000016   Code   RO         7835    i.GUI_SetColor      STemWin526_CM4_OS_Keil.lib(gui_setcolor.o)
    0x08001810   0x0000000c   Code   RO         7740    i.GUI_SetDefaultFont  STemWin526_CM4_OS_Keil.lib(gui_core.o)
    0x0800181c   0x00000020   Code   RO         7838    i.GUI_SetFont       STemWin526_CM4_OS_Keil.lib(gui_setfont.o)
    0x0800183c   0x00000040   Code   RO         8274    i.GUI_SetOrg        STemWin526_CM4_OS_Keil.lib(gui_setorg.o)
    0x0800187c   0x00000010   Code   RO         8641    i.GUI_SignalEvent   STemWin526_CM4_OS_Keil.lib(gui_waitevent.o)
    0x0800188c   0x00000010   Code   RO         8599    i.GUI_StoreKey      STemWin526_CM4_OS_Keil.lib(gui_onkey.o)
    0x0800189c   0x0000002c   Code   RO         8628    i.GUI_UC__GetCharCodeInc  STemWin526_CM4_OS_Keil.lib(gui_uc.o)
    0x080018c8   0x00000028   Code   RO         8630    i.GUI_UC__NumChars2NumBytes  STemWin526_CM4_OS_Keil.lib(gui_uc.o)
    0x080018f0   0x00000028   Code   RO         8717    i.GUI_USAGE_AddRect  STemWin526_CM4_OS_Keil.lib(guidev_usage.o)
    0x08001918   0x0000002c   Code   RO         8718    i.GUI_USAGE_DecUseCnt  STemWin526_CM4_OS_Keil.lib(guidev_usage.o)
    0x08001944   0x00000014   Code   RO         8281    i.GUI_Unlock        STemWin526_CM4_OS_Keil.lib(gui_task.o)
    0x08001958   0x00000020   Code   RO         7064    i.GUI_X_Config      guiconf.o
    0x08001978   0x00000002   Code   RO         7156    i.GUI_X_ExecIdle    gui_x_os.o
    0x0800197a   0x00000004   Code   RO         7157    i.GUI_X_GetTaskId   gui_x_os.o
    0x0800197e   0x00000002   Code   RO         7159    i.GUI_X_Init        gui_x_os.o
    0x08001980   0x00000024   Code   RO         7160    i.GUI_X_InitOS      gui_x_os.o
    0x080019a4   0x00000010   Code   RO         7161    i.GUI_X_Lock        gui_x_os.o
    0x080019b4   0x0000000c   Code   RO         7164    i.GUI_X_Unlock      gui_x_os.o
    0x080019c0   0x00000016   Code   RO         8516    i.GUI__AllocAlphaBuffer  STemWin526_CM4_OS_Keil.lib(gui__alpha.o)
    0x080019d6   0x00000164   Code   RO         8777    i.GUI__CompactPixelIndicesEx  STemWin526_CM4_OS_Keil.lib(gui__compactpixelindices.o)
    0x08001b3a   0x00000002   PAD
    0x08001b3c   0x00000038   Code   RO         7742    i.GUI__Config       STemWin526_CM4_OS_Keil.lib(gui_core.o)
    0x08001b74   0x000000b0   Code   RO         8561    i.GUI__DispLine     STemWin526_CM4_OS_Keil.lib(gui_charline.o)
    0x08001c24   0x000001d0   Code   RO         8517    i.GUI__DoAlphaBlending  STemWin526_CM4_OS_Keil.lib(gui__alpha.o)
    0x08001df4   0x00000142   Code   RO         8781    i.GUI__ExpandPixelIndicesEx  STemWin526_CM4_OS_Keil.lib(gui__expandpixelindices.o)
    0x08001f36   0x00000002   PAD
    0x08001f38   0x0000009c   Code   RO         8518    i.GUI__GetAlphaBuffer  STemWin526_CM4_OS_Keil.lib(gui__alpha.o)
    0x08001fd4   0x00000054   Code   RO         8562    i.GUI__GetLineDistX  STemWin526_CM4_OS_Keil.lib(gui_charline.o)
    0x08002028   0x00000038   Code   RO         8563    i.GUI__GetLineNumChars  STemWin526_CM4_OS_Keil.lib(gui_charline.o)
    0x08002060   0x00000018   Code   RO         8564    i.GUI__GetOverlap   STemWin526_CM4_OS_Keil.lib(gui_charline.o)
    0x08002078   0x0000003a   Code   RO         8534    i.GUI__IntersectRect  STemWin526_CM4_OS_Keil.lib(gui__intersectrect.o)
    0x080020b2   0x00000052   Code   RO         8536    i.GUI__IntersectRects  STemWin526_CM4_OS_Keil.lib(gui__intersectrects.o)
    0x08002104   0x00000010   Code   RO         8539    i.GUI__ManageCache  STemWin526_CM4_OS_Keil.lib(gui__managecache.o)
    0x08002114   0x000000c8   Code   RO         8540    i.GUI__ManageCacheEx  STemWin526_CM4_OS_Keil.lib(gui__managecache.o)
    0x080021dc   0x00000066   Code   RO         8519    i.GUI__MixColors    STemWin526_CM4_OS_Keil.lib(gui__alpha.o)
    0x08002242   0x0000004e   Code   RO         8520    i.GUI__MixColorsBulk  STemWin526_CM4_OS_Keil.lib(gui__alpha.o)
    0x08002290   0x00000010   Code   RO         7743    i.GUI__RegisterExit  STemWin526_CM4_OS_Keil.lib(gui_core.o)
    0x080022a0   0x0000004c   Code   RO         8248    i.GUI__memset       STemWin526_CM4_OS_Keil.lib(gui__memset.o)
    0x080022ec   0x0000001c   Code   RO         7086    i.GetBufferSize     lcdconf_lin_template.o
    0x08002308   0x00000154   Code   RO         2421    i.HAL_ADC_ConfigChannel  stm32f4xx_hal_adc.o
    0x0800245c   0x0000003a   Code   RO         2430    i.HAL_ADC_Init      stm32f4xx_hal_adc.o
    0x08002496   0x00000002   PAD
    0x08002498   0x00000044   Code   RO         4210    i.HAL_ADC_MspInit   stm32f4xx_hal_msp.o
    0x080024dc   0x00000026   Code   RO         4045    i.HAL_CRC_Init      stm32f4xx_hal_crc.o
    0x08002502   0x00000002   PAD
    0x08002504   0x00000028   Code   RO         4212    i.HAL_CRC_MspInit   stm32f4xx_hal_msp.o
    0x0800252c   0x0000005a   Code   RO         3382    i.HAL_DMA2D_Init    stm32f4xx_hal_dma2d.o
    0x08002586   0x00000002   PAD
    0x08002588   0x00000028   Code   RO         4214    i.HAL_DMA2D_MspInit  stm32f4xx_hal_msp.o
    0x080025b0   0x00000016   Code   RO         3201    i.HAL_Delay         stm32f4xx_hal.o
    0x080025c6   0x00000002   PAD
    0x080025c8   0x000000b8   Code   RO         4215    i.HAL_FMC_MspInit   stm32f4xx_hal_msp.o
    0x08002680   0x000001cc   Code   RO         2589    i.HAL_GPIO_Init     stm32f4xx_hal_gpio.o
    0x0800284c   0x0000000a   Code   RO         2591    i.HAL_GPIO_ReadPin  stm32f4xx_hal_gpio.o
    0x08002856   0x0000000a   Code   RO         2593    i.HAL_GPIO_WritePin  stm32f4xx_hal_gpio.o
    0x08002860   0x0000000c   Code   RO         3209    i.HAL_GetTick       stm32f4xx_hal.o
    0x0800286c   0x00000100   Code   RO         1655    i.HAL_I2C_Init      stm32f4xx_hal_i2c.o
    0x0800296c   0x00000058   Code   RO         4217    i.HAL_I2C_MspInit   stm32f4xx_hal_msp.o
    0x080029c4   0x00000010   Code   RO         3210    i.HAL_IncTick       stm32f4xx_hal.o
    0x080029d4   0x00000034   Code   RO         3211    i.HAL_Init          stm32f4xx_hal.o
    0x08002a08   0x00000022   Code   RO         3212    i.HAL_InitTick      stm32f4xx_hal.o
    0x08002a2a   0x00000002   PAD
    0x08002a2c   0x00000078   Code   RO         2682    i.HAL_LTDC_ConfigCLUT  stm32f4xx_hal_ltdc.o
    0x08002aa4   0x00000040   Code   RO         2683    i.HAL_LTDC_ConfigColorKeying  stm32f4xx_hal_ltdc.o
    0x08002ae4   0x00000052   Code   RO         2684    i.HAL_LTDC_ConfigLayer  stm32f4xx_hal_ltdc.o
    0x08002b36   0x0000003a   Code   RO         2687    i.HAL_LTDC_DisableColorKeying  stm32f4xx_hal_ltdc.o
    0x08002b70   0x0000003a   Code   RO         2690    i.HAL_LTDC_EnableColorKeying  stm32f4xx_hal_ltdc.o
    0x08002baa   0x00000002   Code   RO         2692    i.HAL_LTDC_ErrorCallback  stm32f4xx_hal_ltdc.o
    0x08002bac   0x000000a2   Code   RO         2695    i.HAL_LTDC_IRQHandler  stm32f4xx_hal_ltdc.o
    0x08002c4e   0x00000002   PAD
    0x08002c50   0x000000fc   Code   RO         2696    i.HAL_LTDC_Init     stm32f4xx_hal_ltdc.o
    0x08002d4c   0x00000064   Code   RO         7087    i.HAL_LTDC_LineEvenCallback  lcdconf_lin_template.o
    0x08002db0   0x00000114   Code   RO         4219    i.HAL_LTDC_MspInit  stm32f4xx_hal_msp.o
    0x08002ec4   0x00000038   Code   RO         2700    i.HAL_LTDC_ProgramLineEvent  stm32f4xx_hal_ltdc.o
    0x08002efc   0x00000044   Code   RO         2701    i.HAL_LTDC_SetAddress  stm32f4xx_hal_ltdc.o
    0x08002f40   0x00000044   Code   RO         2702    i.HAL_LTDC_SetAlpha  stm32f4xx_hal_ltdc.o
    0x08002f84   0x00000054   Code   RO         2704    i.HAL_LTDC_SetWindowPosition  stm32f4xx_hal_ltdc.o
    0x08002fd8   0x00000016   Code   RO         4220    i.HAL_MspInit       stm32f4xx_hal_msp.o
    0x08002fee   0x00000016   Code   RO         1179    i.HAL_NVIC_EnableIRQ  stm32f4xx_hal_cortex.o
    0x08003004   0x00000040   Code   RO         1185    i.HAL_NVIC_SetPriority  stm32f4xx_hal_cortex.o
    0x08003044   0x00000024   Code   RO         1186    i.HAL_NVIC_SetPriorityGrouping  stm32f4xx_hal_cortex.o
    0x08003068   0x00000008   Code   RO         4795    i.HAL_PCD_ConnectCallback  usbd_conf.o
    0x08003070   0x00000012   Code   RO         4796    i.HAL_PCD_DataInStageCallback  usbd_conf.o
    0x08003082   0x00000014   Code   RO         4797    i.HAL_PCD_DataOutStageCallback  usbd_conf.o
    0x08003096   0x00000008   Code   RO         4798    i.HAL_PCD_DisconnectCallback  usbd_conf.o
    0x0800309e   0x00000050   Code   RO         3553    i.HAL_PCD_EP_ClrStall  stm32f4xx_hal_pcd.o
    0x080030ee   0x00000054   Code   RO         3556    i.HAL_PCD_EP_Open   stm32f4xx_hal_pcd.o
    0x08003142   0x00000002   PAD
    0x08003144   0x0000005e   Code   RO         3557    i.HAL_PCD_EP_Receive  stm32f4xx_hal_pcd.o
    0x080031a2   0x00000060   Code   RO         3558    i.HAL_PCD_EP_SetStall  stm32f4xx_hal_pcd.o
    0x08003202   0x00000056   Code   RO         3559    i.HAL_PCD_EP_Transmit  stm32f4xx_hal_pcd.o
    0x08003258   0x000003e4   Code   RO         3561    i.HAL_PCD_IRQHandler  stm32f4xx_hal_pcd.o
    0x0800363c   0x00000008   Code   RO         4799    i.HAL_PCD_ISOINIncompleteCallback  usbd_conf.o
    0x08003644   0x00000008   Code   RO         4800    i.HAL_PCD_ISOOUTIncompleteCallback  usbd_conf.o
    0x0800364c   0x00000020   Code   RO         4803    i.HAL_PCD_ResetCallback  usbd_conf.o
    0x0800366c   0x00000008   Code   RO         4804    i.HAL_PCD_ResumeCallback  usbd_conf.o
    0x08003674   0x00000008   Code   RO         4805    i.HAL_PCD_SOFCallback  usbd_conf.o
    0x0800367c   0x00000024   Code   RO         3570    i.HAL_PCD_SetAddress  stm32f4xx_hal_pcd.o
    0x080036a0   0x0000000e   Code   RO         4806    i.HAL_PCD_SetupStageCallback  usbd_conf.o
    0x080036ae   0x00000002   PAD
    0x080036b0   0x00000030   Code   RO         4807    i.HAL_PCD_SuspendCallback  usbd_conf.o
    0x080036e0   0x000002bc   Code   RO         3045    i.HAL_RCCEx_PeriphCLKConfig  stm32f4xx_hal_rcc_ex.o
    0x0800399c   0x0000020c   Code   RO         1073    i.HAL_RCC_ClockConfig  stm32f4xx_hal_rcc.o
    0x08003ba8   0x00000034   Code   RO         1078    i.HAL_RCC_GetHCLKFreq  stm32f4xx_hal_rcc.o
    0x08003bdc   0x0000002c   Code   RO         1080    i.HAL_RCC_GetPCLK1Freq  stm32f4xx_hal_rcc.o
    0x08003c08   0x00000070   Code   RO         1082    i.HAL_RCC_GetSysClockFreq  stm32f4xx_hal_rcc.o
    0x08003c78   0x0000033c   Code   RO         1085    i.HAL_RCC_OscConfig  stm32f4xx_hal_rcc.o
    0x08003fb4   0x00000042   Code   RO         1405    i.HAL_SDRAM_Init    stm32f4xx_hal_sdram.o
    0x08003ff6   0x00000004   Code   RO         4222    i.HAL_SDRAM_MspInit  stm32f4xx_hal_msp.o
    0x08003ffa   0x00000022   Code   RO         1408    i.HAL_SDRAM_ProgramRefreshRate  stm32f4xx_hal_sdram.o
    0x0800401c   0x00000030   Code   RO         1414    i.HAL_SDRAM_SendCommand  stm32f4xx_hal_sdram.o
    0x0800404c   0x00000084   Code   RO         1959    i.HAL_SPI_Init      stm32f4xx_hal_spi.o
    0x080040d0   0x000000b4   Code   RO         4224    i.HAL_SPI_MspInit   stm32f4xx_hal_msp.o
    0x08004184   0x000001d0   Code   RO         1962    i.HAL_SPI_Receive   stm32f4xx_hal_spi.o
    0x08004354   0x00000144   Code   RO         1967    i.HAL_SPI_Transmit  stm32f4xx_hal_spi.o
    0x08004498   0x000002aa   Code   RO         1968    i.HAL_SPI_TransmitReceive  stm32f4xx_hal_spi.o
    0x08004742   0x00000028   Code   RO         1190    i.HAL_SYSTICK_Config  stm32f4xx_hal_cortex.o
    0x0800476a   0x00000002   Code   RO          761    i.HAL_TIMEx_BreakCallback  stm32f4xx_hal_tim_ex.o
    0x0800476c   0x00000002   Code   RO          762    i.HAL_TIMEx_CommutationCallback  stm32f4xx_hal_tim_ex.o
    0x0800476e   0x00000050   Code   RO          778    i.HAL_TIMEx_MasterConfigSynchronization  stm32f4xx_hal_tim_ex.o
    0x080047be   0x00000002   Code   RO           35    i.HAL_TIM_IC_CaptureCallback  stm32f4xx_hal_tim.o
    0x080047c0   0x00000166   Code   RO           48    i.HAL_TIM_IRQHandler  stm32f4xx_hal_tim.o
    0x08004926   0x00000002   Code   RO           51    i.HAL_TIM_OC_DelayElapsedCallback  stm32f4xx_hal_tim.o
    0x08004928   0x000000d0   Code   RO           72    i.HAL_TIM_PWM_ConfigChannel  stm32f4xx_hal_tim.o
    0x080049f8   0x00000036   Code   RO           75    i.HAL_TIM_PWM_Init  stm32f4xx_hal_tim.o
    0x08004a2e   0x00000002   PAD
    0x08004a30   0x00000078   Code   RO         4228    i.HAL_TIM_PWM_MspInit  stm32f4xx_hal_msp.o
    0x08004aa8   0x00000002   Code   RO           78    i.HAL_TIM_PWM_PulseFinishedCallback  stm32f4xx_hal_tim.o
    0x08004aaa   0x00000002   PAD
    0x08004aac   0x00000038   Code   RO           79    i.HAL_TIM_PWM_Start  stm32f4xx_hal_tim.o
    0x08004ae4   0x0000005c   Code   RO           82    i.HAL_TIM_PWM_Stop  stm32f4xx_hal_tim.o
    0x08004b40   0x00000002   Code   RO         7567    i.HAL_TIM_PeriodElapsedCallback  dac8831.o
    0x08004b42   0x00000002   Code   RO           89    i.HAL_TIM_TriggerCallback  stm32f4xx_hal_tim.o
    0x08004b44   0x0000001c   Code   RO         8304    i.LCD_Color2Index   STemWin526_CM4_OS_Keil.lib(lcd.o)
    0x08004b60   0x00000204   Code   RO         8305    i.LCD_DrawBitmap    STemWin526_CM4_OS_Keil.lib(lcd.o)
    0x08004d64   0x00000058   Code   RO         8306    i.LCD_DrawHLine     STemWin526_CM4_OS_Keil.lib(lcd.o)
    0x08004dbc   0x00000068   Code   RO         8307    i.LCD_DrawPixel     STemWin526_CM4_OS_Keil.lib(lcd.o)
    0x08004e24   0x00000058   Code   RO         8309    i.LCD_FillRect      STemWin526_CM4_OS_Keil.lib(lcd.o)
    0x08004e7c   0x00000006   Code   RO         7856    i.LCD_GetBitsPerPixelEx  STemWin526_CM4_OS_Keil.lib(lcd_getex.o)
    0x08004e82   0x00000002   PAD
    0x08004e84   0x00000010   Code   RO         8980    i.LCD_GetBkColorIndex  STemWin526_CM4_OS_Keil.lib(lcd_getcolorindex.o)
    0x08004e94   0x00000010   Code   RO         8981    i.LCD_GetColorIndex  STemWin526_CM4_OS_Keil.lib(lcd_getcolorindex.o)
    0x08004ea4   0x00000006   Code   RO         7860    i.LCD_GetMirrorXEx  STemWin526_CM4_OS_Keil.lib(lcd_getex.o)
    0x08004eaa   0x00000006   Code   RO         7862    i.LCD_GetMirrorYEx  STemWin526_CM4_OS_Keil.lib(lcd_getex.o)
    0x08004eb0   0x00000010   Code   RO         7863    i.LCD_GetNumColors  STemWin526_CM4_OS_Keil.lib(lcd_getex.o)
    0x08004ec0   0x00000006   Code   RO         7864    i.LCD_GetNumColorsEx  STemWin526_CM4_OS_Keil.lib(lcd_getex.o)
    0x08004ec6   0x0000001a   Code   RO         8662    i.LCD_GetNumLayers  STemWin526_CM4_OS_Keil.lib(lcd_getnumdisplays.o)
    0x08004ee0   0x00000010   Code   RO         7865    i.LCD_GetPalette    STemWin526_CM4_OS_Keil.lib(lcd_getex.o)
    0x08004ef0   0x00000018   Code   RO         7866    i.LCD_GetPaletteEx  STemWin526_CM4_OS_Keil.lib(lcd_getex.o)
    0x08004f08   0x0000002c   Code   RO         7931    i.LCD_GetPosEx      STemWin526_CM4_OS_Keil.lib(lcd_set.o)
    0x08004f34   0x00000010   Code   RO         7867    i.LCD_GetSwapXY     STemWin526_CM4_OS_Keil.lib(lcd_getex.o)
    0x08004f44   0x00000006   Code   RO         7868    i.LCD_GetSwapXYEx   STemWin526_CM4_OS_Keil.lib(lcd_getex.o)
    0x08004f4a   0x00000006   Code   RO         7871    i.LCD_GetVXSizeMax  STemWin526_CM4_OS_Keil.lib(lcd_getex.o)
    0x08004f50   0x00000004   Code   RO         8343    i.LCD_GetpPalConvTableBM  STemWin526_CM4_OS_Keil.lib(lcd_color.o)
    0x08004f54   0x00000048   Code   RO         8344    i.LCD_GetpPalConvTableUncached  STemWin526_CM4_OS_Keil.lib(lcd_color.o)
    0x08004f9c   0x0000001c   Code   RO         8310    i.LCD_Index2Color   STemWin526_CM4_OS_Keil.lib(lcd.o)
    0x08004fb8   0x00000002   Code   RO         8967    i.LCD_Index2Color_888  STemWin526_CM4_OS_Keil.lib(guicc_888_index2color.o)
    0x08004fba   0x00000002   Code   RO         8978    i.LCD_Index2Color_8888  STemWin526_CM4_OS_Keil.lib(guicc_8888_index2color.o)
    0x08004fbc   0x00000014   Code   RO         8302    i.LCD_Index2Color_M888  STemWin526_CM4_OS_Keil.lib(guicc_m888_index2color.o)
    0x08004fd0   0x00000034   Code   RO         8345    i.LCD_InitColors    STemWin526_CM4_OS_Keil.lib(lcd_color.o)
    0x08005004   0x00000070   Code   RO         8346    i.LCD_InitLUT       STemWin526_CM4_OS_Keil.lib(lcd_color.o)
    0x08005074   0x00000088   Code   RO         7498    i.LCD_LayerCfg      lcd.o
    0x080050fc   0x00000048   Code   RO         7499    i.LCD_PWR           lcd.o
    0x08005144   0x00000198   Code   RO         8987    i.LCD_ReadRectEx    STemWin526_CM4_OS_Keil.lib(lcd_readrect.o)
    0x080052dc   0x00000040   Code   RO         8665    i.LCD_SelectLCD     STemWin526_CM4_OS_Keil.lib(lcd_selectlcd.o)
    0x0800531c   0x0000000c   Code   RO         8311    i.LCD_SetBkColor    STemWin526_CM4_OS_Keil.lib(lcd.o)
    0x08005328   0x00000018   Code   RO         8312    i.LCD_SetBkColorIndex  STemWin526_CM4_OS_Keil.lib(lcd.o)
    0x08005340   0x00000030   Code   RO         8667    i.LCD_SetClipRectEx  STemWin526_CM4_OS_Keil.lib(lcd_setcliprectex.o)
    0x08005370   0x0000001c   Code   RO         8313    i.LCD_SetClipRectMax  STemWin526_CM4_OS_Keil.lib(lcd.o)
    0x0800538c   0x0000000c   Code   RO         8314    i.LCD_SetColor      STemWin526_CM4_OS_Keil.lib(lcd.o)
    0x08005398   0x00000018   Code   RO         8315    i.LCD_SetColorIndex  STemWin526_CM4_OS_Keil.lib(lcd.o)
    0x080053b0   0x0000002c   Code   RO         7942    i.LCD_SetDevFunc    STemWin526_CM4_OS_Keil.lib(lcd_set.o)
    0x080053dc   0x0000000c   Code   RO         8316    i.LCD_SetDrawMode   STemWin526_CM4_OS_Keil.lib(lcd.o)
    0x080053e8   0x0000002c   Code   RO         7944    i.LCD_SetLUTEntryEx  STemWin526_CM4_OS_Keil.lib(lcd_set.o)
    0x08005414   0x0000002c   Code   RO         7948    i.LCD_SetSizeEx     STemWin526_CM4_OS_Keil.lib(lcd_set.o)
    0x08005440   0x00000028   Code   RO         7950    i.LCD_SetVRAMAddrEx  STemWin526_CM4_OS_Keil.lib(lcd_set.o)
    0x08005468   0x0000002c   Code   RO         7952    i.LCD_SetVSizeEx    STemWin526_CM4_OS_Keil.lib(lcd_set.o)
    0x08005494   0x00000024   Code   RO         8669    i.LCD_UpdateColorIndices  STemWin526_CM4_OS_Keil.lib(lcd_updatecolorindices.o)
    0x080054b8   0x000000c0   Code   RO         7088    i.LCD_X_Config      lcdconf_lin_template.o
    0x08005578   0x0000012c   Code   RO         7089    i.LCD_X_DisplayDriver  lcdconf_lin_template.o
    0x080056a4   0x0000000c   Code   RO         4416    i.LTDC_IRQHandler   stm32f4xx_it.o
    0x080056b0   0x00000162   Code   RO         2706    i.LTDC_SetConfig    stm32f4xx_hal_ltdc.o
    0x08005812   0x00000002   PAD
    0x08005814   0x00000010   Code   RO         7249    i.MUX               pwr.o
    0x08005824   0x00000040   Code   RO         4462    i.MX_ADC1_Init      main.o
    0x08005864   0x00000058   Code   RO         4463    i.MX_FMC_Init       main.o
    0x080058bc   0x00000180   Code   RO         4464    i.MX_GPIO_Init      main.o
    0x08005a3c   0x00000068   Code   RO         4465    i.MX_LTDC_Init      main.o
    0x08005aa4   0x00000034   Code   RO         4466    i.MX_SPI3_Init      main.o
    0x08005ad8   0x00000034   Code   RO         4467    i.MX_SPI5_Init      main.o
    0x08005b0c   0x00000034   Code   RO         4468    i.MX_SPI6_Init      main.o
    0x08005b40   0x0000004c   Code   RO         4469    i.MX_TIM3_Init      main.o
    0x08005b8c   0x0000004c   Code   RO         4470    i.MX_TIM5_Init      main.o
    0x08005bd8   0x00000020   Code   RO         1192    i.NVIC_SetPriority  stm32f4xx_hal_cortex.o
    0x08005bf8   0x0000000c   Code   RO         4417    i.OTG_FS_IRQHandler  stm32f4xx_it.o
    0x08005c04   0x00000096   Code   RO         3575    i.PCD_WriteEmptyTxFifo  stm32f4xx_hal_pcd.o
    0x08005c9a   0x00000078   Code   RO         7462    i.SDRAM_Initialization_Sequence  sdram.o
    0x08005d12   0x00000002   PAD
    0x08005d14   0x00000010   Code   RO         7289    i.SPI_FLASH_CS      spiflash.o
    0x08005d24   0x0000009e   Code   RO         1990    i.SPI_WaitOnFlagUntilTimeout  stm32f4xx_hal_spi.o
    0x08005dc2   0x00000002   PAD
    0x08005dc4   0x00000010   Code   RO         7463    i.Sdram_Init        sdram.o
    0x08005dd4   0x00000010   Code   RO         4471    i.StartDefaultTask  main.o
    0x08005de4   0x0000000e   Code   RO         4418    i.SysTick_Handler   stm32f4xx_it.o
    0x08005df2   0x00000002   PAD
    0x08005df4   0x0000008c   Code   RO         4472    i.SystemClock_Config  main.o
    0x08005e80   0x00000054   Code   RO         5031    i.SystemInit        system_stm32f4xx.o
    0x08005ed4   0x0000000c   Code   RO         4419    i.TIM2_IRQHandler   stm32f4xx_it.o
    0x08005ee0   0x000000c0   Code   RO           90    i.TIM_Base_SetConfig  stm32f4xx_hal_tim.o
    0x08005fa0   0x00000016   Code   RO           91    i.TIM_CCxChannelCmd  stm32f4xx_hal_tim.o
    0x08005fb6   0x00000002   PAD
    0x08005fb8   0x00000058   Code   RO           99    i.TIM_OC1_SetConfig  stm32f4xx_hal_tim.o
    0x08006010   0x00000064   Code   RO          100    i.TIM_OC2_SetConfig  stm32f4xx_hal_tim.o
    0x08006074   0x00000060   Code   RO          101    i.TIM_OC3_SetConfig  stm32f4xx_hal_tim.o
    0x080060d4   0x00000050   Code   RO          102    i.TIM_OC4_SetConfig  stm32f4xx_hal_tim.o
    0x08006124   0x0000000e   Code   RO         6834    i.USBD_ClrClassConfig  usbd_core.o
    0x08006132   0x00000010   Code   RO         6774    i.USBD_CtlContinueRx  usbd_ioreq.o
    0x08006142   0x00000010   Code   RO         6775    i.USBD_CtlContinueSendData  usbd_ioreq.o
    0x08006152   0x00000016   Code   RO         6624    i.USBD_CtlError     usbd_ctlreq.o
    0x08006168   0x00000016   Code   RO         6777    i.USBD_CtlReceiveStatus  usbd_ioreq.o
    0x0800617e   0x0000001a   Code   RO         6778    i.USBD_CtlSendData  usbd_ioreq.o
    0x08006198   0x00000016   Code   RO         6779    i.USBD_CtlSendStatus  usbd_ioreq.o
    0x080061ae   0x000000e0   Code   RO         6625    i.USBD_GetDescriptor  usbd_ctlreq.o
    0x0800628e   0x0000000e   Code   RO         4808    i.USBD_LL_ClearStallEP  usbd_conf.o
    0x0800629c   0x000000aa   Code   RO         6837    i.USBD_LL_DataInStage  usbd_core.o
    0x08006346   0x0000006a   Code   RO         6838    i.USBD_LL_DataOutStage  usbd_core.o
    0x080063b0   0x00000004   Code   RO         6839    i.USBD_LL_DevConnected  usbd_core.o
    0x080063b4   0x00000016   Code   RO         6840    i.USBD_LL_DevDisconnected  usbd_core.o
    0x080063ca   0x00000020   Code   RO         4815    i.USBD_LL_IsStallEP  usbd_conf.o
    0x080063ea   0x00000004   Code   RO         6841    i.USBD_LL_IsoINIncomplete  usbd_core.o
    0x080063ee   0x00000004   Code   RO         6842    i.USBD_LL_IsoOUTIncomplete  usbd_core.o
    0x080063f2   0x00000014   Code   RO         4816    i.USBD_LL_OpenEP    usbd_conf.o
    0x08006406   0x0000000e   Code   RO         4817    i.USBD_LL_PrepareReceive  usbd_conf.o
    0x08006414   0x0000003e   Code   RO         6843    i.USBD_LL_Reset     usbd_core.o
    0x08006452   0x0000000c   Code   RO         6844    i.USBD_LL_Resume    usbd_core.o
    0x0800645e   0x00000018   Code   RO         6845    i.USBD_LL_SOF       usbd_core.o
    0x08006476   0x00000006   Code   RO         6846    i.USBD_LL_SetSpeed  usbd_core.o
    0x0800647c   0x0000000e   Code   RO         4818    i.USBD_LL_SetUSBAddress  usbd_conf.o
    0x0800648a   0x0000005a   Code   RO         6847    i.USBD_LL_SetupStage  usbd_core.o
    0x080064e4   0x0000000e   Code   RO         4819    i.USBD_LL_StallEP   usbd_conf.o
    0x080064f2   0x00000012   Code   RO         6848    i.USBD_LL_Suspend   usbd_core.o
    0x08006504   0x0000000e   Code   RO         4822    i.USBD_LL_Transmit  usbd_conf.o
    0x08006512   0x00000028   Code   RO         6627    i.USBD_ParseSetupRequest  usbd_ctlreq.o
    0x0800653a   0x00000016   Code   RO         6851    i.USBD_SetClassConfig  usbd_core.o
    0x08006550   0x00000074   Code   RO         6628    i.USBD_SetConfig    usbd_ctlreq.o
    0x080065c4   0x000000f2   Code   RO         6629    i.USBD_StdDevReq    usbd_ctlreq.o
    0x080066b6   0x000000dc   Code   RO         6630    i.USBD_StdEPReq     usbd_ctlreq.o
    0x08006792   0x00000034   Code   RO         6631    i.USBD_StdItfReq    usbd_ctlreq.o
    0x080067c6   0x00000002   PAD
    0x080067c8   0x00000080   Code   RO         3759    i.USB_ActivateEndpoint  stm32f4xx_ll_usb.o
    0x08006848   0x00000034   Code   RO         3760    i.USB_ActivateSetup  stm32f4xx_ll_usb.o
    0x0800687c   0x00000140   Code   RO         3772    i.USB_EP0StartXfer  stm32f4xx_ll_usb.o
    0x080069bc   0x0000003e   Code   RO         3773    i.USB_EP0_OutStart  stm32f4xx_ll_usb.o
    0x080069fa   0x00000064   Code   RO         3774    i.USB_EPClearStall  stm32f4xx_ll_usb.o
    0x08006a5e   0x0000005e   Code   RO         3775    i.USB_EPSetStall    stm32f4xx_ll_usb.o
    0x08006abc   0x0000021c   Code   RO         3776    i.USB_EPStartXfer   stm32f4xx_ll_usb.o
    0x08006cd8   0x00000024   Code   RO         3779    i.USB_FlushTxFifo   stm32f4xx_ll_usb.o
    0x08006cfc   0x0000003c   Code   RO         3781    i.USB_GetDevSpeed   stm32f4xx_ll_usb.o
    0x08006d38   0x00000008   Code   RO         3783    i.USB_GetMode       stm32f4xx_ll_usb.o
    0x08006d40   0x0000000e   Code   RO         3790    i.USB_ReadDevAllInEpInterrupt  stm32f4xx_ll_usb.o
    0x08006d4e   0x0000000e   Code   RO         3791    i.USB_ReadDevAllOutEpInterrupt  stm32f4xx_ll_usb.o
    0x08006d5c   0x0000001e   Code   RO         3792    i.USB_ReadDevInEPInterrupt  stm32f4xx_ll_usb.o
    0x08006d7a   0x00000010   Code   RO         3793    i.USB_ReadDevOutEPInterrupt  stm32f4xx_ll_usb.o
    0x08006d8a   0x00000008   Code   RO         3794    i.USB_ReadInterrupts  stm32f4xx_ll_usb.o
    0x08006d92   0x00000020   Code   RO         3795    i.USB_ReadPacket    stm32f4xx_ll_usb.o
    0x08006db2   0x00000022   Code   RO         3798    i.USB_SetDevAddress  stm32f4xx_ll_usb.o
    0x08006dd4   0x00000028   Code   RO         3802    i.USB_WritePacket   stm32f4xx_ll_usb.o
    0x08006dfc   0x00000010   Code   RO         8398    i.WM_Activate       STemWin526_CM4_OS_Keil.lib(wm.o)
    0x08006e0c   0x00000088   Code   RO         8728    i.WM_BringToBottom  STemWin526_CM4_OS_Keil.lib(wm_bringtobottom.o)
    0x08006e94   0x00000150   Code   RO         8400    i.WM_CreateWindowAsChild  STemWin526_CM4_OS_Keil.lib(wm.o)
    0x08006fe4   0x00000046   Code   RO         8402    i.WM_DefaultProc    STemWin526_CM4_OS_Keil.lib(wm.o)
    0x0800702a   0x00000002   PAD
    0x0800702c   0x00000018   Code   RO         8511    i.WM_GetDesktopWindow  STemWin526_CM4_OS_Keil.lib(wm_getdesktopwindow.o)
    0x08007044   0x0000001a   Code   RO         8740    i.WM_GetFirstChild  STemWin526_CM4_OS_Keil.lib(wm_getfirstchild.o)
    0x0800705e   0x0000001a   Code   RO         9062    i.WM_GetParent      STemWin526_CM4_OS_Keil.lib(wm_getparent.o)
    0x08007078   0x000000d4   Code   RO         8406    i.WM_Init           STemWin526_CM4_OS_Keil.lib(wm.o)
    0x0800714c   0x00000080   Code   RO         8407    i.WM_InvalidateRect  STemWin526_CM4_OS_Keil.lib(wm.o)
    0x080071cc   0x00000006   Code   RO         8408    i.WM_InvalidateWindow  STemWin526_CM4_OS_Keil.lib(wm.o)
    0x080071d2   0x0000005e   Code   RO         8409    i.WM_InvalidateWindowAndDescsEx  STemWin526_CM4_OS_Keil.lib(wm.o)
    0x08007230   0x00000044   Code   RO         8410    i.WM_SelectWindow   STemWin526_CM4_OS_Keil.lib(wm.o)
    0x08007274   0x00000026   Code   RO         8746    i.WM_SendToParent   STemWin526_CM4_OS_Keil.lib(wm_sendtoparent.o)
    0x0800729a   0x00000002   PAD
    0x0800729c   0x00000048   Code   RO         8413    i.WM__ActivateClipRect  STemWin526_CM4_OS_Keil.lib(wm.o)
    0x080072e4   0x00000010   Code   RO         8730    i.WM__AddCriticalHandle  STemWin526_CM4_OS_Keil.lib(wm_criticalhandle.o)
    0x080072f4   0x00000010   Code   RO         8414    i.WM__Client2Screen  STemWin526_CM4_OS_Keil.lib(wm.o)
    0x08007304   0x0000004e   Code   RO         8415    i.WM__ClipAtParentBorders  STemWin526_CM4_OS_Keil.lib(wm.o)
    0x08007352   0x00000020   Code   RO         8736    i.WM__GetClientRectEx  STemWin526_CM4_OS_Keil.lib(wm_getclientrect.o)
    0x08007372   0x00000018   Code   RO         8418    i.WM__GetClientRectWin  STemWin526_CM4_OS_Keil.lib(wm.o)
    0x0800738a   0x00000012   Code   RO         9209    i.WM__GetFirstSibling  STemWin526_CM4_OS_Keil.lib(wm__getfirstsibling.o)
    0x0800739c   0x00000040   Code   RO         8419    i.WM__GetNextIVR    STemWin526_CM4_OS_Keil.lib(wm.o)
    0x080073dc   0x00000024   Code   RO         9042    i.WM__GetPrevSibling  STemWin526_CM4_OS_Keil.lib(wm__getprevsibling.o)
    0x08007400   0x00000018   Code   RO         8420    i.WM__GetTopLevelLayer  STemWin526_CM4_OS_Keil.lib(wm.o)
    0x08007418   0x000000f0   Code   RO         8421    i.WM__InitIVRSearch  STemWin526_CM4_OS_Keil.lib(wm.o)
    0x08007508   0x000000a4   Code   RO         8422    i.WM__InsertWindowIntoList  STemWin526_CM4_OS_Keil.lib(wm.o)
    0x080075ac   0x00000006   Code   RO         8423    i.WM__Invalidate1Abs  STemWin526_CM4_OS_Keil.lib(wm.o)
    0x080075b2   0x00000002   PAD
    0x080075b4   0x00000054   Code   RO         8424    i.WM__InvalidateDrawAndDescs  STemWin526_CM4_OS_Keil.lib(wm.o)
    0x08007608   0x00000076   Code   RO         8426    i.WM__InvalidateRect  STemWin526_CM4_OS_Keil.lib(wm.o)
    0x0800767e   0x00000006   Code   RO         8427    i.WM__InvalidateRectEx  STemWin526_CM4_OS_Keil.lib(wm.o)
    0x08007684   0x00000020   Code   RO         8432    i.WM__RectIsNZ      STemWin526_CM4_OS_Keil.lib(wm.o)
    0x080076a4   0x00000014   Code   RO         8435    i.WM__SelectTopLevelLayer  STemWin526_CM4_OS_Keil.lib(wm.o)
    0x080076b8   0x0000003c   Code   RO         8725    i.WM__SendMessage   STemWin526_CM4_OS_Keil.lib(wm__sendmessage.o)
    0x080076f4   0x0000000e   Code   RO         8436    i.WM__SendMsgNoData  STemWin526_CM4_OS_Keil.lib(wm.o)
    0x08007702   0x00000002   PAD
    0x08007704   0x00000078   Code   RO         7688    i._AddFreeMemory    STemWin526_CM4_OS_Keil.lib(gui_alloc.o)
    0x0800777c   0x000000bc   Code   RO         7689    i._Alloc            STemWin526_CM4_OS_Keil.lib(gui_alloc.o)
    0x08007838   0x00000004   Code   RO         8292    i._CalcSizeOfChar   STemWin526_CM4_OS_Keil.lib(gui_uc_encodenone.o)
    0x0800783c   0x00000034   Code   RO         7841    i._Color2IndexBulk  STemWin526_CM4_OS_Keil.lib(guicc_m888.o)
    0x08007870   0x00000054   Code   RO         8653    i._Color2Index_0    STemWin526_CM4_OS_Keil.lib(guicc_0.o)
    0x080078c4   0x00000014   Code   RO         7842    i._Color2Index_M888  STemWin526_CM4_OS_Keil.lib(guicc_m888.o)
    0x080078d8   0x00000050   Code   RO         7980    i._CopyBuffer       STemWin526_CM4_OS_Keil.lib(guidrv_lin_os_24.o)
    0x08007928   0x00000020   Code   RO         8438    i._DesktopHandle2Index  STemWin526_CM4_OS_Keil.lib(wm.o)
    0x08007948   0x00000074   Code   RO         8565    i._DispLine         STemWin526_CM4_OS_Keil.lib(gui_charline.o)
    0x080079bc   0x000000cc   Code   RO         7981    i._DrawBitLine1BPP  STemWin526_CM4_OS_Keil.lib(guidrv_lin_os_24.o)
    0x08007a88   0x0000011c   Code   RO         8363    i._DrawBitLine1BPP  STemWin526_CM4_OS_Keil.lib(guidev_32.o)
    0x08007ba4   0x00000114   Code   RO         7982    i._DrawBitLine2BPP  STemWin526_CM4_OS_Keil.lib(guidrv_lin_os_24.o)
    0x08007cb8   0x000000e0   Code   RO         8364    i._DrawBitLine2BPP  STemWin526_CM4_OS_Keil.lib(guidev_32.o)
    0x08007d98   0x000000cc   Code   RO         7983    i._DrawBitLine32BPP  STemWin526_CM4_OS_Keil.lib(guidrv_lin_os_24.o)
    0x08007e64   0x00000094   Code   RO         8365    i._DrawBitLine32BPP_DDB  STemWin526_CM4_OS_Keil.lib(guidev_32.o)
    0x08007ef8   0x00000114   Code   RO         7984    i._DrawBitLine4BPP  STemWin526_CM4_OS_Keil.lib(guidrv_lin_os_24.o)
    0x0800800c   0x00000158   Code   RO         8366    i._DrawBitLine4BPP  STemWin526_CM4_OS_Keil.lib(guidev_32.o)
    0x08008164   0x0000009c   Code   RO         7985    i._DrawBitLine8BPP  STemWin526_CM4_OS_Keil.lib(guidrv_lin_os_24.o)
    0x08008200   0x000000da   Code   RO         7986    i._DrawBitmap       STemWin526_CM4_OS_Keil.lib(guidrv_lin_os_24.o)
    0x080082da   0x00000002   PAD
    0x080082dc   0x000002a4   Code   RO         8367    i._DrawBitmap       STemWin526_CM4_OS_Keil.lib(guidev_32.o)
    0x08008580   0x0000000a   Code   RO         7987    i._DrawHLine        STemWin526_CM4_OS_Keil.lib(guidrv_lin_os_24.o)
    0x0800858a   0x0000000a   Code   RO         8368    i._DrawHLine        STemWin526_CM4_OS_Keil.lib(guidev_32.o)
    0x08008594   0x0000000c   Code   RO         7988    i._DrawVLine        STemWin526_CM4_OS_Keil.lib(guidrv_lin_os_24.o)
    0x080085a0   0x000000ac   Code   RO         8369    i._DrawVLine        STemWin526_CM4_OS_Keil.lib(guidev_32.o)
    0x0800864c   0x00000006   Code   RO         8293    i._Encode           STemWin526_CM4_OS_Keil.lib(gui_uc_encodenone.o)
    0x08008652   0x00000002   PAD
    0x08008654   0x00000098   Code   RO         7690    i._EnlargeBlocks    STemWin526_CM4_OS_Keil.lib(gui_alloc.o)
    0x080086ec   0x00000038   Code   RO         7989    i._FillRect         STemWin526_CM4_OS_Keil.lib(guidrv_lin_os_24.o)
    0x08008724   0x000000a4   Code   RO         8370    i._FillRect         STemWin526_CM4_OS_Keil.lib(guidev_32.o)
    0x080087c8   0x00000334   Code   RO         7990    i._FillRectOpt24    STemWin526_CM4_OS_Keil.lib(guidrv_lin_os_24.o)
    0x08008afc   0x00000148   Code   RO         8441    i._FindNext_IVR     STemWin526_CM4_OS_Keil.lib(wm.o)
    0x08008c44   0x0000007c   Code   RO         8442    i._Findx0           STemWin526_CM4_OS_Keil.lib(wm.o)
    0x08008cc0   0x00000072   Code   RO         8443    i._Findx1           STemWin526_CM4_OS_Keil.lib(wm.o)
    0x08008d32   0x000000a6   Code   RO         8444    i._Findy1           STemWin526_CM4_OS_Keil.lib(wm.o)
    0x08008dd8   0x00000004   Code   RO         8294    i._GetCharCode      STemWin526_CM4_OS_Keil.lib(gui_uc_encodenone.o)
    0x08008ddc   0x00000004   Code   RO         8295    i._GetCharSize      STemWin526_CM4_OS_Keil.lib(gui_uc_encodenone.o)
    0x08008de0   0x00000010   Code   RO         7991    i._GetDevData       STemWin526_CM4_OS_Keil.lib(guidrv_lin_os_24.o)
    0x08008df0   0x00000010   Code   RO         8371    i._GetDevData       STemWin526_CM4_OS_Keil.lib(guidev_32.o)
    0x08008e00   0x000000d4   Code   RO         7992    i._GetDevFunc       STemWin526_CM4_OS_Keil.lib(guidrv_lin_os_24.o)
    0x08008ed4   0x00000010   Code   RO         8372    i._GetDevFunc       STemWin526_CM4_OS_Keil.lib(guidev_32.o)
    0x08008ee4   0x0000001e   Code   RO         7889    i._GetDevProp       STemWin526_CM4_OS_Keil.lib(lcd_getex.o)
    0x08008f02   0x0000003c   Code   RO         7993    i._GetDevProp       STemWin526_CM4_OS_Keil.lib(guidrv_lin_os_24.o)
    0x08008f3e   0x0000000c   Code   RO         8373    i._GetDevProp       STemWin526_CM4_OS_Keil.lib(guidev_32.o)
    0x08008f4a   0x00000052   Code   RO         8654    i._GetIndexMask_0   STemWin526_CM4_OS_Keil.lib(guicc_0.o)
    0x08008f9c   0x00000006   Code   RO         7843    i._GetIndexMask_M888  STemWin526_CM4_OS_Keil.lib(guicc_m888.o)
    0x08008fa2   0x0000001e   Code   RO         7890    i._GetMaxValue      STemWin526_CM4_OS_Keil.lib(lcd_getex.o)
    0x08008fc0   0x0000001c   Code   RO         7691    i._GetMinIndex      STemWin526_CM4_OS_Keil.lib(gui_alloc.o)
    0x08008fdc   0x00000054   Code   RO         7994    i._GetPixelIndex    STemWin526_CM4_OS_Keil.lib(guidrv_lin_os_24.o)
    0x08009030   0x0000000e   Code   RO         8374    i._GetPixelIndex    STemWin526_CM4_OS_Keil.lib(guidev_32.o)
    0x0800903e   0x0000001c   Code   RO         7995    i._GetPos           STemWin526_CM4_OS_Keil.lib(guidrv_lin_os_24.o)
    0x0800905a   0x00000016   Code   RO         7996    i._GetRect          STemWin526_CM4_OS_Keil.lib(guidrv_lin_os_24.o)
    0x08009070   0x00000030   Code   RO         8375    i._GetRect          STemWin526_CM4_OS_Keil.lib(guidev_32.o)
    0x080090a0   0x00000010   Code   RO         8265    i._GotoX            STemWin526_CM4_OS_Keil.lib(gui_goto.o)
    0x080090b0   0x00000010   Code   RO         8266    i._GotoY            STemWin526_CM4_OS_Keil.lib(gui_goto.o)
    0x080090c0   0x00000034   Code   RO         7844    i._Index2ColorBulk  STemWin526_CM4_OS_Keil.lib(guicc_m888.o)
    0x080090f4   0x00000020   Code   RO         8655    i._Index2Color_0    STemWin526_CM4_OS_Keil.lib(guicc_0.o)
    0x08009114   0x00000018   Code   RO         7997    i._Init             STemWin526_CM4_OS_Keil.lib(guidrv_lin_os_24.o)
    0x0800912c   0x00000070   Code   RO         7744    i._InitContext      STemWin526_CM4_OS_Keil.lib(gui_core.o)
    0x0800919c   0x000000a8   Code   RO         7692    i._InitOnce         STemWin526_CM4_OS_Keil.lib(gui_alloc.o)
    0x08009244   0x00000024   Code   RO         7998    i._InitOnce         STemWin526_CM4_OS_Keil.lib(guidrv_lin_os_24.o)
    0x08009268   0x00000080   Code   RO         8445    i._Invalidate1Abs   STemWin526_CM4_OS_Keil.lib(wm.o)
    0x080092e8   0x00000002   Code   RO         8566    i._Log2VisBuffered  STemWin526_CM4_OS_Keil.lib(gui_charline.o)
    0x080092ea   0x0000000a   Code   RO         7999    i._Off              STemWin526_CM4_OS_Keil.lib(guidrv_lin_os_24.o)
    0x080092f4   0x0000000a   Code   RO         8000    i._On               STemWin526_CM4_OS_Keil.lib(guidrv_lin_os_24.o)
    0x080092fe   0x00000002   PAD
    0x08009300   0x00000034   Code   RO         7693    i._OnExit           STemWin526_CM4_OS_Keil.lib(gui_alloc.o)
    0x08009334   0x0000002c   Code   RO         7745    i._OnExit           STemWin526_CM4_OS_Keil.lib(gui_core.o)
    0x08009360   0x00000014   Code   RO         8282    i._OnExit           STemWin526_CM4_OS_Keil.lib(gui_task.o)
    0x08009374   0x00000014   Code   RO         8348    i._OnExit           STemWin526_CM4_OS_Keil.lib(lcd_color.o)
    0x08009388   0x00000034   Code   RO         8446    i._OnExit           STemWin526_CM4_OS_Keil.lib(wm.o)
    0x080093bc   0x00000028   Code   RO         8522    i._OnExit           STemWin526_CM4_OS_Keil.lib(gui__alpha.o)
    0x080093e4   0x00000040   Code   RO         7694    i._PopFreeBlock     STemWin526_CM4_OS_Keil.lib(gui_alloc.o)
    0x08009424   0x00000028   Code   RO         7695    i._PushFreeBlock    STemWin526_CM4_OS_Keil.lib(gui_alloc.o)
    0x0800944c   0x00000034   Code   RO         7696    i._RemoveFreeBlock  STemWin526_CM4_OS_Keil.lib(gui_alloc.o)
    0x08009480   0x000000a0   Code   RO         7697    i._RemoveHoles      STemWin526_CM4_OS_Keil.lib(gui_alloc.o)
    0x08009520   0x00000026   Code   RO         8001    i._SetAlpha         STemWin526_CM4_OS_Keil.lib(guidrv_lin_os_24.o)
    0x08009546   0x00000010   Code   RO         8002    i._SetAlphaMode     STemWin526_CM4_OS_Keil.lib(guidrv_lin_os_24.o)
    0x08009556   0x00000002   PAD
    0x08009558   0x00000020   Code   RO         8318    i._SetBkColor       STemWin526_CM4_OS_Keil.lib(lcd.o)
    0x08009578   0x00000012   Code   RO         8003    i._SetChroma        STemWin526_CM4_OS_Keil.lib(guidrv_lin_os_24.o)
    0x0800958a   0x00000010   Code   RO         8004    i._SetChromaMode    STemWin526_CM4_OS_Keil.lib(guidrv_lin_os_24.o)
    0x0800959a   0x00000002   PAD
    0x0800959c   0x0000004c   Code   RO         8450    i._SetClipRectUserIntersect  STemWin526_CM4_OS_Keil.lib(wm.o)
    0x080095e8   0x00000020   Code   RO         8319    i._SetColor         STemWin526_CM4_OS_Keil.lib(lcd.o)
    0x08009608   0x0000003c   Code   RO         8005    i._SetDevFunc       STemWin526_CM4_OS_Keil.lib(guidrv_lin_os_24.o)
    0x08009644   0x0000002c   Code   RO         8320    i._SetDrawMode      STemWin526_CM4_OS_Keil.lib(lcd.o)
    0x08009670   0x000000a4   Code   RO         8006    i._SetOrg           STemWin526_CM4_OS_Keil.lib(guidrv_lin_os_24.o)
    0x08009714   0x00000008   Code   RO         8376    i._SetOrg           STemWin526_CM4_OS_Keil.lib(guidev_32.o)
    0x0800971c   0x00000082   Code   RO         8007    i._SetPixelIndex    STemWin526_CM4_OS_Keil.lib(guidrv_lin_os_24.o)
    0x0800979e   0x00000002   PAD
    0x080097a0   0x00000048   Code   RO         8377    i._SetPixelIndex    STemWin526_CM4_OS_Keil.lib(guidev_32.o)
    0x080097e8   0x0000002e   Code   RO         8008    i._SetPos           STemWin526_CM4_OS_Keil.lib(guidrv_lin_os_24.o)
    0x08009816   0x00000044   Code   RO         8009    i._SetSize          STemWin526_CM4_OS_Keil.lib(guidrv_lin_os_24.o)
    0x0800985a   0x00000028   Code   RO         8010    i._SetVRAMAddr      STemWin526_CM4_OS_Keil.lib(guidrv_lin_os_24.o)
    0x08009882   0x0000002a   Code   RO         8011    i._SetVSize         STemWin526_CM4_OS_Keil.lib(guidrv_lin_os_24.o)
    0x080098ac   0x00000026   Code   RO         8012    i._SetVis           STemWin526_CM4_OS_Keil.lib(guidrv_lin_os_24.o)
    0x080098d2   0x00000024   Code   RO         8013    i._ShowBuffer       STemWin526_CM4_OS_Keil.lib(guidrv_lin_os_24.o)
    0x080098f6   0x00000002   PAD
    0x080098f8   0x000000ea   Code   RO         7698    i._TestRAM          STemWin526_CM4_OS_Keil.lib(gui_alloc.o)
    0x080099e2   0x00000002   PAD
    0x080099e4   0x00000030   Code   RO         7778    i._UnlinkDevice     STemWin526_CM4_OS_Keil.lib(gui_device.o)
    0x08009a14   0x0000000e   Code   RO         7699    i._WriteTagData     STemWin526_CM4_OS_Keil.lib(gui_alloc.o)
    0x08009a22   0x00000002   PAD
    0x08009a24   0x0000003c   Code   RO         8378    i._XY2PTR           STemWin526_CM4_OS_Keil.lib(guidev_32.o)
    0x08009a60   0x00000028   Code   RO         8014    i._XorPixel         STemWin526_CM4_OS_Keil.lib(guidrv_lin_os_24.o)
    0x08009a88   0x00000058   Code   RO         8379    i._XorPixel         STemWin526_CM4_OS_Keil.lib(guidev_32.o)
    0x08009ae0   0x00000028   Code   RO         9474    i.__0sprintf$8      mc_w.l(printf8.o)
    0x08009b08   0x0000000e   Code   RO         9659    i.__scatterload_copy  mc_w.l(handlers.o)
    0x08009b16   0x00000002   Code   RO         9660    i.__scatterload_null  mc_w.l(handlers.o)
    0x08009b18   0x0000000e   Code   RO         9661    i.__scatterload_zeroinit  mc_w.l(handlers.o)
    0x08009b26   0x00000002   PAD
    0x08009b28   0x00000410   Code   RO         9479    i._printf_core      mc_w.l(printf8.o)
    0x08009f38   0x00000024   Code   RO         9480    i._printf_post_padding  mc_w.l(printf8.o)
    0x08009f5c   0x0000002e   Code   RO         9481    i._printf_pre_padding  mc_w.l(printf8.o)
    0x08009f8a   0x0000000a   Code   RO         9483    i._sputc            mc_w.l(printf8.o)
    0x08009f94   0x00000024   Code   RO         7434    i.beep              beep.o
    0x08009fb8   0x00000050   Code   RO         8452    i.cbBackWin         STemWin526_CM4_OS_Keil.lib(wm.o)
    0x0800a008   0x0000008a   Code   RO         8321    i.emWin_LCD_Init    STemWin526_CM4_OS_Keil.lib(lcd.o)
    0x0800a092   0x00000002   PAD
    0x0800a094   0x000000a8   Code   RO         4984    i.geotest           geotest.o
    0x0800a13c   0x0000000c   Code   RO         5710    i.inHandlerMode     cmsis_os.o
    0x0800a148   0x000000ac   Code   RO         4473    i.main              main.o
    0x0800a1f4   0x0000000c   Code   RO         5711    i.makeFreeRtosPriority  cmsis_os.o
    0x0800a200   0x0000000e   Code   RO         5712    i.osDelay           cmsis_os.o
    0x0800a20e   0x0000000a   Code   RO         5715    i.osKernelStart     cmsis_os.o
    0x0800a218   0x00000006   Code   RO         5721    i.osMutexCreate     cmsis_os.o
    0x0800a21e   0x00000002   PAD
    0x0800a220   0x00000048   Code   RO         5723    i.osMutexRelease    cmsis_os.o
    0x0800a268   0x00000060   Code   RO         5724    i.osMutexWait       cmsis_os.o
    0x0800a2c8   0x0000002e   Code   RO         5732    i.osSemaphoreCreate  cmsis_os.o
    0x0800a2f6   0x00000014   Code   RO         5736    i.osSystickHandler  cmsis_os.o
    0x0800a30a   0x00000038   Code   RO         5737    i.osThreadCreate    cmsis_os.o
    0x0800a342   0x00000004   Code   RO         5738    i.osThreadGetId     cmsis_os.o
    0x0800a346   0x00000002   PAD
    0x0800a348   0x00000034   Code   RO         5121    i.prvAddCurrentTaskToDelayedList  tasks.o
    0x0800a37c   0x00000054   Code   RO         5122    i.prvCheckTasksWaitingTermination  tasks.o
    0x0800a3d0   0x00000026   Code   RO         5364    i.prvCopyDataFromQueue  queue.o
    0x0800a3f6   0x0000006e   Code   RO         5365    i.prvCopyDataToQueue  queue.o
    0x0800a464   0x0000004c   Code   RO         5063    i.prvHeapInit       heap_4.o
    0x0800a4b0   0x00000018   Code   RO         5123    i.prvIdleTask       tasks.o
    0x0800a4c8   0x0000004c   Code   RO         5064    i.prvInsertBlockIntoFreeList  heap_4.o
    0x0800a514   0x00000020   Code   RO         5125    i.prvResetNextTaskUnblockTime  tasks.o
    0x0800a534   0x00000018   Code   RO         5521    i.prvTaskExitError  port.o
    0x0800a54c   0x00000064   Code   RO         5366    i.prvUnlockQueue    queue.o
    0x0800a5b0   0x000000bc   Code   RO         5065    i.pvPortMalloc      heap_4.o
    0x0800a66c   0x00000018   Code   RO         5127    i.pvTaskIncrementMutexHeldCount  tasks.o
    0x0800a684   0x00000028   Code   RO         5522    i.pxPortInitialiseStack  port.o
    0x0800a6ac   0x00000024   Code   RO         5972    i.uxListRemove      list.o
    0x0800a6d0   0x00000016   Code   RO         5973    i.vListInitialise   list.o
    0x0800a6e6   0x00000006   Code   RO         5974    i.vListInitialiseItem  list.o
    0x0800a6ec   0x00000030   Code   RO         5975    i.vListInsert       list.o
    0x0800a71c   0x00000018   Code   RO         5976    i.vListInsertEnd    list.o
    0x0800a734   0x00000034   Code   RO         5524    i.vPortEnterCritical  port.o
    0x0800a768   0x00000024   Code   RO         5525    i.vPortExitCritical  port.o
    0x0800a78c   0x00000048   Code   RO         5066    i.vPortFree         heap_4.o
    0x0800a7d4   0x00000020   Code   RO         5526    i.vPortSetupTimerInterrupt  port.o
    0x0800a7f4   0x00000040   Code   RO         5527    i.vPortValidateInterruptPriority  port.o
    0x0800a834   0x00000018   Code   RO         5528    i.vPortYield        port.o
    0x0800a84c   0x00000050   Code   RO         5133    i.vTaskDelay        tasks.o
    0x0800a89c   0x0000000c   Code   RO         5136    i.vTaskMissedYield  tasks.o
    0x0800a8a8   0x00000058   Code   RO         5137    i.vTaskPlaceOnEventList  tasks.o
    0x0800a900   0x00000084   Code   RO         5139    i.vTaskPriorityInherit  tasks.o
    0x0800a984   0x0000001c   Code   RO         5143    i.vTaskSetTimeOutState  tasks.o
    0x0800a9a0   0x0000004c   Code   RO         5144    i.vTaskStartScheduler  tasks.o
    0x0800a9ec   0x00000010   Code   RO         5146    i.vTaskSuspendAll   tasks.o
    0x0800a9fc   0x00000054   Code   RO         5147    i.vTaskSwitchContext  tasks.o
    0x0800aa50   0x00000084   Code   RO         5529    i.xPortStartScheduler  port.o
    0x0800aad4   0x00000024   Code   RO         5530    i.xPortSysTickHandler  port.o
    0x0800aaf8   0x0000002a   Code   RO         5376    i.xQueueCreateCountingSemaphore  queue.o
    0x0800ab22   0x00000050   Code   RO         5377    i.xQueueCreateMutex  queue.o
    0x0800ab72   0x00000046   Code   RO         5378    i.xQueueGenericCreate  queue.o
    0x0800abb8   0x0000012e   Code   RO         5379    i.xQueueGenericReceive  queue.o
    0x0800ace6   0x0000006a   Code   RO         5380    i.xQueueGenericReset  queue.o
    0x0800ad50   0x00000114   Code   RO         5381    i.xQueueGenericSend  queue.o
    0x0800ae64   0x00000092   Code   RO         5382    i.xQueueGenericSendFromISR  queue.o
    0x0800aef6   0x00000076   Code   RO         5387    i.xQueueReceiveFromISR  queue.o
    0x0800af6c   0x00000058   Code   RO         5148    i.xTaskCheckForTimeOut  tasks.o
    0x0800afc4   0x00000184   Code   RO         5149    i.xTaskGenericCreate  tasks.o
    0x0800b148   0x0000000c   Code   RO         5150    i.xTaskGetCurrentTaskHandle  tasks.o
    0x0800b154   0x0000001c   Code   RO         5151    i.xTaskGetSchedulerState  tasks.o
    0x0800b170   0x000000c0   Code   RO         5154    i.xTaskIncrementTick  tasks.o
    0x0800b230   0x00000078   Code   RO         5155    i.xTaskPriorityDisinherit  tasks.o
    0x0800b2a8   0x0000006c   Code   RO         5156    i.xTaskRemoveFromEventList  tasks.o
    0x0800b314   0x000000ac   Code   RO         5158    i.xTaskResumeAll    tasks.o
    0x0800b3c0   0x00000010   Data   RO         1086    .constdata          stm32f4xx_hal_rcc.o
    0x0800b3d0   0x00000014   Data   RO         4475    .constdata          main.o
    0x0800b3e4   0x00000008   Data   RO         7747    .constdata          STemWin526_CM4_OS_Keil.lib(gui_core.o)
    0x0800b3ec   0x00000008   Data   RO         7779    .constdata          STemWin526_CM4_OS_Keil.lib(gui_device.o)
    0x0800b3f4   0x00000018   Data   RO         7845    .constdata          STemWin526_CM4_OS_Keil.lib(guicc_m888.o)
    0x0800b40c   0x00000034   Data   RO         8015    .constdata          STemWin526_CM4_OS_Keil.lib(guidrv_lin_os_24.o)
    0x0800b440   0x00000020   Data   RO         8051    .constdata          STemWin526_CM4_OS_Keil.lib(f32_ascii.o)
    0x0800b460   0x00000020   Data   RO         8052    .constdata          STemWin526_CM4_OS_Keil.lib(f32_ascii.o)
    0x0800b480   0x00000040   Data   RO         8053    .constdata          STemWin526_CM4_OS_Keil.lib(f32_ascii.o)
    0x0800b4c0   0x00000040   Data   RO         8054    .constdata          STemWin526_CM4_OS_Keil.lib(f32_ascii.o)
    0x0800b500   0x00000040   Data   RO         8055    .constdata          STemWin526_CM4_OS_Keil.lib(f32_ascii.o)
    0x0800b540   0x00000060   Data   RO         8056    .constdata          STemWin526_CM4_OS_Keil.lib(f32_ascii.o)
    0x0800b5a0   0x00000060   Data   RO         8057    .constdata          STemWin526_CM4_OS_Keil.lib(f32_ascii.o)
    0x0800b600   0x00000020   Data   RO         8058    .constdata          STemWin526_CM4_OS_Keil.lib(f32_ascii.o)
    0x0800b620   0x00000040   Data   RO         8059    .constdata          STemWin526_CM4_OS_Keil.lib(f32_ascii.o)
    0x0800b660   0x00000040   Data   RO         8060    .constdata          STemWin526_CM4_OS_Keil.lib(f32_ascii.o)
    0x0800b6a0   0x00000040   Data   RO         8061    .constdata          STemWin526_CM4_OS_Keil.lib(f32_ascii.o)
    0x0800b6e0   0x00000040   Data   RO         8062    .constdata          STemWin526_CM4_OS_Keil.lib(f32_ascii.o)
    0x0800b720   0x00000020   Data   RO         8063    .constdata          STemWin526_CM4_OS_Keil.lib(f32_ascii.o)
    0x0800b740   0x00000040   Data   RO         8064    .constdata          STemWin526_CM4_OS_Keil.lib(f32_ascii.o)
    0x0800b780   0x00000020   Data   RO         8065    .constdata          STemWin526_CM4_OS_Keil.lib(f32_ascii.o)
    0x0800b7a0   0x00000020   Data   RO         8066    .constdata          STemWin526_CM4_OS_Keil.lib(f32_ascii.o)
    0x0800b7c0   0x00000040   Data   RO         8067    .constdata          STemWin526_CM4_OS_Keil.lib(f32_ascii.o)
    0x0800b800   0x00000040   Data   RO         8068    .constdata          STemWin526_CM4_OS_Keil.lib(f32_ascii.o)
    0x0800b840   0x00000040   Data   RO         8069    .constdata          STemWin526_CM4_OS_Keil.lib(f32_ascii.o)
    0x0800b880   0x00000040   Data   RO         8070    .constdata          STemWin526_CM4_OS_Keil.lib(f32_ascii.o)
    0x0800b8c0   0x00000040   Data   RO         8071    .constdata          STemWin526_CM4_OS_Keil.lib(f32_ascii.o)
    0x0800b900   0x00000040   Data   RO         8072    .constdata          STemWin526_CM4_OS_Keil.lib(f32_ascii.o)
    0x0800b940   0x00000040   Data   RO         8073    .constdata          STemWin526_CM4_OS_Keil.lib(f32_ascii.o)
    0x0800b980   0x00000040   Data   RO         8074    .constdata          STemWin526_CM4_OS_Keil.lib(f32_ascii.o)
    0x0800b9c0   0x00000040   Data   RO         8075    .constdata          STemWin526_CM4_OS_Keil.lib(f32_ascii.o)
    0x0800ba00   0x00000040   Data   RO         8076    .constdata          STemWin526_CM4_OS_Keil.lib(f32_ascii.o)
    0x0800ba40   0x00000020   Data   RO         8077    .constdata          STemWin526_CM4_OS_Keil.lib(f32_ascii.o)
    0x0800ba60   0x00000020   Data   RO         8078    .constdata          STemWin526_CM4_OS_Keil.lib(f32_ascii.o)
    0x0800ba80   0x00000040   Data   RO         8079    .constdata          STemWin526_CM4_OS_Keil.lib(f32_ascii.o)
    0x0800bac0   0x00000040   Data   RO         8080    .constdata          STemWin526_CM4_OS_Keil.lib(f32_ascii.o)
    0x0800bb00   0x00000040   Data   RO         8081    .constdata          STemWin526_CM4_OS_Keil.lib(f32_ascii.o)
    0x0800bb40   0x00000040   Data   RO         8082    .constdata          STemWin526_CM4_OS_Keil.lib(f32_ascii.o)
    0x0800bb80   0x00000080   Data   RO         8083    .constdata          STemWin526_CM4_OS_Keil.lib(f32_ascii.o)
    0x0800bc00   0x00000060   Data   RO         8084    .constdata          STemWin526_CM4_OS_Keil.lib(f32_ascii.o)
    0x0800bc60   0x00000060   Data   RO         8085    .constdata          STemWin526_CM4_OS_Keil.lib(f32_ascii.o)
    0x0800bcc0   0x00000060   Data   RO         8086    .constdata          STemWin526_CM4_OS_Keil.lib(f32_ascii.o)
    0x0800bd20   0x00000060   Data   RO         8087    .constdata          STemWin526_CM4_OS_Keil.lib(f32_ascii.o)
    0x0800bd80   0x00000060   Data   RO         8088    .constdata          STemWin526_CM4_OS_Keil.lib(f32_ascii.o)
    0x0800bde0   0x00000060   Data   RO         8089    .constdata          STemWin526_CM4_OS_Keil.lib(f32_ascii.o)
    0x0800be40   0x00000060   Data   RO         8090    .constdata          STemWin526_CM4_OS_Keil.lib(f32_ascii.o)
    0x0800bea0   0x00000060   Data   RO         8091    .constdata          STemWin526_CM4_OS_Keil.lib(f32_ascii.o)
    0x0800bf00   0x00000020   Data   RO         8092    .constdata          STemWin526_CM4_OS_Keil.lib(f32_ascii.o)
    0x0800bf20   0x00000040   Data   RO         8093    .constdata          STemWin526_CM4_OS_Keil.lib(f32_ascii.o)
    0x0800bf60   0x00000060   Data   RO         8094    .constdata          STemWin526_CM4_OS_Keil.lib(f32_ascii.o)
    0x0800bfc0   0x00000040   Data   RO         8095    .constdata          STemWin526_CM4_OS_Keil.lib(f32_ascii.o)
    0x0800c000   0x00000060   Data   RO         8096    .constdata          STemWin526_CM4_OS_Keil.lib(f32_ascii.o)
    0x0800c060   0x00000060   Data   RO         8097    .constdata          STemWin526_CM4_OS_Keil.lib(f32_ascii.o)
    0x0800c0c0   0x00000060   Data   RO         8098    .constdata          STemWin526_CM4_OS_Keil.lib(f32_ascii.o)
    0x0800c120   0x00000060   Data   RO         8099    .constdata          STemWin526_CM4_OS_Keil.lib(f32_ascii.o)
    0x0800c180   0x00000060   Data   RO         8100    .constdata          STemWin526_CM4_OS_Keil.lib(f32_ascii.o)
    0x0800c1e0   0x00000060   Data   RO         8101    .constdata          STemWin526_CM4_OS_Keil.lib(f32_ascii.o)
    0x0800c240   0x00000060   Data   RO         8102    .constdata          STemWin526_CM4_OS_Keil.lib(f32_ascii.o)
    0x0800c2a0   0x00000040   Data   RO         8103    .constdata          STemWin526_CM4_OS_Keil.lib(f32_ascii.o)
    0x0800c2e0   0x00000060   Data   RO         8104    .constdata          STemWin526_CM4_OS_Keil.lib(f32_ascii.o)
    0x0800c340   0x00000060   Data   RO         8105    .constdata          STemWin526_CM4_OS_Keil.lib(f32_ascii.o)
    0x0800c3a0   0x00000080   Data   RO         8106    .constdata          STemWin526_CM4_OS_Keil.lib(f32_ascii.o)
    0x0800c420   0x00000060   Data   RO         8107    .constdata          STemWin526_CM4_OS_Keil.lib(f32_ascii.o)
    0x0800c480   0x00000060   Data   RO         8108    .constdata          STemWin526_CM4_OS_Keil.lib(f32_ascii.o)
    0x0800c4e0   0x00000060   Data   RO         8109    .constdata          STemWin526_CM4_OS_Keil.lib(f32_ascii.o)
    0x0800c540   0x00000020   Data   RO         8110    .constdata          STemWin526_CM4_OS_Keil.lib(f32_ascii.o)
    0x0800c560   0x00000020   Data   RO         8111    .constdata          STemWin526_CM4_OS_Keil.lib(f32_ascii.o)
    0x0800c580   0x00000020   Data   RO         8112    .constdata          STemWin526_CM4_OS_Keil.lib(f32_ascii.o)
    0x0800c5a0   0x00000040   Data   RO         8113    .constdata          STemWin526_CM4_OS_Keil.lib(f32_ascii.o)
    0x0800c5e0   0x00000040   Data   RO         8114    .constdata          STemWin526_CM4_OS_Keil.lib(f32_ascii.o)
    0x0800c620   0x00000040   Data   RO         8115    .constdata          STemWin526_CM4_OS_Keil.lib(f32_ascii.o)
    0x0800c660   0x00000040   Data   RO         8116    .constdata          STemWin526_CM4_OS_Keil.lib(f32_ascii.o)
    0x0800c6a0   0x00000040   Data   RO         8117    .constdata          STemWin526_CM4_OS_Keil.lib(f32_ascii.o)
    0x0800c6e0   0x00000040   Data   RO         8118    .constdata          STemWin526_CM4_OS_Keil.lib(f32_ascii.o)
    0x0800c720   0x00000040   Data   RO         8119    .constdata          STemWin526_CM4_OS_Keil.lib(f32_ascii.o)
    0x0800c760   0x00000040   Data   RO         8120    .constdata          STemWin526_CM4_OS_Keil.lib(f32_ascii.o)
    0x0800c7a0   0x00000020   Data   RO         8121    .constdata          STemWin526_CM4_OS_Keil.lib(f32_ascii.o)
    0x0800c7c0   0x00000040   Data   RO         8122    .constdata          STemWin526_CM4_OS_Keil.lib(f32_ascii.o)
    0x0800c800   0x00000040   Data   RO         8123    .constdata          STemWin526_CM4_OS_Keil.lib(f32_ascii.o)
    0x0800c840   0x00000020   Data   RO         8124    .constdata          STemWin526_CM4_OS_Keil.lib(f32_ascii.o)
    0x0800c860   0x00000020   Data   RO         8125    .constdata          STemWin526_CM4_OS_Keil.lib(f32_ascii.o)
    0x0800c880   0x00000040   Data   RO         8126    .constdata          STemWin526_CM4_OS_Keil.lib(f32_ascii.o)
    0x0800c8c0   0x00000020   Data   RO         8127    .constdata          STemWin526_CM4_OS_Keil.lib(f32_ascii.o)
    0x0800c8e0   0x00000060   Data   RO         8128    .constdata          STemWin526_CM4_OS_Keil.lib(f32_ascii.o)
    0x0800c940   0x00000040   Data   RO         8129    .constdata          STemWin526_CM4_OS_Keil.lib(f32_ascii.o)
    0x0800c980   0x00000040   Data   RO         8130    .constdata          STemWin526_CM4_OS_Keil.lib(f32_ascii.o)
    0x0800c9c0   0x00000040   Data   RO         8131    .constdata          STemWin526_CM4_OS_Keil.lib(f32_ascii.o)
    0x0800ca00   0x00000040   Data   RO         8132    .constdata          STemWin526_CM4_OS_Keil.lib(f32_ascii.o)
    0x0800ca40   0x00000040   Data   RO         8133    .constdata          STemWin526_CM4_OS_Keil.lib(f32_ascii.o)
    0x0800ca80   0x00000040   Data   RO         8134    .constdata          STemWin526_CM4_OS_Keil.lib(f32_ascii.o)
    0x0800cac0   0x00000020   Data   RO         8135    .constdata          STemWin526_CM4_OS_Keil.lib(f32_ascii.o)
    0x0800cae0   0x00000040   Data   RO         8136    .constdata          STemWin526_CM4_OS_Keil.lib(f32_ascii.o)
    0x0800cb20   0x00000040   Data   RO         8137    .constdata          STemWin526_CM4_OS_Keil.lib(f32_ascii.o)
    0x0800cb60   0x00000060   Data   RO         8138    .constdata          STemWin526_CM4_OS_Keil.lib(f32_ascii.o)
    0x0800cbc0   0x00000040   Data   RO         8139    .constdata          STemWin526_CM4_OS_Keil.lib(f32_ascii.o)
    0x0800cc00   0x00000040   Data   RO         8140    .constdata          STemWin526_CM4_OS_Keil.lib(f32_ascii.o)
    0x0800cc40   0x00000040   Data   RO         8141    .constdata          STemWin526_CM4_OS_Keil.lib(f32_ascii.o)
    0x0800cc80   0x00000040   Data   RO         8142    .constdata          STemWin526_CM4_OS_Keil.lib(f32_ascii.o)
    0x0800ccc0   0x00000020   Data   RO         8143    .constdata          STemWin526_CM4_OS_Keil.lib(f32_ascii.o)
    0x0800cce0   0x00000040   Data   RO         8144    .constdata          STemWin526_CM4_OS_Keil.lib(f32_ascii.o)
    0x0800cd20   0x00000040   Data   RO         8145    .constdata          STemWin526_CM4_OS_Keil.lib(f32_ascii.o)
    0x0800cd60   0x000002f8   Data   RO         8146    .constdata          STemWin526_CM4_OS_Keil.lib(f32_ascii.o)
    0x0800d058   0x0000000c   Data   RO         8147    .constdata          STemWin526_CM4_OS_Keil.lib(f32_ascii.o)
    0x0800d064   0x00000024   Data   RO         8148    .constdata          STemWin526_CM4_OS_Keil.lib(f32_ascii.o)
    0x0800d088   0x00000030   Data   RO         8149    .constdata          STemWin526_CM4_OS_Keil.lib(fcomic24b_ascii.o)
    0x0800d0b8   0x00000018   Data   RO         8150    .constdata          STemWin526_CM4_OS_Keil.lib(fcomic24b_ascii.o)
    0x0800d0d0   0x00000030   Data   RO         8151    .constdata          STemWin526_CM4_OS_Keil.lib(fcomic24b_ascii.o)
    0x0800d100   0x00000048   Data   RO         8152    .constdata          STemWin526_CM4_OS_Keil.lib(fcomic24b_ascii.o)
    0x0800d148   0x00000030   Data   RO         8153    .constdata          STemWin526_CM4_OS_Keil.lib(fcomic24b_ascii.o)
    0x0800d178   0x00000048   Data   RO         8154    .constdata          STemWin526_CM4_OS_Keil.lib(fcomic24b_ascii.o)
    0x0800d1c0   0x00000030   Data   RO         8155    .constdata          STemWin526_CM4_OS_Keil.lib(fcomic24b_ascii.o)
    0x0800d1f0   0x00000030   Data   RO         8156    .constdata          STemWin526_CM4_OS_Keil.lib(fcomic24b_ascii.o)
    0x0800d220   0x00000018   Data   RO         8157    .constdata          STemWin526_CM4_OS_Keil.lib(fcomic24b_ascii.o)
    0x0800d238   0x00000018   Data   RO         8158    .constdata          STemWin526_CM4_OS_Keil.lib(fcomic24b_ascii.o)
    0x0800d250   0x00000030   Data   RO         8159    .constdata          STemWin526_CM4_OS_Keil.lib(fcomic24b_ascii.o)
    0x0800d280   0x00000030   Data   RO         8160    .constdata          STemWin526_CM4_OS_Keil.lib(fcomic24b_ascii.o)
    0x0800d2b0   0x00000030   Data   RO         8161    .constdata          STemWin526_CM4_OS_Keil.lib(fcomic24b_ascii.o)
    0x0800d2e0   0x00000030   Data   RO         8162    .constdata          STemWin526_CM4_OS_Keil.lib(fcomic24b_ascii.o)
    0x0800d310   0x00000030   Data   RO         8163    .constdata          STemWin526_CM4_OS_Keil.lib(fcomic24b_ascii.o)
    0x0800d340   0x00000030   Data   RO         8164    .constdata          STemWin526_CM4_OS_Keil.lib(fcomic24b_ascii.o)
    0x0800d370   0x00000030   Data   RO         8165    .constdata          STemWin526_CM4_OS_Keil.lib(fcomic24b_ascii.o)
    0x0800d3a0   0x00000030   Data   RO         8166    .constdata          STemWin526_CM4_OS_Keil.lib(fcomic24b_ascii.o)
    0x0800d3d0   0x00000030   Data   RO         8167    .constdata          STemWin526_CM4_OS_Keil.lib(fcomic24b_ascii.o)
    0x0800d400   0x00000030   Data   RO         8168    .constdata          STemWin526_CM4_OS_Keil.lib(fcomic24b_ascii.o)
    0x0800d430   0x00000030   Data   RO         8169    .constdata          STemWin526_CM4_OS_Keil.lib(fcomic24b_ascii.o)
    0x0800d460   0x00000030   Data   RO         8170    .constdata          STemWin526_CM4_OS_Keil.lib(fcomic24b_ascii.o)
    0x0800d490   0x00000030   Data   RO         8171    .constdata          STemWin526_CM4_OS_Keil.lib(fcomic24b_ascii.o)
    0x0800d4c0   0x00000030   Data   RO         8172    .constdata          STemWin526_CM4_OS_Keil.lib(fcomic24b_ascii.o)
    0x0800d4f0   0x00000030   Data   RO         8173    .constdata          STemWin526_CM4_OS_Keil.lib(fcomic24b_ascii.o)
    0x0800d520   0x00000030   Data   RO         8174    .constdata          STemWin526_CM4_OS_Keil.lib(fcomic24b_ascii.o)
    0x0800d550   0x00000030   Data   RO         8175    .constdata          STemWin526_CM4_OS_Keil.lib(fcomic24b_ascii.o)
    0x0800d580   0x00000030   Data   RO         8176    .constdata          STemWin526_CM4_OS_Keil.lib(fcomic24b_ascii.o)
    0x0800d5b0   0x00000030   Data   RO         8177    .constdata          STemWin526_CM4_OS_Keil.lib(fcomic24b_ascii.o)
    0x0800d5e0   0x00000030   Data   RO         8178    .constdata          STemWin526_CM4_OS_Keil.lib(fcomic24b_ascii.o)
    0x0800d610   0x00000030   Data   RO         8179    .constdata          STemWin526_CM4_OS_Keil.lib(fcomic24b_ascii.o)
    0x0800d640   0x00000030   Data   RO         8180    .constdata          STemWin526_CM4_OS_Keil.lib(fcomic24b_ascii.o)
    0x0800d670   0x00000048   Data   RO         8181    .constdata          STemWin526_CM4_OS_Keil.lib(fcomic24b_ascii.o)
    0x0800d6b8   0x00000030   Data   RO         8182    .constdata          STemWin526_CM4_OS_Keil.lib(fcomic24b_ascii.o)
    0x0800d6e8   0x00000030   Data   RO         8183    .constdata          STemWin526_CM4_OS_Keil.lib(fcomic24b_ascii.o)
    0x0800d718   0x00000030   Data   RO         8184    .constdata          STemWin526_CM4_OS_Keil.lib(fcomic24b_ascii.o)
    0x0800d748   0x00000030   Data   RO         8185    .constdata          STemWin526_CM4_OS_Keil.lib(fcomic24b_ascii.o)
    0x0800d778   0x00000030   Data   RO         8186    .constdata          STemWin526_CM4_OS_Keil.lib(fcomic24b_ascii.o)
    0x0800d7a8   0x00000030   Data   RO         8187    .constdata          STemWin526_CM4_OS_Keil.lib(fcomic24b_ascii.o)
    0x0800d7d8   0x00000030   Data   RO         8188    .constdata          STemWin526_CM4_OS_Keil.lib(fcomic24b_ascii.o)
    0x0800d808   0x00000030   Data   RO         8189    .constdata          STemWin526_CM4_OS_Keil.lib(fcomic24b_ascii.o)
    0x0800d838   0x00000030   Data   RO         8190    .constdata          STemWin526_CM4_OS_Keil.lib(fcomic24b_ascii.o)
    0x0800d868   0x00000030   Data   RO         8191    .constdata          STemWin526_CM4_OS_Keil.lib(fcomic24b_ascii.o)
    0x0800d898   0x00000030   Data   RO         8192    .constdata          STemWin526_CM4_OS_Keil.lib(fcomic24b_ascii.o)
    0x0800d8c8   0x00000030   Data   RO         8193    .constdata          STemWin526_CM4_OS_Keil.lib(fcomic24b_ascii.o)
    0x0800d8f8   0x00000048   Data   RO         8194    .constdata          STemWin526_CM4_OS_Keil.lib(fcomic24b_ascii.o)
    0x0800d940   0x00000048   Data   RO         8195    .constdata          STemWin526_CM4_OS_Keil.lib(fcomic24b_ascii.o)
    0x0800d988   0x00000048   Data   RO         8196    .constdata          STemWin526_CM4_OS_Keil.lib(fcomic24b_ascii.o)
    0x0800d9d0   0x00000030   Data   RO         8197    .constdata          STemWin526_CM4_OS_Keil.lib(fcomic24b_ascii.o)
    0x0800da00   0x00000048   Data   RO         8198    .constdata          STemWin526_CM4_OS_Keil.lib(fcomic24b_ascii.o)
    0x0800da48   0x00000030   Data   RO         8199    .constdata          STemWin526_CM4_OS_Keil.lib(fcomic24b_ascii.o)
    0x0800da78   0x00000030   Data   RO         8200    .constdata          STemWin526_CM4_OS_Keil.lib(fcomic24b_ascii.o)
    0x0800daa8   0x00000030   Data   RO         8201    .constdata          STemWin526_CM4_OS_Keil.lib(fcomic24b_ascii.o)
    0x0800dad8   0x00000030   Data   RO         8202    .constdata          STemWin526_CM4_OS_Keil.lib(fcomic24b_ascii.o)
    0x0800db08   0x00000030   Data   RO         8203    .constdata          STemWin526_CM4_OS_Keil.lib(fcomic24b_ascii.o)
    0x0800db38   0x00000048   Data   RO         8204    .constdata          STemWin526_CM4_OS_Keil.lib(fcomic24b_ascii.o)
    0x0800db80   0x00000030   Data   RO         8205    .constdata          STemWin526_CM4_OS_Keil.lib(fcomic24b_ascii.o)
    0x0800dbb0   0x00000030   Data   RO         8206    .constdata          STemWin526_CM4_OS_Keil.lib(fcomic24b_ascii.o)
    0x0800dbe0   0x00000030   Data   RO         8207    .constdata          STemWin526_CM4_OS_Keil.lib(fcomic24b_ascii.o)
    0x0800dc10   0x00000018   Data   RO         8208    .constdata          STemWin526_CM4_OS_Keil.lib(fcomic24b_ascii.o)
    0x0800dc28   0x00000030   Data   RO         8209    .constdata          STemWin526_CM4_OS_Keil.lib(fcomic24b_ascii.o)
    0x0800dc58   0x00000018   Data   RO         8210    .constdata          STemWin526_CM4_OS_Keil.lib(fcomic24b_ascii.o)
    0x0800dc70   0x00000030   Data   RO         8211    .constdata          STemWin526_CM4_OS_Keil.lib(fcomic24b_ascii.o)
    0x0800dca0   0x00000030   Data   RO         8212    .constdata          STemWin526_CM4_OS_Keil.lib(fcomic24b_ascii.o)
    0x0800dcd0   0x00000030   Data   RO         8213    .constdata          STemWin526_CM4_OS_Keil.lib(fcomic24b_ascii.o)
    0x0800dd00   0x00000030   Data   RO         8214    .constdata          STemWin526_CM4_OS_Keil.lib(fcomic24b_ascii.o)
    0x0800dd30   0x00000030   Data   RO         8215    .constdata          STemWin526_CM4_OS_Keil.lib(fcomic24b_ascii.o)
    0x0800dd60   0x00000030   Data   RO         8216    .constdata          STemWin526_CM4_OS_Keil.lib(fcomic24b_ascii.o)
    0x0800dd90   0x00000030   Data   RO         8217    .constdata          STemWin526_CM4_OS_Keil.lib(fcomic24b_ascii.o)
    0x0800ddc0   0x00000030   Data   RO         8218    .constdata          STemWin526_CM4_OS_Keil.lib(fcomic24b_ascii.o)
    0x0800ddf0   0x00000030   Data   RO         8219    .constdata          STemWin526_CM4_OS_Keil.lib(fcomic24b_ascii.o)
    0x0800de20   0x00000030   Data   RO         8220    .constdata          STemWin526_CM4_OS_Keil.lib(fcomic24b_ascii.o)
    0x0800de50   0x00000030   Data   RO         8221    .constdata          STemWin526_CM4_OS_Keil.lib(fcomic24b_ascii.o)
    0x0800de80   0x00000018   Data   RO         8222    .constdata          STemWin526_CM4_OS_Keil.lib(fcomic24b_ascii.o)
    0x0800de98   0x00000018   Data   RO         8223    .constdata          STemWin526_CM4_OS_Keil.lib(fcomic24b_ascii.o)
    0x0800deb0   0x00000030   Data   RO         8224    .constdata          STemWin526_CM4_OS_Keil.lib(fcomic24b_ascii.o)
    0x0800dee0   0x00000018   Data   RO         8225    .constdata          STemWin526_CM4_OS_Keil.lib(fcomic24b_ascii.o)
    0x0800def8   0x00000030   Data   RO         8226    .constdata          STemWin526_CM4_OS_Keil.lib(fcomic24b_ascii.o)
    0x0800df28   0x00000030   Data   RO         8227    .constdata          STemWin526_CM4_OS_Keil.lib(fcomic24b_ascii.o)
    0x0800df58   0x00000030   Data   RO         8228    .constdata          STemWin526_CM4_OS_Keil.lib(fcomic24b_ascii.o)
    0x0800df88   0x00000030   Data   RO         8229    .constdata          STemWin526_CM4_OS_Keil.lib(fcomic24b_ascii.o)
    0x0800dfb8   0x00000030   Data   RO         8230    .constdata          STemWin526_CM4_OS_Keil.lib(fcomic24b_ascii.o)
    0x0800dfe8   0x00000030   Data   RO         8231    .constdata          STemWin526_CM4_OS_Keil.lib(fcomic24b_ascii.o)
    0x0800e018   0x00000030   Data   RO         8232    .constdata          STemWin526_CM4_OS_Keil.lib(fcomic24b_ascii.o)
    0x0800e048   0x00000030   Data   RO         8233    .constdata          STemWin526_CM4_OS_Keil.lib(fcomic24b_ascii.o)
    0x0800e078   0x00000030   Data   RO         8234    .constdata          STemWin526_CM4_OS_Keil.lib(fcomic24b_ascii.o)
    0x0800e0a8   0x00000030   Data   RO         8235    .constdata          STemWin526_CM4_OS_Keil.lib(fcomic24b_ascii.o)
    0x0800e0d8   0x00000030   Data   RO         8236    .constdata          STemWin526_CM4_OS_Keil.lib(fcomic24b_ascii.o)
    0x0800e108   0x00000030   Data   RO         8237    .constdata          STemWin526_CM4_OS_Keil.lib(fcomic24b_ascii.o)
    0x0800e138   0x00000030   Data   RO         8238    .constdata          STemWin526_CM4_OS_Keil.lib(fcomic24b_ascii.o)
    0x0800e168   0x00000030   Data   RO         8239    .constdata          STemWin526_CM4_OS_Keil.lib(fcomic24b_ascii.o)
    0x0800e198   0x00000018   Data   RO         8240    .constdata          STemWin526_CM4_OS_Keil.lib(fcomic24b_ascii.o)
    0x0800e1b0   0x00000030   Data   RO         8241    .constdata          STemWin526_CM4_OS_Keil.lib(fcomic24b_ascii.o)
    0x0800e1e0   0x00000018   Data   RO         8242    .constdata          STemWin526_CM4_OS_Keil.lib(fcomic24b_ascii.o)
    0x0800e1f8   0x00000030   Data   RO         8243    .constdata          STemWin526_CM4_OS_Keil.lib(fcomic24b_ascii.o)
    0x0800e228   0x00000030   Data   RO         8244    .constdata          STemWin526_CM4_OS_Keil.lib(fcomic24b_ascii.o)
    0x0800e258   0x00000300   Data   RO         8245    .constdata          STemWin526_CM4_OS_Keil.lib(fcomic24b_ascii.o)
    0x0800e558   0x0000000c   Data   RO         8246    .constdata          STemWin526_CM4_OS_Keil.lib(fcomic24b_ascii.o)
    0x0800e564   0x00000024   Data   RO         8247    .constdata          STemWin526_CM4_OS_Keil.lib(fcomic24b_ascii.o)
    0x0800e588   0x00000010   Data   RO         8296    .constdata          STemWin526_CM4_OS_Keil.lib(gui_uc_encodenone.o)
    0x0800e598   0x0000000c   Data   RO         8322    .constdata          STemWin526_CM4_OS_Keil.lib(lcd.o)
    0x0800e5a4   0x00000518   Data   RO         8357    .constdata          STemWin526_CM4_OS_Keil.lib(f6x8.o)
    0x0800eabc   0x000001c0   Data   RO         8358    .constdata          STemWin526_CM4_OS_Keil.lib(f6x8.o)
    0x0800ec7c   0x00000008   Data   RO         8359    .constdata          STemWin526_CM4_OS_Keil.lib(f6x8.o)
    0x0800ec84   0x00000014   Data   RO         8360    .constdata          STemWin526_CM4_OS_Keil.lib(f6x8.o)
    0x0800ec98   0x00000024   Data   RO         8361    .constdata          STemWin526_CM4_OS_Keil.lib(f6x8.o)
    0x0800ecbc   0x00000074   Data   RO         8380    .constdata          STemWin526_CM4_OS_Keil.lib(guidev_32.o)
    0x0800ed30   0x00000018   Data   RO         8656    .constdata          STemWin526_CM4_OS_Keil.lib(guicc_0.o)
    0x0800ed48   0x00000100   Data   RO         8664    .constdata          STemWin526_CM4_OS_Keil.lib(lcd_mirror.o)
    0x0800ee48   0x0000000c   Data   RO         4476    .conststring        main.o
    0x0800ee54   0x00000020   Data   RO         9657    Region$$Table       anon$$obj.o


    Execution Region RW_IRAM1 (Base: 0x20000000, Size: 0x0002b7b8, Max: 0x00030000, ABSOLUTE, COMPRESSED[0x00000054])

    Base Addr    Size         Type   Attr      Idx    E Section Name        Object

    0x20000000   0x00000004   Data   RW         3217    .data               stm32f4xx_hal.o
    0x20000004   0x00000008   Data   RW         4229    .data               stm32f4xx_hal_msp.o
    0x2000000c   0x0000000c   Data   RW         4477    .data               main.o
    0x20000018   0x00000014   Data   RW         5032    .data               system_stm32f4xx.o
    0x2000002c   0x00000018   Data   RW         5071    .data               heap_4.o
    0x20000044   0x00000038   Data   RW         5161    .data               tasks.o
    0x2000007c   0x0000000c   Data   RW         5531    .data               port.o
    0x20000088   0x00000001   Data   RW         6632    .data               usbd_ctlreq.o
    0x20000089   0x00000003   PAD
    0x2000008c   0x00000008   Data   RW         7167    .data               gui_x_os.o
    0x20000094   0x00000008   Data   RW         7501    .data               lcd.o
    0x2000009c   0x00000008   Data   RW         7701    .data               STemWin526_CM4_OS_Keil.lib(gui_alloc.o)
    0x200000a4   0x0000002c   Data   RW         7748    .data               STemWin526_CM4_OS_Keil.lib(gui_core.o)
    0x200000d0   0x00000004   Data   RW         7751    .data               STemWin526_CM4_OS_Keil.lib(gui_core.o)
    0x200000d4   0x00000004   Data   RW         7752    .data               STemWin526_CM4_OS_Keil.lib(gui_core.o)
    0x200000d8   0x00000002   Data   RW         7754    .data               STemWin526_CM4_OS_Keil.lib(gui_core.o)
    0x200000da   0x00000002   PAD
    0x200000dc   0x00000004   Data   RW         7755    .data               STemWin526_CM4_OS_Keil.lib(gui_core.o)
    0x200000e0   0x00000002   Data   RW         7756    .data               STemWin526_CM4_OS_Keil.lib(gui_core.o)
    0x200000e2   0x00000002   Data   RW         7757    .data               STemWin526_CM4_OS_Keil.lib(gui_core.o)
    0x200000e4   0x00000024   Data   RW         7803    .data               STemWin526_CM4_OS_Keil.lib(gui_multibuf.o)
    0x20000108   0x00000008   Data   RW         7846    .data               STemWin526_CM4_OS_Keil.lib(guicc_m888.o)
    0x20000110   0x0000001c   Data   RW         8283    .data               STemWin526_CM4_OS_Keil.lib(gui_task.o)
    0x2000012c   0x00000004   Data   RW         8323    .data               STemWin526_CM4_OS_Keil.lib(lcd.o)
    0x20000130   0x00000010   Data   RW         8349    .data               STemWin526_CM4_OS_Keil.lib(lcd_color.o)
    0x20000140   0x00000060   Data   RW         8454    .data               STemWin526_CM4_OS_Keil.lib(wm.o)
    0x200001a0   0x00000028   Data   RW         8523    .data               STemWin526_CM4_OS_Keil.lib(gui__alpha.o)
    0x200001c8   0x00000014   Data   RW         8542    .data               STemWin526_CM4_OS_Keil.lib(gui__managecache.o)
    0x200001dc   0x00000004   Data   RW         8567    .data               STemWin526_CM4_OS_Keil.lib(gui_charline.o)
    0x200001e0   0x0000000c   Data   RW         8604    .data               STemWin526_CM4_OS_Keil.lib(gui_onkey.o)
    0x200001ec   0x0000000c   Data   RW         8644    .data               STemWin526_CM4_OS_Keil.lib(gui_waitevent.o)
    0x200001f8   0x00000004   Data   RW         8726    .data               STemWin526_CM4_OS_Keil.lib(wm__sendmessage.o)
    0x200001fc   0x0000031c   Zero   RW         4474    .bss                main.o
    0x20000518   0x000003b4   Zero   RW         4823    .bss                usbd_conf.o
    0x200008cc   0x00004000   Zero   RW         4985    .bss                geotest.o
    0x200048cc   0x00006400   Zero   RW         5070    .bss                heap_4.o
    0x2000accc   0x000000f0   Zero   RW         5160    .bss                tasks.o
    0x2000adbc   0x00020000   Zero   RW         7065    .bss                guiconf.o
    0x2002adbc   0x00000038   Zero   RW         7090    .bss                lcdconf_lin_template.o
    0x2002adf4   0x00000010   Zero   RW         7464    .bss                sdram.o
    0x2002ae04   0x00000068   Zero   RW         7500    .bss                lcd.o
    0x2002ae6c   0x0000035c   Zero   RW         7568    .bss                dac8831.o
    0x2002b1c8   0x000000c8   Zero   RW         7700    .bss                STemWin526_CM4_OS_Keil.lib(gui_alloc.o)
    0x2002b290   0x00000070   Zero   RW         7746    .bss                STemWin526_CM4_OS_Keil.lib(gui_core.o)
    0x2002b300   0x00000018   Zero   RW         8453    .bss                STemWin526_CM4_OS_Keil.lib(wm.o)
    0x2002b318   0x00000058   Zero   RW         8603    .bss                STemWin526_CM4_OS_Keil.lib(gui_onkey.o)
    0x2002b370   0x00000048   Zero   RW         8767    .bss                STemWin526_CM4_OS_Keil.lib(wm_touch.o)
    0x2002b3b8   0x00000400   Zero   RW         5020    STACK               startup_stm32f429xx.o


==============================================================================

Image component sizes


      Code (inc. data)   RO Data    RW Data    ZI Data      Debug   Object Name

       252         42          0          0          0       2908   ad7190.o
        36          6          0          0          0        467   beep.o
       348          8          0          0          0      12029   cmsis_os.o
        62          8          0          0        860       1730   dac8831.o
         0          0          0          0          0      18332   fatfs.o
       168         22          0          0      16384       1110   geotest.o
        72         14          0          8          0       3527   gui_x_os.o
        32         10          0          0     131072       1069   guiconf.o
       412         24          0         24      25600       5443   heap_4.o
        80         12          0          0          0        501   init.o
       208         22          0          8        104       1667   lcd.o
       928         84          0          0         56       6805   lcdconf_lin_template.o
       136          0          0          0          0       3218   list.o
      1276        154         32         12        796      63256   main.o
       638         84          0         12          0       8814   port.o
        64         20          0          0          0       1703   pwr.o
      1388          0          0          0          0      10672   queue.o
       136          8          0          0         16       1615   sdram.o
        16          6          0          0          0       1188   spiflash.o
        36          8        428          0       1024        900   startup_stm32f429xx.o
       136         16          0          4          0       3974   stm32f4xx_hal.o
       706         24          0          0          0       2483   stm32f4xx_hal_adc.o
       194         14          0          0          0      29719   stm32f4xx_hal_cortex.o
        38          0          0          0          0        979   stm32f4xx_hal_crc.o
        90          0          0          0          0       1141   stm32f4xx_hal_dma2d.o
       480         52          0          0          0       2831   stm32f4xx_hal_gpio.o
       256         10          0          0          0       1859   stm32f4xx_hal_i2c.o
      1428         10          0          0          0       9567   stm32f4xx_hal_ltdc.o
      1022        182          0          8          0       6583   stm32f4xx_hal_msp.o
      1622          0          0          0          0       6871   stm32f4xx_hal_pcd.o
      1560         62         16          0          0       5240   stm32f4xx_hal_rcc.o
       700         36          0          0          0       1512   stm32f4xx_hal_rcc_ex.o
       148          0          0          0          0       2412   stm32f4xx_hal_sdram.o
      1760          0          0          0          0       5186   stm32f4xx_hal_spi.o
      1354         96          0          0          0     454589   stm32f4xx_hal_tim.o
        84          0          0          0          0       2274   stm32f4xx_hal_tim_ex.o
        50         18          0          0          0       1782   stm32f4xx_it.o
       286          0          0          0          0       3144   stm32f4xx_ll_fmc.o
      1588         20          0          0          0      12024   stm32f4xx_ll_usb.o
        84         18          0         20          0       1273   system_stm32f4xx.o
      1840        152          0         56        240      17860   tasks.o
       302          4          0          0        948       9591   usbd_conf.o
       558          0          0          0          0       9004   usbd_core.o
       916         30          0          1          0       5903   usbd_ctlreq.o
       102          0          0          0          0       3416   usbd_ioreq.o

    ----------------------------------------------------------------------
     23632       1276        508        156     177100     748171   Object Totals
         0          0         32          0          0          0   (incl. Generated)
        40          0          0          3          0          0   (incl. Padding)

    ----------------------------------------------------------------------

      Code (inc. data)   RO Data    RW Data    ZI Data      Debug   Library Member Name

         0          0       7240          0          0          0   f32_ascii.o
         0          0       1816          0          0          0   f6x8.o
         0          0       5376          0          0          0   fcomic24b_ascii.o
       862         38          0         40          0        800   gui__alpha.o
       356          0          0          0          0        132   gui__compactpixelindices.o
       322          0          0          0          0        156   gui__expandpixelindices.o
        58          0          0          0          0        116   gui__intersectrect.o
        82          0          0          0          0        128   gui__intersectrects.o
       216          8          0         20          0        252   gui__managecache.o
        76          0          0          0          0        124   gui__memset.o
      1678         92          0          8        200       2512   gui_alloc.o
        46          0          0          0          0        128   gui_alloc_alloczero.o
        60          0          0          0          0        124   gui_calccolordist.o
       164         20          0          0          0        500   gui_char.o
       458         36          0          4          0        760   gui_charline.o
       394         12          0          0          0        492   gui_charm.o
       316         10          0          0          0        624   gui_charp.o
       476         78          8         62        112       1004   gui_core.o
       434         34          8          0          0       1108   gui_device.o
       264          4          0          0          0        136   gui_dispstring.o
        40          6          0          0          0        136   gui_dispstringat.o
        48          0          0          0          0        248   gui_getcolor.o
        66         12          0          0          0        360   gui_goto.o
        88          0          0          0          0        124   gui_mergerect.o
        30          0          0          0          0        116   gui_moverect.o
        88         18          0         36          0        348   gui_multibuf.o
        16          4          0         12         88        116   gui_onkey.o
        56          0          0          0          0        116   gui_rectsintersect.o
        86         10          0          0          0        264   gui_selectlayer.o
        26          0          0          0          0        128   gui_selectlcd.o
        44          0          0          0          0        256   gui_setcolor.o
        32          6          0          0          0        128   gui_setfont.o
        64         16          0          0          0        136   gui_setorg.o
       324         32          0         28          0        632   gui_task.o
        84         10          0          0          0        264   gui_uc.o
        18          0         16          0          0        464   gui_uc_encodenone.o
        16          4          0         12          0        116   gui_waitevent.o
       198          0         24          0          0        388   guicc_0.o
         2          0          0          0          0        116   guicc_8888_index2color.o
         2          0          0          0          0        116   guicc_888_index2color.o
       130         12         24          8          0        520   guicc_m888.o
        20          0          0          0          0        116   guicc_m888_index2color.o
        72          6          0          0          0        128   guidev.o
      2356         62        116          0          0       2256   guidev_32.o
        34          0          0          0          0        128   guidev_getdataptr.o
        84          0          0          0          0        260   guidev_usage.o
       400         14          0          0          0        144   guidev_writetoactivealpha.o
      3566        170         52          0          0       4492   guidrv_lin_os_24.o
      1210         98         12          4          0       2016   lcd.o
       260         26          0         16          0        628   lcd_color.o
        32         12          0          0          0        232   lcd_getcolorindex.o
       204         24          0          0          0       1664   lcd_getex.o
        26          0          0          0          0        128   lcd_getnumdisplays.o
         0          0        256          0          0          0   lcd_mirror.o
       504         18          0          0          0        280   lcd_readrect.o
        64         10          0          0          0        128   lcd_selectlcd.o
       260          0          0          0          0        788   lcd_set.o
        48         10          0          0          0        128   lcd_setcliprectex.o
        36          4          0          0          0        128   lcd_updatecolorindices.o
      2992        132          0         96         24       4096   wm.o
        18          0          0          0          0        124   wm__getfirstsibling.o
        36          0          0          0          0        128   wm__getprevsibling.o
        60          6          0          4          0        136   wm__sendmessage.o
       136          0          0          0          0        140   wm_bringtobottom.o
        16          6          0          0          0        116   wm_criticalhandle.o
        32          0          0          0          0        128   wm_getclientrect.o
        24         10          0          0          0        116   wm_getdesktopwindow.o
        26          0          0          0          0        124   wm_getfirstchild.o
        26          0          0          0          0        124   wm_getparent.o
        38          0          0          0          0        140   wm_sendtoparent.o
         0          0          0          0         72          0   wm_touch.o
        86          0          0          0          0          0   __dczerorl2.o
         0          0          0          0          0          0   entry.o
         0          0          0          0          0          0   entry10a.o
         0          0          0          0          0          0   entry11a.o
         8          4          0          0          0          0   entry2.o
         4          0          0          0          0          0   entry5.o
         0          0          0          0          0          0   entry7b.o
         0          0          0          0          0          0   entry8b.o
         8          4          0          0          0          0   entry9a.o
        30          0          0          0          0          0   handlers.o
        36          8          0          0          0         68   init.o
        30          0          0          0          0         68   llshl.o
        32          0          0          0          0         68   llushr.o
        64          0          0          0          0         76   memmovea.o
        36          0          0          0          0        108   memseta.o
      1172         50          0          0          0        420   printf8.o
        98          0          0          0          0         92   uldiv.o

    ----------------------------------------------------------------------
     21956       1136      14948        352        496      34104   Library Totals
        52          0          0          2          0          0   (incl. Padding)

    ----------------------------------------------------------------------

      Code (inc. data)   RO Data    RW Data    ZI Data      Debug   Library Name

     20300       1070      14948        350        496      33204   STemWin526_CM4_OS_Keil.lib
      1604         66          0          0          0        900   mc_w.l

    ----------------------------------------------------------------------
     21956       1136      14948        352        496      34104   Library Totals

    ----------------------------------------------------------------------

==============================================================================


      Code (inc. data)   RO Data    RW Data    ZI Data      Debug   

     45588       2412      15456        508     177596     730743   Grand Totals
     45588       2412      15456         84     177596     730743   ELF Image Totals (compressed)
     45588       2412      15456         84          0          0   ROM Totals

==============================================================================

    Total RO  Size (Code + RO Data)                61044 (  59.61kB)
    Total RW  Size (RW Data + ZI Data)            178104 ( 173.93kB)
    Total ROM Size (Code + RO Data + RW Data)      61128 (  59.70kB)

==============================================================================

