<html>
<body>
<pre>
<h1>µVision Build Log</h1>
<h2>Tool Versions:</h2>
IDE-Version: ¦ÌVision V5.13.0.0
Copyright (C) 2014 ARM Ltd and ARM Germany GmbH. All rights reserved.
License Information: pepe Microsoft, Microsoft, LIC=HF8WF-6NZII-VIV5N-YKCDS-9UMXV-W541D
 
Tool Versions:
Toolchain:       MDK-ARM Professional  Version: 5.13.0.0
Toolchain Path:  C:\Keil_v5\ARM\ARMCC\Bin
C Compiler:      Armcc.exe V5.05 update 1 (build 106)
Assembler:       Armasm.exe V5.05 update 1 (build 106)
Linker/Locator:  ArmLink.exe V5.05 update 1 (build 106)
Library Manager: ArmAr.exe V5.05 update 1 (build 106)
Hex Converter:   FromElf.exe V5.05 update 1 (build 106)
CPU DLL:         SARMCM3.DLL V5.13.0.0
Dialog DLL:      DCM.DLL V1.13.1.0
Target DLL:      STLink\ST-LINKIII-KEIL_SWO.dll V2.0.14.0_KEIL
Dialog DLL:      TCM.DLL V1.14.4.0
 
<h2>Project:</h2>
Z:\GitHub\dt900\MDK-ARM\dt900.uvproj
Project File Date:  07/08/2015

<h2>Output:</h2>
Build target 'dt900 Configuration'
compiling pSubSettings.c...
..\Src\UI\ui.h(55): warning:  #1295-D: Deprecated declaration UI_Init - give arg types
  void UI_Init();
..\Src\UI\ui.h(57): warning:  #1295-D: Deprecated declaration UIKeyboard - give arg types
  void UIKeyboard();
..\Src\UI\ui.h(58): warning:  #1295-D: Deprecated declaration UITouch - give arg types
  void UITouch();
..\Src\UI\ui.h(59): warning:  #1295-D: Deprecated declaration UIEventManager - give arg types
  void UIEventManager();
..\Inc\geotest.h(13): warning:  #1295-D: Deprecated declaration step0 - give arg types
  void step0();
..\Inc\geotest.h(14): warning:  #1295-D: Deprecated declaration step1 - give arg types
  void step1();
..\Inc\geotest.h(15): warning:  #1295-D: Deprecated declaration step2 - give arg types
  void step2();
..\Inc\geotest.h(16): warning:  #1295-D: Deprecated declaration step3 - give arg types
  void step3();
..\Inc\geotest.h(17): warning:  #1295-D: Deprecated declaration geotest - give arg types
  void geotest();
..\Src\UI\pSubSettings.c(23): warning:  #223-D: function "strcpy" declared implicitly
                        strcpy(widget->widgetPtr,geoparam[pSettings.widgetSelected].type);
..\Src\UI\pSubSettings.c: 10 warnings, 0 errors
linking...
Program Size: Code=63292 RO-data=83616 RW-data=2208 ZI-data=180320  
FromELF: creating hex file...
"dt900 Configuration\dt900 Configuration.axf" - 0 Error(s), 10 Warning(s).
</pre>
</body>
</html>
